09-06 15:02:18.428  1863  3368 E qxsdk   : nmea:$BDGSV,4,1,15,201,,,31,202,,,,203,,,31,204,,,32*6C
09-06 15:02:18.428  1863  3368 E qxsdk   : nmea:$BDGSV,4,2,15,205,,,31,206,,,30,208,,,29,209,,,28*68
09-06 15:02:18.428  1863  3368 E qxsdk   : nmea:$BDGSV,4,3,15,210,,,,213,,,31,216,,,30,219,,,32*67
09-06 15:02:18.428  1863  3368 E qxsdk   : nmea:$BDGSV,4,4,15,220,,,33,229,,,33,230,,,34*53
09-06 15:02:18.428  1863  3368 E qxsdk   : nmea:$GPVTG,,T,,M,,N,,K,N*2C
09-06 15:02:18.429  1863  3367 E qxsdk   : cb_status_response status:3002 
09-06 15:02:18.429  1863  3367 E qxsdk   : posflag:8 
09-06 15:02:19.422  1863  3368 E qxsdk   : nmea:$GPRMC,070220.00,A,2233.473021,N,11353.482796,E,0.1,44.1,060919,,,A*6E
09-06 15:02:19.422  1863  3368 E qxsdk   : nmea:$ACCUR,1,12,0,20190906,070220.00,,,,,,,,,,*44
09-06 15:02:19.422  1863  3368 E qxsdk   : nmea:$GPGGA,070220.00,2233.473021,N,11353.482796,E,1,16,0.0,22.034,M,0.000,M,,*6B
09-06 15:02:19.422  1863  3368 E qxsdk   : nmea:$GPGLL,,,,,,V,N*64
09-06 15:02:19.422  1863  3368 E qxsdk   : nmea:$GPGSA,A,1,,,,,,,,,,,,,,,*1E
09-06 15:02:19.422  1863  3368 E qxsdk   : nmea:$GPGSV,2,1,7,2,,,39,5,,,41,6,,,25,13,,,40*72
09-06 15:02:19.422  1863  3368 E qxsdk   : nmea:$GPGSV,2,2,7,15,,,40,29,,,42,30,,,39*4A
09-06 15:02:19.422  1863  3368 E qxsdk   : nmea:$BDGSV,4,1,15,201,,,,202,,,31,203,,,,204,,,*6F
09-06 15:02:19.422  1863  3368 E qxsdk   : nmea:$BDGSV,4,2,15,205,,,31,206,,,31,208,,,29,209,,,28*69
09-06 15:02:19.422  1863  3368 E qxsdk   : nmea:$BDGSV,4,3,15,210,,,,213,,,29,216,,,31,219,,,32*6F
09-06 15:02:19.422  1863  3368 E qxsdk   : nmea:$BDGSV,4,4,15,220,,,33,229,,,33,230,,,30*57
09-06 15:02:19.422  1863  3368 E qxsdk   : nmea:$GPVTG,,T,,M,,N,,K,N*2C
09-06 15:02:19.422  1863  3367 E qxsdk   : cb_status_response status:3002 
09-06 15:02:19.423  1863  3367 E qxsdk   : posflag:8 
09-06 15:02:20.428  1863  3368 E qxsdk   : nmea:$GPRMC,070221.00,A,2233.473038,N,11353.482779,E,0.0,50.3,060919,,,A*60
09-06 15:02:20.428  1863  3368 E qxsdk   : nmea:$ACCUR,1,12,0,20190906,070221.00,,,,,,,,,,*45
09-06 15:02:20.428  1863  3368 E qxsdk   : nmea:$GPGGA,070221.00,2233.473038,N,11353.482779,E,1,16,0.0,22.010,M,0.000,M,,*65
09-06 15:02:20.428  1863  3368 E qxsdk   : nmea:$GPGLL,,,,,,V,N*64
09-06 15:02:20.428  1863  3368 E qxsdk   : nmea:$GPGSA,A,1,,,,,,,,,,,,,,,*1E
09-06 15:02:20.428  1863  3368 E qxsdk   : nmea:$GPGSV,2,1,7,2,,,43,5,,,46,6,,,26,13,,,44*7F
09-06 15:02:20.428  1863  3368 E qxsdk   : nmea:$GPGSV,2,2,7,15,,,45,29,,,47,30,,,43*47
09-06 15:02:20.428  1863  3368 E qxsdk   : nmea:$BDGSV,4,1,15,201,,,30,202,,,,203,,,31,204,,,32*6D
09-06 15:02:20.428  1863  3368 E qxsdk   : nmea:$BDGSV,4,2,15,205,,,30,206,,,31,208,,,29,209,,,29*69
09-06 15:02:20.428  1863  3368 E qxsdk   : nmea:$BDGSV,4,3,15,210,,,,213,,,30,216,,,26,219,,,33*60
09-06 15:02:20.428  1863  3368 E qxsdk   : nmea:$BDGSV,4,4,15,220,,,33,229,,,36,230,,,31*53
09-06 15:02:20.428  1863  3368 E qxsdk   : nmea:$GPVTG,,T,,M,,N,,K,N*2C
09-06 15:02:20.428  1863  3367 E qxsdk   : cb_status_response status:3002 
09-06 15:02:20.428  1863  3367 E qxsdk   : posflag:8 
09-06 15:02:21.376  1863  3368 E qxsdk   : nmea:$GPGLL,,,,,,V,N*64
09-06 15:02:21.376  1863  3368 E qxsdk   : nmea:$GPGSA,A,1,,,,,,,,,,,,,,,*1E
09-06 15:02:21.376  1863  3368 E qxsdk   : nmea:$GPGSV,2,1,7,2,,,46,5,,,47,6,,,27,13,,,46*78
09-06 15:02:21.376  1863  3368 E qxsdk   : nmea:$GPGSV,2,2,7,15,,,45,29,,,47,30,,,45*41
09-06 15:02:21.376  1863  3368 E qxsdk   : nmea:$BDGSV,4,1,15,201,,,,202,,,28,203,,,,204,,,*67
09-06 15:02:21.376  1863  3368 E qxsdk   : nmea:$BDGSV,4,2,15,205,,,29,206,,,34,208,,,34,209,,,30*60
09-06 15:02:21.376  1863  3368 E qxsdk   : nmea:$BDGSV,4,3,15,210,,,,213,,,34,216,,,35,219,,,35*60
09-06 15:02:21.376  1863  3368 E qxsdk   : nmea:$BDGSV,4,4,15,220,,,36,229,,,38,230,,,35*5C
09-06 15:02:21.376  1863  3368 E qxsdk   : nmea:$GPVTG,,T,,M,,N,,K,N*2C
09-06 15:02:21.423  1863  3367 E qxsdk   : cb_status_response status:3002 
09-06 15:02:21.423  1863  3367 E qxsdk   : posflag:8 
09-06 15:02:21.423  1863  3368 E qxsdk   : nmea:$GPRMC,070222.00,A,2233.473083,N,11353.482753,E,0.0,265.2,060919,,,A*5E
09-06 15:02:21.423  1863  3368 E qxsdk   : nmea:$ACCUR,1,12,0,20190906,070222.00,,,,,,,,,,*46
09-06 15:02:21.423  1863  3368 E qxsdk   : nmea:$GPGGA,070222.00,2233.473083,N,11353.482753,E,1,16,0.0,22.071,M,0.000,M,,*69
09-06 15:02:22.428  1863  3368 E qxsdk   : nmea:$GPRMC,070223.00,A,2233.473111,N,11353.482732,E,0.0,231.7,060919,,,A*56
09-06 15:02:22.428  1863  3368 E qxsdk   : nmea:$ACCUR,1,12,0,20190906,070223.00,,,,,,,,,,*47
09-06 15:02:22.428  1863  3368 E qxsdk   : nmea:$GPGGA,070223.00,2233.473111,N,11353.482732,E,1,16,0.0,22.075,M,0.000,M,,*61
09-06 15:02:22.428  1863  3368 E qxsdk   : nmea:$GPGLL,,,,,,V,N*64
09-06 15:02:22.428  1863  3368 E qxsdk   : nmea:$GPGSA,A,1,,,,,,,,,,,,,,,*1E
09-06 15:02:22.428  1863  3368 E qxsdk   : nmea:$GPGSV,2,1,7,2,,,46,5,,,49,6,,,31,13,,,47*70
09-06 15:02:22.428  1863  3368 E qxsdk   : nmea:$GPGSV,2,2,7,15,,,46,29,,,48,30,,,46*4E
09-06 15:02:22.428  1863  3368 E qxsdk   : nmea:$BDGSV,4,1,15,201,,,32,202,,,,203,,,33,204,,,33*6C
09-06 15:02:22.428  1863  3368 E qxsdk   : nmea:$BDGSV,4,2,15,205,,,29,206,,,34,208,,,31,209,,,33*66
09-06 15:02:22.428  1863  3368 E qxsdk   : nmea:$BDGSV,4,3,15,210,,,,213,,,33,216,,,34,219,,,34*67
09-06 15:02:22.428  1863  3368 E qxsdk   : nmea:$BDGSV,4,4,15,220,,,36,229,,,39,230,,,34*5C
09-06 15:02:22.428  1863  3368 E qxsdk   : nmea:$GPVTG,,T,,M,,N,,K,N*2C
09-06 15:02:22.428  1863  3367 E qxsdk   : cb_status_response status:3002 
09-06 15:02:22.428  1863  3367 E qxsdk   : posflag:8 
09-06 15:02:23.428  1863  3368 E qxsdk   : nmea:$GPRMC,070224.00,A,2233.473099,N,11353.482632,E,0.0,0.0,060919,,,A*56
09-06 15:02:23.428  1863  3368 E qxsdk   : nmea:$ACCUR,1,12,0,20190906,070224.00,,,,,,,,,,*40
09-06 15:02:23.428  1863  3368 E qxsdk   : nmea:$GPGGA,070224.00,2233.473099,N,11353.482632,E,1,16,0.0,21.842,M,0.000,M,,*69
09-06 15:02:23.428  1863  3368 E qxsdk   : nmea:$GPGLL,,,,,,V,N*64
09-06 15:02:23.428  1863  3368 E qxsdk   : nmea:$GPGSA,A,1,,,,,,,,,,,,,,,*1E
09-06 15:02:23.428  1863  3368 E qxsdk   : nmea:$GPGSV,2,1,7,2,,,45,5,,,47,6,,,30,13,,,46*7D
09-06 15:02:23.428  1863  3368 E qxsdk   : nmea:$GPGSV,2,2,7,15,,,45,29,,,47,30,,,45*41
09-06 15:02:23.428  1863  3368 E qxsdk   : nmea:$BDGSV,4,1,15,201,,,34,202,,,33,203,,,,204,,,36*6F
09-06 15:02:23.428  1863  3367 E qxsdk   : cb_status_response status:3002 
09-06 15:02:23.428  1863  3367 E qxsdk   : posflag:8 
09-06 15:02:23.429  1863  3368 E qxsdk   : nmea:$BDGSV,4,2,15,205,,,27,206,,,35,208,,,33,209,,,34*6C
09-06 15:02:23.429  1863  3368 E qxsdk   : nmea:$BDGSV,4,3,15,210,,,,213,,,36,216,,,35,219,,,38*6F
09-06 15:02:23.429  1863  3368 E qxsdk   : nmea:$BDGSV,4,4,15,220,,,38,229,,,40,230,,,36*5E
09-06 15:02:23.429  1863  3368 E qxsdk   : nmea:$GPVTG,,T,,M,,N,,K,N*2C
09-06 15:02:24.428  1863  3368 E qxsdk   : nmea:$GPRMC,070225.00,A,2233.473090,N,11353.482557,E,0.1,284.1,060919,,,A*50
09-06 15:02:24.428  1863  3368 E qxsdk   : nmea:$ACCUR,1,12,0,20190906,070225.00,,,,,,,,,,*41
09-06 15:02:24.428  1863  3368 E qxsdk   : nmea:$GPGGA,070225.00,2233.473090,N,11353.482557,E,1,16,0.0,21.831,M,0.000,M,,*65
09-06 15:02:24.428  1863  3368 E qxsdk   : nmea:$GPGLL,,,,,,V,N*64
09-06 15:02:24.428  1863  3368 E qxsdk   : nmea:$GPGSA,A,1,,,,,,,,,,,,,,,*1E
09-06 15:02:24.428  1863  3368 E qxsdk   : nmea:$GPGSV,2,1,7,2,,,44,5,,,46,6,,,30,13,,,45*7E
09-06 15:02:24.428  1863  3368 E qxsdk   : nmea:$GPGSV,2,2,7,15,,,44,29,,,46,30,,,43*47
09-06 15:02:24.428  1863  3368 E qxsdk   : nmea:$BDGSV,4,1,15,201,,,34,202,,,29,203,,,36,204,,,*64
09-06 15:02:24.428  1863  3368 E qxsdk   : nmea:$BDGSV,4,2,15,205,,,28,206,,,35,208,,,35,209,,,35*64
09-06 15:02:24.428  1863  3368 E qxsdk   : nmea:$BDGSV,4,3,15,210,,,,213,,,36,216,,,36,219,,,37*63
09-06 15:02:24.428  1863  3368 E qxsdk   : nmea:$BDGSV,4,4,15,220,,,39,229,,,40,230,,,38*51
09-06 15:02:24.428  1863  3368 E qxsdk   : nmea:$GPVTG,,T,,M,,N,,K,N*2C
09-06 15:02:24.428  1863  3367 E qxsdk   : cb_status_response status:3002 
09-06 15:02:24.428  1863  3367 E qxsdk   : posflag:8 
09-06 15:02:25.425  1863  3368 E qxsdk   : nmea:$GPRMC,070226.00,A,2233.473065,N,11353.482519,E,0.0,222.1,060919,,,A*5E
09-06 15:02:25.425  1863  3368 E qxsdk   : nmea:$ACCUR,1,12,0,20190906,070226.00,,,,,,,,,,*42
09-06 15:02:25.425  1863  3368 E qxsdk   : nmea:$GPGGA,070226.00,2233.473065,N,11353.482519,E,1,16,0.0,21.864,M,0.000,M,,*66
09-06 15:02:25.425  1863  3368 E qxsdk   : nmea:$GPGLL,,,,,,V,N*64
09-06 15:02:25.425  1863  3368 E qxsdk   : nmea:$GPGSA,A,1,,,,,,,,,,,,,,,*1E
09-06 15:02:25.425  1863  3368 E qxsdk   : nmea:$GPGSV,2,1,7,2,,,42,5,,,44,6,,,29,13,,,43*74
09-06 15:02:25.425  1863  3368 E qxsdk   : nmea:$GPGSV,2,2,7,15,,,43,29,,,44,30,,,41*40
09-06 15:02:25.425  1863  3368 E qxsdk   : nmea:$BDGSV,4,1,15,201,,,31,202,,,,203,,,33,204,,,31*6D
09-06 15:02:25.425  1863  3368 E qxsdk   : nmea:$BDGSV,4,2,15,205,,,,206,,,32,208,,,32,209,,,32*69
09-06 15:02:25.425  1863  3368 E qxsdk   : nmea:$BDGSV,4,3,15,210,,,,213,,,32,216,,,33,219,,,34*61
09-06 15:02:25.425  1863  3368 E qxsdk   : nmea:$BDGSV,4,4,15,220,,,33,229,,,37,230,,,35*56
09-06 15:02:25.425  1863  3368 E qxsdk   : nmea:$GPVTG,,T,,M,,N,,K,N*2C
09-06 15:02:25.425  1863  3367 E qxsdk   : cb_status_response status:3002 
09-06 15:02:25.425  1863  3367 E qxsdk   : posflag:8 
09-06 15:02:26.425  1863  3368 E qxsdk   : nmea:$GPRMC,070227.00,A,2233.473116,N,11353.482400,E,0.3,327.6,060919,,,A*53
09-06 15:02:26.425  1863  3368 E qxsdk   : nmea:$ACCUR,1,12,0,20190906,070227.00,,,,,,,,,,*43
09-06 15:02:26.425  1863  3368 E qxsdk   : nmea:$GPGGA,070227.00,2233.473116,N,11353.482400,E,1,16,0.0,22.185,M,0.000,M,,*6E
09-06 15:02:26.425  1863  3368 E qxsdk   : nmea:$GPGLL,,,,,,V,N*64
09-06 15:02:26.425  1863  3368 E qxsdk   : nmea:$GPGSA,A,1,,,,,,,,,,,,,,,*1E
09-06 15:02:26.425  1863  3368 E qxsdk   : nmea:$GPGSV,2,1,7,2,,,46,5,,,48,6,,,29,13,,,45*7A
09-06 15:02:26.425  1863  3368 E qxsdk   : nmea:$GPGSV,2,2,7,15,,,46,29,,,48,30,,,44*4C
09-06 15:02:26.425  1863  3368 E qxsdk   : nmea:$BDGSV,4,1,15,201,,,30,202,,,,203,,,34,204,,,34*6E
09-06 15:02:26.425  1863  3368 E qxsdk   : nmea:$BDGSV,4,2,15,205,,,,206,,,34,208,,,33,209,,,31*6D
09-06 15:02:26.425  1863  3368 E qxsdk   : nmea:$BDGSV,4,3,15,210,,,,213,,,34,216,,,35,219,,,37*62
09-06 15:02:26.425  1863  3368 E qxsdk   : nmea:$BDGSV,4,4,15,220,,,36,229,,,39,230,,,35*5D
09-06 15:02:26.425  1863  3368 E qxsdk   : nmea:$GPVTG,,T,,M,,N,,K,N*2C
09-06 15:02:26.425  1863  3367 E qxsdk   : cb_status_response status:3002 
09-06 15:02:26.425  1863  3367 E qxsdk   : posflag:8 
09-06 15:02:27.428  1863  3368 E qxsdk   : nmea:$GPRMC,070228.00,A,2233.473096,N,11353.482408,E,0.1,91.1,060919,,,A*66
09-06 15:02:27.428  1863  3368 E qxsdk   : nmea:$ACCUR,1,12,0,20190906,070228.00,,,,,,,,,,*4C
09-06 15:02:27.428  1863  3368 E qxsdk   : nmea:$GPGGA,070228.00,2233.473096,N,11353.482408,E,1,16,0.0,22.377,M,0.000,M,,*6F
09-06 15:02:27.428  1863  3368 E qxsdk   : nmea:$GPGLL,,,,,,V,N*64
09-06 15:02:27.428  1863  3368 E qxsdk   : nmea:$GPGSA,A,1,,,,,,,,,,,,,,,*1E
09-06 15:02:27.428  1863  3368 E qxsdk   : nmea:$GPGSV,2,1,7,2,,,37,5,,,38,6,,,28,13,,,36*7E
09-06 15:02:27.428  1863  3368 E qxsdk   : nmea:$GPGSV,2,2,7,15,,,36,29,,,39,30,,,36*48
09-06 15:02:27.428  1863  3368 E qxsdk   : nmea:$BDGSV,4,1,15,201,,,29,202,,,29,203,,,29,204,,,30*65
09-06 15:02:27.428  1863  3368 E qxsdk   : nmea:$BDGSV,4,2,15,205,,,,206,,,29,208,,,29,209,,,30*6B
09-06 15:02:27.428  1863  3368 E qxsdk   : nmea:$BDGSV,4,3,15,210,,,,213,,,30,216,,,30,219,,,30*64
09-06 15:02:27.428  1863  3368 E qxsdk   : nmea:$BDGSV,4,4,15,220,,,31,229,,,33,230,,,32*57
09-06 15:02:27.428  1863  3368 E qxsdk   : nmea:$GPVTG,,T,,M,,N,,K,N*2C
09-06 15:02:27.428  1863  3367 E qxsdk   : cb_status_response status:3002 
09-06 15:02:27.428  1863  3367 E qxsdk   : posflag:8 
09-06 15:02:28.428  1863  3368 E qxsdk   : nmea:$GPRMC,070229.00,A,2233.473149,N,11353.482293,E,0.1,236.6,060919,,,A*58
09-06 15:02:28.428  1863  3368 E qxsdk   : nmea:$ACCUR,1,12,0,20190906,070229.00,,,,,,,,,,*4D
09-06 15:02:28.428  1863  3368 E qxsdk   : nmea:$GPGGA,070229.00,2233.473149,N,11353.482293,E,1,16,0.0,22.820,M,0.000,M,,*60
09-06 15:02:28.428  1863  3368 E qxsdk   : nmea:$GPGLL,,,,,,V,N*64
09-06 15:02:28.428  1863  3368 E qxsdk   : nmea:$GPGSA,A,1,,,,,,,,,,,,,,,*1E
09-06 15:02:28.428  1863  3368 E qxsdk   : nmea:$GPGSV,2,1,7,2,,,45,5,,,48,6,,,28,13,,,45*78
09-06 15:02:28.428  1863  3368 E qxsdk   : nmea:$GPGSV,2,2,7,15,,,45,29,,,48,30,,,44*4F
09-06 15:02:28.428  1863  3368 E qxsdk   : nmea:$BDGSV,4,1,15,201,,,36,202,,,34,203,,,39,204,,,39*6F
09-06 15:02:28.428  1863  3368 E qxsdk   : nmea:$BDGSV,4,2,15,205,,,,206,,,38,208,,,38,209,,,37*6C
09-06 15:02:28.428  1863  3368 E qxsdk   : nmea:$BDGSV,4,3,15,210,,,,213,,,39,216,,,39,219,,,40*63
09-06 15:02:28.428  1863  3368 E qxsdk   : nmea:$BDGSV,4,4,15,220,,,41,229,,,44,230,,,40*55
09-06 15:02:28.428  1863  3368 E qxsdk   : nmea:$GPVTG,,T,,M,,N,,K,N*2C
09-06 15:02:28.428  1863  3367 E qxsdk   : cb_status_response status:3002 
09-06 15:02:28.428  1863  3367 E qxsdk   : posflag:8 
09-06 15:02:29.428  1863  3368 E qxsdk   : nmea:$GPRMC,070230.00,A,2233.473191,N,11353.482260,E,0.0,312.7,060919,,,A*5E
09-06 15:02:29.428  1863  3368 E qxsdk   : nmea:$ACCUR,1,12,0,20190906,070230.00,,,,,,,,,,*45
09-06 15:02:29.428  1863  3368 E qxsdk   : nmea:$GPGGA,070230.00,2233.473191,N,11353.482260,E,1,16,0.0,23.180,M,0.000,M,,*63
09-06 15:02:29.428  1863  3368 E qxsdk   : nmea:$GPGLL,,,,,,V,N*64
09-06 15:02:29.428  1863  3368 E qxsdk   : nmea:$GPGSA,A,1,,,,,,,,,,,,,,,*1E
09-06 15:02:29.428  1863  3368 E qxsdk   : nmea:$GPGSV,2,1,7,2,,,43,5,,,46,6,,,29,13,,,43*77
09-06 15:02:29.428  1863  3368 E qxsdk   : nmea:$GPGSV,2,2,7,15,,,43,29,,,46,30,,,42*41
09-06 15:02:29.428  1863  3368 E qxsdk   : nmea:$BDGSV,4,1,15,201,,,36,202,,,33,203,,,36,204,,,38*66
09-06 15:02:29.428  1863  3368 E qxsdk   : nmea:$BDGSV,4,2,15,205,,,,206,,,37,208,,,37,209,,,35*6E
09-06 15:02:29.428  1863  3368 E qxsdk   : nmea:$BDGSV,4,3,15,210,,,,213,,,36,216,,,38,219,,,38*62
09-06 15:02:29.428  1863  3368 E qxsdk   : nmea:$BDGSV,4,4,15,220,,,40,229,,,42,230,,,39*5C
09-06 15:02:29.428  1863  3368 E qxsdk   : nmea:$GPVTG,,T,,M,,N,,K,N*2C
09-06 15:02:29.428  1863  3367 E qxsdk   : cb_status_response status:3002 
09-06 15:02:29.428  1863  3367 E qxsdk   : posflag:8 
09-06 15:02:30.428  1863  3368 E qxsdk   : nmea:$GPRMC,070231.00,A,2233.473176,N,11353.482247,E,0.0,50.0,060919,,,A*61
09-06 15:02:30.428  1863  3368 E qxsdk   : nmea:$ACCUR,1,12,0,20190906,070231.00,,,,,,,,,,*44
09-06 15:02:30.428  1863  3368 E qxsdk   : nmea:$GPGGA,070231.00,2233.473176,N,11353.482247,E,1,16,0.0,23.194,M,0.000,M,,*6B
09-06 15:02:30.428  1863  3368 E qxsdk   : nmea:$GPGLL,,,,,,V,N*64
09-06 15:02:30.428  1863  3368 E qxsdk   : nmea:$GPGSA,A,1,,,,,,,,,,,,,,,*1E
09-06 15:02:30.428  1863  3368 E qxsdk   : nmea:$GPGSV,2,1,7,2,,,40,5,,,42,6,,,28,13,,,40*72
09-06 15:02:30.428  1863  3368 E qxsdk   : nmea:$GPGSV,2,2,7,15,,,40,29,,,41,30,,,40*47
09-06 15:02:30.428  1863  3368 E qxsdk   : nmea:$BDGSV,4,1,15,201,,,28,202,,,28,203,,,29,204,,,31*64
09-06 15:02:30.428  1863  3368 E qxsdk   : nmea:$BDGSV,4,2,15,205,,,,206,,,30,208,,,30,209,,,31*6A
09-06 15:02:30.428  1863  3368 E qxsdk   : nmea:$BDGSV,4,3,15,210,,,,213,,,29,216,,,32,219,,,33*6D
09-06 15:02:30.428  1863  3368 E qxsdk   : nmea:$BDGSV,4,4,15,220,,,32,229,,,35,230,,,33*53
09-06 15:02:30.428  1863  3368 E qxsdk   : nmea:$GPVTG,,T,,M,,N,,K,N*2C
09-06 15:02:30.428  1863  3367 E qxsdk   : cb_status_response status:3002 
09-06 15:02:30.428  1863  3367 E qxsdk   : posflag:8 
09-06 15:02:31.428  1863  3368 E qxsdk   : nmea:$GPRMC,070232.00,A,2233.473184,N,11353.482239,E,0.0,53.9,060919,,,A*6C
09-06 15:02:31.428  1863  3368 E qxsdk   : nmea:$ACCUR,1,12,0,20190906,070232.00,,,,,,,,,,*47
09-06 15:02:31.428  1863  3368 E qxsdk   : nmea:$GPGGA,070232.00,2233.473184,N,11353.482239,E,1,16,0.0,23.289,M,0.000,M,,*63
09-06 15:02:31.428  1863  3368 E qxsdk   : nmea:$GPGLL,,,,,,V,N*64
09-06 15:02:31.428  1863  3368 E qxsdk   : nmea:$GPGSA,A,1,,,,,,,,,,,,,,,*1E
09-06 15:02:31.428  1863  3368 E qxsdk   : nmea:$GPGSV,2,1,7,2,,,38,5,,,40,6,,,25,13,,,38*7D
09-06 15:02:31.428  1863  3368 E qxsdk   : nmea:$GPGSV,2,2,7,15,,,37,29,,,39,30,,,37*48
09-06 15:02:31.428  1863  3368 E qxsdk   : nmea:$BDGSV,4,1,15,201,,,33,202,,,31,203,,,33,204,,,34*68
09-06 15:02:31.428  1863  3368 E qxsdk   : nmea:$BDGSV,4,2,15,205,,,,206,,,34,208,,,34,209,,,32*69
09-06 15:02:31.428  1863  3368 E qxsdk   : nmea:$BDGSV,4,3,15,210,,,,213,,,33,216,,,35,219,,,36*64
09-06 15:02:31.428  1863  3368 E qxsdk   : nmea:$BDGSV,4,4,15,220,,,37,229,,,38,230,,,36*5E
09-06 15:02:31.428  1863  3368 E qxsdk   : nmea:$GPVTG,,T,,M,,N,,K,N*2C
09-06 15:02:31.428  1863  3367 E qxsdk   : cb_status_response status:3002 
09-06 15:02:31.428  1863  3367 E qxsdk   : posflag:8 
09-06 15:02:32.420  1863  3368 E qxsdk   : nmea:$GPRMC,070233.00,A,2233.473240,N,11353.482255,E,0.3,20.1,060919,,,A*63
09-06 15:02:32.420  1863  3368 E qxsdk   : nmea:$ACCUR,1,12,0,20190906,070233.00,,,,,,,,,,*46
09-06 15:02:32.420  1863  3368 E qxsdk   : nmea:$GPGGA,070233.00,2233.473240,N,11353.482255,E,1,16,0.0,23.640,M,0.000,M,,*62
09-06 15:02:32.420  1863  3368 E qxsdk   : nmea:$GPGLL,,,,,,V,N*64
09-06 15:02:32.420  1863  3368 E qxsdk   : nmea:$GPGSA,A,1,,,,,,,,,,,,,,,*1E
09-06 15:02:32.420  1863  3368 E qxsdk   : nmea:$GPGSV,2,1,7,2,,,41,5,,,44,6,,,24,13,,,41*78
09-06 15:02:32.420  1863  3368 E qxsdk   : nmea:$GPGSV,2,2,7,15,,,41,29,,,43,30,,,41*45
09-06 15:02:32.420  1863  3368 E qxsdk   : nmea:$BDGSV,4,1,15,201,,,29,202,,,29,203,,,28,204,,,29*6C
09-06 15:02:32.420  1863  3368 E qxsdk   : nmea:$BDGSV,4,2,15,205,,,,206,,,,208,,,29,209,,,*63
09-06 15:02:32.420  1863  3368 E qxsdk   : nmea:$BDGSV,4,3,15,210,,,,213,,,23,216,,,26,219,,,28*68
09-06 15:02:32.420  1863  3368 E qxsdk   : nmea:$BDGSV,4,4,15,220,,,29,229,,,31,230,,,*5D
09-06 15:02:32.420  1863  3368 E qxsdk   : nmea:$GPVTG,,T,,M,,N,,K,N*2C
09-06 15:02:32.420  1863  3367 E qxsdk   : cb_status_response status:3002 
09-06 15:02:32.420  1863  3367 E qxsdk   : posflag:8 
09-06 15:02:33.422  1863  3368 E qxsdk   : nmea:$GPRMC,070234.00,A,2233.473241,N,11353.482249,E,0.1,187.2,060919,,,A*55
09-06 15:02:33.422  1863  3368 E qxsdk   : nmea:$ACCUR,1,12,0,20190906,070234.00,,,,,,,,,,*41
09-06 15:02:33.422  1863  3368 E qxsdk   : nmea:$GPGGA,070234.00,2233.473241,N,11353.482249,E,1,16,0.0,23.637,M,0.000,M,,*69
09-06 15:02:33.422  1863  3368 E qxsdk   : nmea:$GPGLL,,,,,,V,N*64
09-06 15:02:33.422  1863  3368 E qxsdk   : nmea:$GPGSA,A,1,,,,,,,,,,,,,,,*1E
09-06 15:02:33.422  1863  3368 E qxsdk   : nmea:$GPGSV,2,1,7,2,,,43,5,,,46,6,,,25,13,,,43*7B
09-06 15:02:33.422  1863  3368 E qxsdk   : nmea:$GPGSV,2,2,7,15,,,43,29,,,44,30,,,42*43
09-06 15:02:33.422  1863  3368 E qxsdk   : nmea:$BDGSV,4,1,15,201,,,,202,,,28,203,,,28,204,,,28*67
09-06 15:02:33.422  1863  3368 E qxsdk   : nmea:$BDGSV,4,2,15,205,,,,206,,,25,208,,,27,209,,,*6A
09-06 15:02:33.422  1863  3368 E qxsdk   : nmea:$BDGSV,4,3,15,210,,,,213,,,23,216,,,26,219,,,28*68
09-06 15:02:33.422  1863  3368 E qxsdk   : nmea:$BDGSV,4,4,15,220,,,29,229,,,30,230,,,27*59
09-06 15:02:33.422  1863  3368 E qxsdk   : nmea:$GPVTG,,T,,M,,N,,K,N*2C
09-06 15:02:33.422  1863  3367 E qxsdk   : cb_status_response status:3002 
09-06 15:02:33.422  1863  3367 E qxsdk   : posflag:8 
09-06 15:02:34.418  1863  3368 E qxsdk   : nmea:$GPRMC,070235.00,A,2233.473207,N,11353.482263,E,0.2,124.0,060919,,,A*56
09-06 15:02:34.418  1863  3368 E qxsdk   : nmea:$ACCUR,1,12,0,20190906,070235.00,,,,,,,,,,*40
09-06 15:02:34.418  1863  3368 E qxsdk   : nmea:$GPGGA,070235.00,2233.473207,N,11353.482263,E,1,16,0.0,23.551,M,0.000,M,,*61
09-06 15:02:34.418  1863  3368 E qxsdk   : nmea:$GPGLL,,,,,,V,N*64
09-06 15:02:34.418  1863  3368 E qxsdk   : nmea:$GPGSA,A,1,,,,,,,,,,,,,,,*1E
09-06 15:02:34.418  1863  3368 E qxsdk   : nmea:$GPGSV,2,1,7,2,,,35,5,,,38,6,,,25,13,,,35*72
09-06 15:02:34.418  1863  3368 E qxsdk   : nmea:$GPGSV,2,2,7,15,,,35,29,,,38,30,,,36*4A
09-06 15:02:34.418  1863  3368 E qxsdk   : nmea:$BDGSV,4,1,15,201,,,,202,,,,203,,,29,204,,,32*67
09-06 15:02:34.418  1863  3368 E qxsdk   : nmea:$BDGSV,4,2,15,205,,,,206,,,31,208,,,,209,,,*6A
09-06 15:02:34.418  1863  3368 E qxsdk   : nmea:$BDGSV,4,3,15,210,,,,213,,,25,216,,,32,219,,,35*67
09-06 15:02:34.418  1863  3368 E qxsdk   : nmea:$BDGSV,4,4,15,220,,,33,229,,,34,230,,,31*51
09-06 15:02:34.418  1863  3368 E qxsdk   : nmea:$GPVTG,,T,,M,,N,,K,N*2C
09-06 15:02:34.418  1863  3367 E qxsdk   : cb_status_response status:3002 
09-06 15:02:34.418  1863  3367 E qxsdk   : posflag:8 
09-06 15:02:35.373  1863  3368 E qxsdk   : nmea:$GPGLL,,,,,,V,N*64
09-06 15:02:35.373  1863  3368 E qxsdk   : nmea:$GPGSA,A,1,,,,,,,,,,,,,,,*1E
09-06 15:02:35.373  1863  3368 E qxsdk   : nmea:$GPGSV,2,1,7,2,,,42,5,,,44,6,,,24,13,,,42*78
09-06 15:02:35.373  1863  3368 E qxsdk   : nmea:$GPGSV,2,2,7,15,,,42,29,,,44,30,,,40*40
09-06 15:02:35.373  1863  3368 E qxsdk   : nmea:$BDGSV,4,1,15,201,,,33,202,,,31,203,,,32,204,,,31*6C
09-06 15:02:35.373  1863  3368 E qxsdk   : nmea:$BDGSV,4,2,15,205,,,,206,,,30,208,,,,209,,,*6B
09-06 15:02:35.373  1863  3368 E qxsdk   : nmea:$BDGSV,4,3,15,210,,,,213,,,27,216,,,28,219,,,25*6F
09-06 15:02:35.373  1863  3368 E qxsdk   : nmea:$BDGSV,4,4,15,220,,,29,229,,,,230,,,28*55
09-06 15:02:35.373  1863  3368 E qxsdk   : nmea:$GPVTG,,T,,M,,N,,K,N*2C
09-06 15:02:35.419  1863  3367 E qxsdk   : cb_status_response status:3002 
09-06 15:02:35.419  1863  3367 E qxsdk   : posflag:8 
09-06 15:02:35.419  1863  3368 E qxsdk   : nmea:$GPRMC,070236.00,A,2233.473157,N,11353.482265,E,0.2,73.7,060919,,,A*61
09-06 15:02:35.419  1863  3368 E qxsdk   : nmea:$ACCUR,1,12,0,20190906,070236.00,,,,,,,,,,*43
09-06 15:02:35.419  1863  3368 E qxsdk   : nmea:$GPGGA,070236.00,2233.473157,N,11353.482265,E,1,16,0.0,22.838,M,0.000,M,,*61
09-06 15:02:36.415  1863  3368 E qxsdk   : nmea:$GPRMC,070237.00,A,2233.473158,N,11353.482280,E,0.1,148.4,060919,,,A*5D
09-06 15:02:36.415  1863  3368 E qxsdk   : nmea:$ACCUR,1,12,0,20190906,070237.00,,,,,,,,,,*42
09-06 15:02:36.415  1863  3368 E qxsdk   : nmea:$GPGGA,070237.00,2233.473158,N,11353.482280,E,1,16,0.0,23.042,M,0.000,M,,*60
09-06 15:02:36.415  1863  3368 E qxsdk   : nmea:$GPGLL,,,,,,V,N*64
09-06 15:02:36.415  1863  3368 E qxsdk   : nmea:$GPGSA,A,1,,,,,,,,,,,,,,,*1E
09-06 15:02:36.415  1863  3368 E qxsdk   : nmea:$GPGSV,2,1,7,2,,,39,5,,,41,6,,,23,13,,,38*7B
09-06 15:02:36.415  1863  3368 E qxsdk   : nmea:$GPGSV,2,2,7,15,,,38,29,,,41,30,,,38*47
09-06 15:02:36.415  1863  3368 E qxsdk   : nmea:$BDGSV,4,1,15,201,,,,202,,,,203,,,31,204,,,32*6E
09-06 15:02:36.415  1863  3368 E qxsdk   : nmea:$BDGSV,4,2,15,205,,,,206,,,30,208,,,,209,,,*6B
09-06 15:02:36.415  1863  3368 E qxsdk   : nmea:$BDGSV,4,3,15,210,,,,213,,,32,216,,,32,219,,,*67
09-06 15:02:36.415  1863  3368 E qxsdk   : nmea:$BDGSV,4,4,15,220,,,33,229,,,35,230,,,32*53
09-06 15:02:36.415  1863  3368 E qxsdk   : nmea:$GPVTG,,T,,M,,N,,K,N*2C
09-06 15:02:36.415  1863  3367 E qxsdk   : cb_status_response status:3002 
09-06 15:02:36.415  1863  3367 E qxsdk   : posflag:8 
09-06 15:02:37.430  1863  3368 E qxsdk   : nmea:$GPRMC,070238.00,A,2233.473303,N,11353.482248,E,0.9,352.1,060919,,,A*5E
09-06 15:02:37.430  1863  3368 E qxsdk   : nmea:$ACCUR,1,12,0,20190906,070238.00,,,,,,,,,,*4D
09-06 15:02:37.430  1863  3368 E qxsdk   : nmea:$GPGGA,070238.00,2233.473303,N,11353.482248,E,1,16,0.0,23.020,M,0.000,M,,*63
09-06 15:02:37.430  1863  3368 E qxsdk   : nmea:$GPGLL,,,,,,V,N*64
09-06 15:02:37.430  1863  3368 E qxsdk   : nmea:$GPGSA,A,1,,,,,,,,,,,,,,,*1E
09-06 15:02:37.430  1863  3368 E qxsdk   : nmea:$GPGSV,2,1,7,2,,,39,5,,,41,6,,,22,13,,,39*7B
09-06 15:02:37.430  1863  3368 E qxsdk   : nmea:$GPGSV,2,2,7,15,,,38,29,,,41,30,,,38*47
09-06 15:02:37.430  1863  3368 E qxsdk   : nmea:$BDGSV,4,1,15,201,,,32,202,,,30,203,,,31,204,,,33*6D
09-06 15:02:37.430  1863  3368 E qxsdk   : nmea:$BDGSV,4,2,15,205,,,,206,,,31,208,,,30,209,,,30*6A
09-06 15:02:37.430  1863  3368 E qxsdk   : nmea:$BDGSV,4,3,15,210,,,,213,,,31,216,,,31,219,,,32*66
09-06 15:02:37.430  1863  3368 E qxsdk   : nmea:$BDGSV,4,4,15,220,,,33,229,,,35,230,,,32*53
09-06 15:02:37.430  1863  3368 E qxsdk   : nmea:$GPVTG,,T,,M,,N,,K,N*2C
09-06 15:02:37.430  1863  3367 E qxsdk   : cb_status_response status:3002 
09-06 15:02:37.430  1863  3367 E qxsdk   : posflag:8 
09-06 15:02:38.422  1863  3368 E qxsdk   : nmea:$GPRMC,070239.00,A,2233.473364,N,11353.482280,E,0.3,52.7,060919,,,A*65
09-06 15:02:38.422  1863  3368 E qxsdk   : nmea:$ACCUR,1,12,0,20190906,070239.00,,,,,,,,,,*4C
09-06 15:02:38.422  1863  3368 E qxsdk   : nmea:$GPGGA,070239.00,2233.473364,N,11353.482280,E,1,16,0.0,22.986,M,0.000,M,,*63
09-06 15:02:38.422  1863  3368 E qxsdk   : nmea:$GPGLL,,,,,,V,N*64
09-06 15:02:38.422  1863  3368 E qxsdk   : nmea:$GPGSA,A,1,,,,,,,,,,,,,,,*1E
09-06 15:02:38.422  1863  3368 E qxsdk   : nmea:$GPGSV,2,1,7,2,,,39,5,,,42,6,,,22,13,,,39*78
09-06 15:02:38.422  1863  3368 E qxsdk   : nmea:$GPGSV,2,2,7,15,,,39,29,,,42,30,,,38*45
09-06 15:02:38.422  1863  3368 E qxsdk   : nmea:$BDGSV,4,1,15,201,,,,202,,,,203,,,31,204,,,33*6F
09-06 15:02:38.422  1863  3368 E qxsdk   : nmea:$BDGSV,4,2,15,205,,,,206,,,31,208,,,31,209,,,30*6B
09-06 15:02:38.422  1863  3368 E qxsdk   : nmea:$BDGSV,4,3,15,210,,,,213,,,31,216,,,32,219,,,33*64
09-06 15:02:38.422  1863  3368 E qxsdk   : nmea:$BDGSV,4,4,15,220,,,34,229,,,35,230,,,33*55
09-06 15:02:38.422  1863  3368 E qxsdk   : nmea:$GPVTG,,T,,M,,N,,K,N*2C
09-06 15:02:38.422  1863  3367 E qxsdk   : cb_status_response status:3002 
09-06 15:02:38.422  1863  3367 E qxsdk   : posflag:8 
09-06 15:02:39.364  1863  3368 E qxsdk   : nmea:$GPGLL,,,,,,V,N*64
09-06 15:02:39.364  1863  3368 E qxsdk   : nmea:$GPGSA,A,1,,,,,,,,,,,,,,,*1E
09-06 15:02:39.364  1863  3368 E qxsdk   : nmea:$GPGSV,2,1,7,2,,,39,5,,,42,6,,,22,13,,,40*76
09-06 15:02:39.364  1863  3368 E qxsdk   : nmea:$GPGSV,2,2,7,15,,,39,29,,,42,30,,,39*44
09-06 15:02:39.364  1863  3368 E qxsdk   : nmea:$BDGSV,4,1,15,201,,,,202,,,30,203,,,31,204,,,32*6D
09-06 15:02:39.364  1863  3368 E qxsdk   : nmea:$BDGSV,4,2,15,205,,,,206,,,26,208,,,,209,,,*6C
09-06 15:02:39.364  1863  3368 E qxsdk   : nmea:$BDGSV,4,3,15,210,,,,213,,,,216,,,30,219,,,*64
09-06 15:02:39.364  1863  3368 E qxsdk   : nmea:$BDGSV,4,4,15,220,,,28,229,,,31,230,,,*5C
09-06 15:02:39.364  1863  3368 E qxsdk   : nmea:$GPVTG,,T,,M,,N,,K,N*2C
09-06 15:02:39.418  1863  3367 E qxsdk   : cb_status_response status:3002 
09-06 15:02:39.418  1863  3367 E qxsdk   : posflag:8 
09-06 15:02:39.418  1863  3368 E qxsdk   : nmea:$GPRMC,070240.00,A,2233.473299,N,11353.482381,E,0.4,114.6,060919,,,A*5D
09-06 15:02:39.418  1863  3368 E qxsdk   : nmea:$ACCUR,1,12,0,20190906,070240.00,,,,,,,,,,*42
09-06 15:02:39.418  1863  3368 E qxsdk   : nmea:$GPGGA,070240.00,2233.473299,N,11353.482381,E,1,16,0.0,22.569,M,0.000,M,,*63
09-06 15:02:40.353  1863  3368 E qxsdk   : nmea:$GPGLL,,,,,,V,N*64
09-06 15:02:40.353  1863  3368 E qxsdk   : nmea:$GPGSA,A,1,,,,,,,,,,,,,,,*1E
09-06 15:02:40.353  1863  3368 E qxsdk   : nmea:$GPGSV,2,1,7,2,,,29,5,,,32,6,,,20,13,,,30*75
09-06 15:02:40.353  1863  3368 E qxsdk   : nmea:$GPGSV,2,2,7,15,,,30,29,,,31,30,,,27*46
09-06 15:02:40.353  1863  3368 E qxsdk   : nmea:$BDGSV,4,1,15,201,,,,202,,,,203,,,28,204,,,29*6C
09-06 15:02:40.353  1863  3368 E qxsdk   : nmea:$BDGSV,4,2,15,205,,,,206,,,,208,,,,209,,,*68
09-06 15:02:40.353  1863  3368 E qxsdk   : nmea:$BDGSV,4,3,15,210,,,,213,,,,216,,,,219,,,*67
09-06 15:02:40.353  1863  3368 E qxsdk   : nmea:$BDGSV,4,4,15,220,,,,229,,,23,230,,,*55
09-06 15:02:40.353  1863  3368 E qxsdk   : nmea:$GPVTG,,T,,M,,N,,K,N*2C
09-06 15:02:40.404  1863  3367 E qxsdk   : cb_status_response status:3002 
09-06 15:02:40.404  1863  3367 E qxsdk   : posflag:8 
09-06 15:02:40.404  1863  3368 E qxsdk   : nmea:$GPRMC,070241.00,A,2233.473990,N,11353.482646,E,3.7,17.3,060919,,,A*67
09-06 15:02:40.405  1863  3368 E qxsdk   : nmea:$ACCUR,1,12,0,20190906,070241.00,,,,,,,,,,*43
09-06 15:02:40.405  1863  3368 E qxsdk   : nmea:$GPGGA,070241.00,2233.473990,N,11353.482646,E,1,13,0.0,22.761,M,0.000,M,,*61
09-06 15:02:41.347  1863  3368 E qxsdk   : nmea:$GPGLL,,,,,,V,N*64
09-06 15:02:41.347  1863  3368 E qxsdk   : nmea:$GPGSA,A,1,,,,,,,,,,,,,,,*1E
09-06 15:02:41.347  1863  3368 E qxsdk   : nmea:$GPGSV,2,1,7,2,,,37,5,,,39,6,,,20,13,,,35*74
09-06 15:02:41.347  1863  3368 E qxsdk   : nmea:$GPGSV,2,2,7,15,,,37,29,,,38,30,,,36*48
09-06 15:02:41.347  1863  3368 E qxsdk   : nmea:$BDGSV,4,1,15,201,,,28,202,,,,203,,,,204,,,*67
09-06 15:02:41.347  1863  3368 E qxsdk   : nmea:$BDGSV,4,2,15,205,,,,206,,,,208,,,,209,,,*68
09-06 15:02:41.347  1863  3368 E qxsdk   : nmea:$BDGSV,4,3,15,210,,,,213,,,,216,,,,219,,,*67
09-06 15:02:41.347  1863  3368 E qxsdk   : nmea:$BDGSV,4,4,15,220,,,,229,,,,230,,,*54
09-06 15:02:41.347  1863  3368 E qxsdk   : nmea:$GPVTG,,T,,M,,N,,K,N*2C
09-06 15:02:41.403  1863  3367 E qxsdk   : cb_status_response status:3002 
09-06 15:02:41.403  1863  3367 E qxsdk   : posflag:8 
09-06 15:02:41.404  1863  3368 E qxsdk   : nmea:$GPRMC,070242.00,A,2233.473952,N,11353.482641,E,0.1,32.3,060919,,,A*6F
09-06 15:02:41.404  1863  3368 E qxsdk   : nmea:$ACCUR,1,12,0,20190906,070242.00,,,,,,,,,,*40
09-06 15:02:41.404  1863  3368 E qxsdk   : nmea:$GPGGA,070242.00,2233.473952,N,11353.482641,E,1,13,0.0,22.538,M,0.000,M,,*65
09-06 15:02:42.353  1863  3368 E qxsdk   : nmea:$GPGLL,,,,,,V,N*64
09-06 15:02:42.353  1863  3368 E qxsdk   : nmea:$GPGSA,A,1,,,,,,,,,,,,,,,*1E
09-06 15:02:42.353  1863  3368 E qxsdk   : nmea:$GPGSV,2,1,7,2,,,37,5,,,40,6,,,20,13,,,36*79
09-06 15:02:42.353  1863  3368 E qxsdk   : nmea:$GPGSV,2,2,7,15,,,37,29,,,39,30,,,36*49
09-06 15:02:42.353  1863  3368 E qxsdk   : nmea:$BDGSV,4,1,15,201,,,,202,,,28,203,,,,204,,,*67
09-06 15:02:42.353  1863  3368 E qxsdk   : nmea:$BDGSV,4,2,15,205,,,,206,,,,208,,,,209,,,*68
09-06 15:02:42.353  1863  3368 E qxsdk   : nmea:$BDGSV,4,3,15,210,,,,213,,,,216,,,,219,,,28*6D
09-06 15:02:42.353  1863  3368 E qxsdk   : nmea:$BDGSV,4,4,15,220,,,27,229,,,,230,,,*51
09-06 15:02:42.353  1863  3368 E qxsdk   : nmea:$GPVTG,,T,,M,,N,,K,N*2C
09-06 15:02:42.405  1863  3367 E qxsdk   : cb_status_response status:3002 
09-06 15:02:42.405  1863  3367 E qxsdk   : posflag:8 
09-06 15:02:42.405  1863  3368 E qxsdk   : nmea:$GPRMC,070243.00,A,2233.473789,N,11353.482568,E,0.0,11.2,060919,,,A*6F
09-06 15:02:42.405  1863  3368 E qxsdk   : nmea:$ACCUR,1,12,0,20190906,070243.00,,,,,,,,,,*41
09-06 15:02:42.405  1863  3368 E qxsdk   : nmea:$GPGGA,070243.00,2233.473789,N,11353.482568,E,1,12,0.0,22.400,M,0.000,M,,*6F
09-06 15:02:43.353  1863  3368 E qxsdk   : nmea:$GPGLL,,,,,,V,N*64
09-06 15:02:43.353  1863  3368 E qxsdk   : nmea:$GPGSA,A,1,,,,,,,,,,,,,,,*1E
09-06 15:02:43.353  1863  3368 E qxsdk   : nmea:$GPGSV,2,1,7,2,,,38,5,,,40,6,,,20,13,,,37*77
09-06 15:02:43.353  1863  3368 E qxsdk   : nmea:$GPGSV,2,2,7,15,,,38,29,,,39,30,,,36*46
09-06 15:02:43.353  1863  3368 E qxsdk   : nmea:$BDGSV,4,1,15,201,,,,202,,,,203,,,,204,,,27*68
09-06 15:02:43.353  1863  3368 E qxsdk   : nmea:$BDGSV,4,2,15,205,,,,206,,,,208,,,18,209,,,16*66
09-06 15:02:43.353  1863  3368 E qxsdk   : nmea:$BDGSV,4,3,15,210,,,,213,,,,216,,,,219,,,*67
09-06 15:02:43.353  1863  3368 E qxsdk   : nmea:$BDGSV,4,4,15,220,,,,229,,,,230,,,*54
09-06 15:02:43.353  1863  3368 E qxsdk   : nmea:$GPVTG,,T,,M,,N,,K,N*2C
09-06 15:02:43.416  1863  3367 E qxsdk   : cb_status_response status:3002 
09-06 15:02:43.416  1863  3367 E qxsdk   : posflag:8 
09-06 15:02:43.416  1863  3368 E qxsdk   : nmea:$GPRMC,070244.00,A,2233.473498,N,11353.482476,E,0.4,155.8,060919,,,A*5A
09-06 15:02:43.416  1863  3368 E qxsdk   : nmea:$ACCUR,1,12,0,20190906,070244.00,,,,,,,,,,*46
09-06 15:02:43.416  1863  3368 E qxsdk   : nmea:$GPGGA,070244.00,2233.473498,N,11353.482476,E,1,13,0.0,21.947,M,0.000,M,,*69
09-06 15:02:44.353  1863  3368 E qxsdk   : nmea:$GPGLL,,,,,,V,N*64
09-06 15:02:44.353  1863  3368 E qxsdk   : nmea:$GPGSA,A,1,,,,,,,,,,,,,,,*1E
09-06 15:02:44.353  1863  3368 E qxsdk   : nmea:$GPGSV,2,1,7,2,,,38,5,,,40,6,,,20,13,,,38*78
09-06 15:02:44.353  1863  3368 E qxsdk   : nmea:$GPGSV,2,2,7,15,,,38,29,,,40,30,,,36*48
09-06 15:02:44.353  1863  3368 E qxsdk   : nmea:$BDGSV,4,1,15,201,,,27,202,,,,203,,,28,204,,,28*68
09-06 15:02:44.353  1863  3368 E qxsdk   : nmea:$BDGSV,4,2,15,205,,,,206,,,,208,,,,209,,,*68
09-06 15:02:44.353  1863  3368 E qxsdk   : nmea:$BDGSV,4,3,15,210,,,,213,,,,216,,,,219,,,*67
09-06 15:02:44.353  1863  3368 E qxsdk   : nmea:$BDGSV,4,4,15,220,,,,229,,,,230,,,*54
09-06 15:02:44.354  1863  3368 E qxsdk   : nmea:$GPVTG,,T,,M,,N,,K,N*2C
09-06 15:02:44.403  1863  3367 E qxsdk   : cb_status_response status:3002 
09-06 15:02:44.403  1863  3367 E qxsdk   : posflag:8 
09-06 15:02:44.404  1863  3368 E qxsdk   : nmea:$GPRMC,070245.00,A,2233.473241,N,11353.482455,E,0.1,183.5,060919,,,A*5B
09-06 15:02:44.404  1863  3368 E qxsdk   : nmea:$ACCUR,1,12,0,20190906,070245.00,,,,,,,,,,*47
09-06 15:02:44.404  1863  3368 E qxsdk   : nmea:$GPGGA,070245.00,2233.473241,N,11353.482455,E,1,12,0.0,21.733,M,0.000,M,,*67
09-06 15:02:45.354  1863  3368 E qxsdk   : nmea:$GPGLL,,,,,,V,N*64
09-06 15:02:45.354  1863  3368 E qxsdk   : nmea:$GPGSA,A,1,,,,,,,,,,,,,,,*1E
09-06 15:02:45.354  1863  3368 E qxsdk   : nmea:$GPGSV,2,1,7,2,,,38,5,,,40,6,,,19,13,,,38*72
09-06 15:02:45.354  1863  3368 E qxsdk   : nmea:$GPGSV,2,2,7,15,,,39,29,,,40,30,,,36*49
09-06 15:02:45.354  1863  3368 E qxsdk   : nmea:$BDGSV,4,1,16,201,,,,202,,,,203,,,28,204,,,*64
09-06 15:02:45.354  1863  3368 E qxsdk   : nmea:$BDGSV,4,2,16,205,,,,206,,,,207,,,17,208,,,*63
09-06 15:02:45.355  1863  3368 E qxsdk   : nmea:$BDGSV,4,3,16,209,,,,210,,,16,213,,,,216,,,*62
09-06 15:02:45.355  1863  3368 E qxsdk   : nmea:$BDGSV,4,4,16,219,,,,220,,,,229,,,,230,,,*6D
09-06 15:02:45.355  1863  3368 E qxsdk   : nmea:$GPVTG,,T,,M,,N,,K,N*2C
09-06 15:02:45.403  1863  3367 E qxsdk   : cb_status_response status:3002 
09-06 15:02:45.403  1863  3367 E qxsdk   : posflag:8 
09-06 15:02:45.403  1863  3368 E qxsdk   : nmea:$GPRMC,070246.00,A,2233.473161,N,11353.482436,E,0.1,196.0,060919,,,A*5D
09-06 15:02:45.403  1863  3368 E qxsdk   : nmea:$ACCUR,1,12,0,20190906,070246.00,,,,,,,,,,*44
09-06 15:02:45.403  1863  3368 E qxsdk   : nmea:$GPGGA,070246.00,2233.473161,N,11353.482436,E,1,12,0.0,21.644,M,0.000,M,,*61
09-06 15:02:46.350  1863  3368 E qxsdk   : nmea:$GPGLL,,,,,,V,N*64
09-06 15:02:46.350  1863  3368 E qxsdk   : nmea:$GPGSA,A,1,,,,,,,,,,,,,,,*1E
09-06 15:02:46.350  1863  3368 E qxsdk   : nmea:$GPGSV,2,1,7,2,,,38,5,,,40,6,,,19,13,,,38*72
09-06 15:02:46.350  1863  3368 E qxsdk   : nmea:$GPGSV,2,2,7,15,,,39,29,,,40,30,,,36*49
09-06 15:02:46.350  1863  3368 E qxsdk   : nmea:$BDGSV,4,1,16,201,,,,202,,,,203,,,,204,,,*6E
09-06 15:02:46.350  1863  3368 E qxsdk   : nmea:$BDGSV,4,2,16,205,,,,206,,,,207,,,16,208,,,*62
09-06 15:02:46.350  1863  3368 E qxsdk   : nmea:$BDGSV,4,3,16,209,,,,210,,,16,213,,,,216,,,*62
09-06 15:02:46.350  1863  3368 E qxsdk   : nmea:$BDGSV,4,4,16,219,,,,220,,,,229,,,,230,,,*6D
09-06 15:02:46.350  1863  3368 E qxsdk   : nmea:$GPVTG,,T,,M,,N,,K,N*2C
09-06 15:02:46.402  1863  3367 E qxsdk   : cb_status_response status:3002 
09-06 15:02:46.402  1863  3367 E qxsdk   : posflag:8 
09-06 15:02:46.403  1863  3368 E qxsdk   : nmea:$GPRMC,070247.00,A,2233.473081,N,11353.482454,E,0.3,187.9,060919,,,A*5C
09-06 15:02:46.403  1863  3368 E qxsdk   : nmea:$ACCUR,1,12,0,20190906,070247.00,,,,,,,,,,*45
09-06 15:02:46.403  1863  3368 E qxsdk   : nmea:$GPGGA,070247.00,2233.473081,N,11353.482454,E,1,13,0.0,21.586,M,0.000,M,,*67
09-06 15:02:47.356  1863  3368 E qxsdk   : nmea:$GPGLL,,,,,,V,N*64
09-06 15:02:47.356  1863  3368 E qxsdk   : nmea:$GPGSA,A,1,,,,,,,,,,,,,,,*1E
09-06 15:02:47.356  1863  3368 E qxsdk   : nmea:$GPGSV,2,1,7,2,,,38,5,,,40,6,,,19,13,,,38*72
09-06 15:02:47.356  1863  3368 E qxsdk   : nmea:$GPGSV,2,2,7,15,,,39,29,,,40,30,,,36*49
09-06 15:02:47.356  1863  3368 E qxsdk   : nmea:$BDGSV,4,1,16,201,,,,202,,,30,203,,,,204,,,28*67
09-06 15:02:47.356  1863  3368 E qxsdk   : nmea:$BDGSV,4,2,16,205,,,,206,,,,207,,,,208,,,*65
09-06 15:02:47.356  1863  3368 E qxsdk   : nmea:$BDGSV,4,3,16,209,,,,210,,,17,213,,,,216,,,*63
09-06 15:02:47.356  1863  3368 E qxsdk   : nmea:$BDGSV,4,4,16,219,,,,220,,,,229,,,,230,,,*6D
09-06 15:02:47.356  1863  3368 E qxsdk   : nmea:$GPVTG,,T,,M,,N,,K,N*2C
09-06 15:02:47.429  1863  3367 E qxsdk   : cb_status_response status:3002 
09-06 15:02:47.429  1863  3367 E qxsdk   : posflag:8 
09-06 15:02:47.429  1863  3368 E qxsdk   : nmea:$GPRMC,070248.00,A,2233.472880,N,11353.482401,E,0.3,201.3,060919,,,A*5C
09-06 15:02:47.429  1863  3368 E qxsdk   : nmea:$ACCUR,1,12,0,20190906,070248.00,,,,,,,,,,*4A
09-06 15:02:47.429  1863  3368 E qxsdk   : nmea:$GPGGA,070248.00,2233.472880,N,11353.482401,E,1,12,0.0,21.305,M,0.000,M,,*6C
09-06 15:02:48.353  1863  3368 E qxsdk   : nmea:$GPGLL,,,,,,V,N*64
09-06 15:02:48.353  1863  3368 E qxsdk   : nmea:$GPGSA,A,1,,,,,,,,,,,,,,,*1E
09-06 15:02:48.353  1863  3368 E qxsdk   : nmea:$GPGSV,2,1,7,2,,,39,5,,,40,6,,,20,13,,,38*79
09-06 15:02:48.353  1863  3368 E qxsdk   : nmea:$GPGSV,2,2,7,15,,,39,29,,,41,30,,,37*49
09-06 15:02:48.353  1863  3368 E qxsdk   : nmea:$BDGSV,4,1,16,201,,,,202,,,29,203,,,28,204,,,*6F
09-06 15:02:48.353  1863  3368 E qxsdk   : nmea:$BDGSV,4,2,16,205,,,,206,,,,207,,,,208,,,*65
09-06 15:02:48.353  1863  3368 E qxsdk   : nmea:$BDGSV,4,3,16,209,,,,210,,,17,213,,,,216,,,*63
09-06 15:02:48.353  1863  3368 E qxsdk   : nmea:$BDGSV,4,4,16,219,,,,220,,,,229,,,,230,,,*6D
09-06 15:02:48.353  1863  3368 E qxsdk   : nmea:$GPVTG,,T,,M,,N,,K,N*2C
09-06 15:02:48.406  1863  3368 E qxsdk   : nmea:$GPRMC,070249.00,A,2233.472800,N,11353.482376,E,0.1,206.1,060919,,,A*55
09-06 15:02:48.406  1863  3368 E qxsdk   : nmea:$ACCUR,1,12,0,20190906,070249.00,,,,,,,,,,*4B
09-06 15:02:48.406  1863  3367 E qxsdk   : cb_status_response status:3002 
09-06 15:02:48.406  1863  3368 E qxsdk   : nmea:$GPGGA,070249.00,2233.472800,N,11353.482376,E,1,11,0.0,21.164,M,0.000,M,,*64
09-06 15:02:48.406  1863  3367 E qxsdk   : posflag:8 
09-06 15:02:49.347  1863  3368 E qxsdk   : nmea:$GPGLL,,,,,,V,N*64
09-06 15:02:49.348  1863  3368 E qxsdk   : nmea:$GPGSA,A,1,,,,,,,,,,,,,,,*1E
09-06 15:02:49.348  1863  3368 E qxsdk   : nmea:$GPGSV,2,1,7,2,,,39,5,,,40,6,,,20,13,,,38*79
09-06 15:02:49.348  1863  3368 E qxsdk   : nmea:$GPGSV,2,2,7,15,,,40,29,,,41,30,,,37*47
09-06 15:02:49.348  1863  3368 E qxsdk   : nmea:$BDGSV,4,1,16,201,,,,202,,,,203,,,,204,,,*6E
09-06 15:02:49.348  1863  3368 E qxsdk   : nmea:$BDGSV,4,2,16,205,,,,206,,,,207,,,,208,,,*65
09-06 15:02:49.348  1863  3368 E qxsdk   : nmea:$BDGSV,4,3,16,209,,,,210,,,14,213,,,,216,,,*60
09-06 15:02:49.348  1863  3368 E qxsdk   : nmea:$BDGSV,4,4,16,219,,,,220,,,,229,,,,230,,,*6D
09-06 15:02:49.348  1863  3368 E qxsdk   : nmea:$GPVTG,,T,,M,,N,,K,N*2C
09-06 15:02:49.403  1863  3367 E qxsdk   : cb_status_response status:3002 
09-06 15:02:49.403  1863  3367 E qxsdk   : posflag:8 
09-06 15:02:49.403  1863  3368 E qxsdk   : nmea:$GPRMC,070250.00,A,2233.472743,N,11353.482360,E,0.0,210.0,060919,,,A*55
09-06 15:02:49.403  1863  3368 E qxsdk   : nmea:$ACCUR,1,12,0,20190906,070250.00,,,,,,,,,,*43
09-06 15:02:49.403  1863  3368 E qxsdk   : nmea:$GPGGA,070250.00,2233.472743,N,11353.482360,E,1,10,0.0,21.025,M,0.000,M,,*66
09-06 15:02:50.347  1863  3368 E qxsdk   : nmea:$GPGLL,,,,,,V,N*64
09-06 15:02:50.347  1863  3368 E qxsdk   : nmea:$GPGSA,A,1,,,,,,,,,,,,,,,*1E
09-06 15:02:50.347  1863  3368 E qxsdk   : nmea:$GPGSV,2,1,7,2,,,39,5,,,40,6,,,20,13,,,37*76
09-06 15:02:50.347  1863  3368 E qxsdk   : nmea:$GPGSV,2,2,7,15,,,40,29,,,41,30,,,37*47
09-06 15:02:50.347  1863  3368 E qxsdk   : nmea:$BDGSV,4,1,16,201,,,,202,,,,203,,,,204,,,*6E
09-06 15:02:50.347  1863  3368 E qxsdk   : nmea:$BDGSV,4,2,16,205,,,,206,,,,207,,,,208,,,*65
09-06 15:02:50.347  1863  3368 E qxsdk   : nmea:$BDGSV,4,3,16,209,,,,210,,,15,213,,,,216,,,*61
09-06 15:02:50.348  1863  3368 E qxsdk   : nmea:$BDGSV,4,4,16,219,,,,220,,,,229,,,,230,,,*6D
09-06 15:02:50.348  1863  3368 E qxsdk   : nmea:$GPVTG,,T,,M,,N,,K,N*2C
09-06 15:02:50.402  1863  3367 E qxsdk   : cb_status_response status:3002 
09-06 15:02:50.402  1863  3367 E qxsdk   : posflag:8 
09-06 15:02:50.402  1863  3368 E qxsdk   : nmea:$GPRMC,070251.00,A,2233.472698,N,11353.482352,E,0.0,231.2,060919,,,A*53
09-06 15:02:50.402  1863  3368 E qxsdk   : nmea:$ACCUR,1,12,0,20190906,070251.00,,,,,,,,,,*42
09-06 15:02:50.402  1863  3368 E qxsdk   : nmea:$GPGGA,070251.00,2233.472698,N,11353.482352,E,1,10,0.0,20.889,M,0.000,M,,*6E
09-06 15:02:51.353  1863  3368 E qxsdk   : nmea:$GPGLL,,,,,,V,N*64
09-06 15:02:51.353  1863  3368 E qxsdk   : nmea:$GPGSA,A,1,,,,,,,,,,,,,,,*1E
09-06 15:02:51.353  1863  3368 E qxsdk   : nmea:$GPGSV,2,1,7,2,,,38,5,,,40,6,,,21,13,,,38*79
09-06 15:02:51.353  1863  3368 E qxsdk   : nmea:$GPGSV,2,2,7,15,,,40,29,,,40,30,,,37*46
09-06 15:02:51.353  1863  3368 E qxsdk   : nmea:$BDGSV,4,1,16,201,,,,202,,,,203,,,,204,,,*6E
09-06 15:02:51.353  1863  3368 E qxsdk   : nmea:$BDGSV,4,2,16,205,,,,206,,,20,207,,,,208,,,*67
09-06 15:02:51.353  1863  3368 E qxsdk   : nmea:$BDGSV,4,3,16,209,,,16,210,,,14,213,,,,216,,,*67
09-06 15:02:51.353  1863  3368 E qxsdk   : nmea:$BDGSV,4,4,16,219,,,,220,,,,229,,,,230,,,*6D
09-06 15:02:51.353  1863  3368 E qxsdk   : nmea:$GPVTG,,T,,M,,N,,K,N*2C
09-06 15:02:51.417  1863  3367 E qxsdk   : cb_status_response status:3002 
09-06 15:02:51.417  1863  3367 E qxsdk   : posflag:8 
09-06 15:02:51.417  1863  3368 E qxsdk   : nmea:$GPRMC,070252.00,A,2233.472660,N,11353.482348,E,0.1,317.3,060919,,,A*59
09-06 15:02:51.417  1863  3368 E qxsdk   : nmea:$ACCUR,1,12,0,20190906,070252.00,,,,,,,,,,*41
09-06 15:02:51.417  1863  3368 E qxsdk   : nmea:$GPGGA,070252.00,2233.472660,N,11353.482348,E,1,11,0.0,20.797,M,0.000,M,,*60
09-06 15:02:52.416  1863  3368 E qxsdk   : nmea:$GPRMC,070253.00,A,2233.472455,N,11353.482366,E,0.8,152.6,060919,,,A*5F
09-06 15:02:52.417  1863  3368 E qxsdk   : nmea:$ACCUR,1,12,0,20190906,070253.00,,,,,,,,,,*40
09-06 15:02:52.417  1863  3368 E qxsdk   : nmea:$GPGGA,070253.00,2233.472455,N,11353.482366,E,1,14,0.0,20.193,M,0.000,M,,*6E
09-06 15:02:52.417  1863  3368 E qxsdk   : nmea:$GPGLL,,,,,,V,N*64
09-06 15:02:52.417  1863  3368 E qxsdk   : nmea:$GPGSA,A,1,,,,,,,,,,,,,,,*1E
09-06 15:02:52.417  1863  3368 E qxsdk   : nmea:$GPGSV,2,1,7,2,,,41,5,,,42,6,,,23,13,,,41*79
09-06 15:02:52.417  1863  3368 E qxsdk   : nmea:$GPGSV,2,2,7,15,,,42,29,,,42,30,,,40*46
09-06 15:02:52.417  1863  3368 E qxsdk   : nmea:$BDGSV,4,1,16,201,,,,202,,,32,203,,,33,204,,,33*6F
09-06 15:02:52.417  1863  3368 E qxsdk   : nmea:$BDGSV,4,2,16,205,,,,206,,,,207,,,,208,,,*65
09-06 15:02:52.417  1863  3368 E qxsdk   : nmea:$BDGSV,4,3,16,209,,,,210,,,,213,,,,216,,,31*67
09-06 15:02:52.417  1863  3368 E qxsdk   : nmea:$BDGSV,4,4,16,219,,,32,220,,,34,229,,,34,230,,,31*6E
09-06 15:02:52.417  1863  3368 E qxsdk   : nmea:$GPVTG,,T,,M,,N,,K,N*2C
09-06 15:02:52.417  1863  3367 E qxsdk   : cb_status_response status:3002 
09-06 15:02:52.417  1863  3367 E qxsdk   : posflag:8 
09-06 15:02:53.376  1863  3368 E qxsdk   : nmea:$GPGLL,,,,,,V,N*64
09-06 15:02:53.376  1863  3368 E qxsdk   : nmea:$GPGSA,A,1,,,,,,,,,,,,,,,*1E
09-06 15:02:53.376  1863  3368 E qxsdk   : nmea:$GPGSV,2,1,7,2,,,44,5,,,47,6,,,27,13,,,44*78
09-06 15:02:53.376  1863  3368 E qxsdk   : nmea:$GPGSV,2,2,7,15,,,45,29,,,45,30,,,42*44
09-06 15:02:53.376  1863  3368 E qxsdk   : nmea:$BDGSV,4,1,16,201,,,33,202,,,,203,,,34,204,,,35*6F
09-06 15:02:53.376  1863  3368 E qxsdk   : nmea:$BDGSV,4,2,16,205,,,,206,,,34,207,,,,208,,,*62
09-06 15:02:53.376  1863  3368 E qxsdk   : nmea:$BDGSV,4,3,16,209,,,32,210,,,,213,,,33,216,,,35*62
09-06 15:02:53.376  1863  3368 E qxsdk   : nmea:$BDGSV,4,4,16,219,,,35,220,,,37,229,,,37,230,,,35*6D
09-06 15:02:53.376  1863  3368 E qxsdk   : nmea:$GPVTG,,T,,M,,N,,K,N*2C
09-06 15:02:53.443  1863  3368 E qxsdk   : nmea:$GPRMC,070254.00,A,2233.472326,N,11353.482366,E,0.4,163.9,060919,,,A*5A
09-06 15:02:53.443  1863  3368 E qxsdk   : nmea:$ACCUR,1,12,0,20190906,070254.00,,,,,,,,,,*47
09-06 15:02:53.443  1863  3368 E qxsdk   : nmea:$GPGGA,070254.00,2233.472326,N,11353.482366,E,1,16,0.0,19.987,M,0.000,M,,*6F
09-06 15:02:53.443  1863  3367 E qxsdk   : cb_status_response status:3002 
09-06 15:02:53.443  1863  3367 E qxsdk   : posflag:8 
09-06 15:02:54.418  1863  3368 E qxsdk   : nmea:$GPRMC,070255.00,A,2233.472318,N,11353.482356,E,0.3,144.5,060919,,,A*5B
09-06 15:02:54.418  1863  3368 E qxsdk   : nmea:$ACCUR,1,12,0,20190906,070255.00,,,,,,,,,,*46
09-06 15:02:54.418  1863  3368 E qxsdk   : nmea:$GPGGA,070255.00,2233.472318,N,11353.482356,E,1,15,0.0,20.021,M,0.000,M,,*6C
09-06 15:02:54.418  1863  3368 E qxsdk   : nmea:$GPGLL,,,,,,V,N*64
09-06 15:02:54.418  1863  3368 E qxsdk   : nmea:$GPGSA,A,1,,,,,,,,,,,,,,,*1E
09-06 15:02:54.418  1863  3368 E qxsdk   : nmea:$GPGSV,2,1,7,2,,,44,5,,,47,6,,,28,13,,,44*77
09-06 15:02:54.418  1863  3368 E qxsdk   : nmea:$GPGSV,2,2,7,15,,,45,29,,,46,30,,,42*47
09-06 15:02:54.418  1863  3368 E qxsdk   : nmea:$BDGSV,4,1,16,201,,,,202,,,32,203,,,34,204,,,35*6E
09-06 15:02:54.418  1863  3368 E qxsdk   : nmea:$BDGSV,4,2,16,205,,,,206,,,34,207,,,,208,,,*62
09-06 15:02:54.418  1863  3368 E qxsdk   : nmea:$BDGSV,4,3,16,209,,,,210,,,,213,,,33,216,,,33*65
09-06 15:02:54.418  1863  3368 E qxsdk   : nmea:$BDGSV,4,4,16,219,,,35,220,,,37,229,,,38,230,,,*64
09-06 15:02:54.418  1863  3368 E qxsdk   : nmea:$GPVTG,,T,,M,,N,,K,N*2C
09-06 15:02:54.418  1863  3367 E qxsdk   : cb_status_response status:3002 
09-06 15:02:54.418  1863  3367 E qxsdk   : posflag:8 
09-06 15:02:55.423  1863  3368 E qxsdk   : nmea:$GPRMC,070256.00,A,2233.472270,N,11353.482349,E,0.2,110.3,060919,,,A*5F
09-06 15:02:55.423  1863  3368 E qxsdk   : nmea:$ACCUR,1,12,0,20190906,070256.00,,,,,,,,,,*45
09-06 15:02:55.423  1863  3368 E qxsdk   : nmea:$GPGGA,070256.00,2233.472270,N,11353.482349,E,1,15,0.0,19.374,M,0.000,M,,*67
09-06 15:02:55.423  1863  3368 E qxsdk   : nmea:$GPGLL,,,,,,V,N*64
09-06 15:02:55.423  1863  3368 E qxsdk   : nmea:$GPGSA,A,1,,,,,,,,,,,,,,,*1E
09-06 15:02:55.423  1863  3368 E qxsdk   : nmea:$GPGSV,2,1,7,2,,,44,5,,,46,6,,,29,13,,,44*77
09-06 15:02:55.423  1863  3368 E qxsdk   : nmea:$GPGSV,2,2,7,15,,,45,29,,,46,30,,,42*47
09-06 15:02:55.424  1863  3368 E qxsdk   : nmea:$BDGSV,4,1,16,201,,,33,202,,,,203,,,34,204,,,34*6E
09-06 15:02:55.424  1863  3368 E qxsdk   : nmea:$BDGSV,4,2,16,205,,,,206,,,33,207,,,,208,,,33*65
09-06 15:02:55.424  1863  3368 E qxsdk   : nmea:$BDGSV,4,3,16,209,,,,210,,,,213,,,33,216,,,33*65
09-06 15:02:55.424  1863  3368 E qxsdk   : nmea:$BDGSV,4,4,16,219,,,34,220,,,36,229,,,37,230,,,34*6C
09-06 15:02:55.424  1863  3368 E qxsdk   : nmea:$GPVTG,,T,,M,,N,,K,N*2C
09-06 15:02:55.424  1863  3367 E qxsdk   : cb_status_response status:3002 
09-06 15:02:55.424  1863  3367 E qxsdk   : posflag:8 
09-06 15:02:56.423  1863  3368 E qxsdk   : nmea:$GPRMC,070257.00,A,2233.472368,N,11353.482300,E,0.4,337.4,060919,,,A*5D
09-06 15:02:56.423  1863  3368 E qxsdk   : nmea:$ACCUR,1,12,0,20190906,070257.00,,,,,,,,,,*44
09-06 15:02:56.423  1863  3368 E qxsdk   : nmea:$GPGGA,070257.00,2233.472368,N,11353.482300,E,1,15,0.0,19.172,M,0.000,M,,*67
09-06 15:02:56.423  1863  3368 E qxsdk   : nmea:$GPGLL,,,,,,V,N*64
09-06 15:02:56.423  1863  3368 E qxsdk   : nmea:$GPGSA,A,1,,,,,,,,,,,,,,,*1E
09-06 15:02:56.423  1863  3368 E qxsdk   : nmea:$GPGSV,2,1,7,2,,,43,5,,,45,6,,,28,13,,,43*75
09-06 15:02:56.423  1863  3368 E qxsdk   : nmea:$GPGSV,2,2,7,15,,,44,29,,,45,30,,,41*46
09-06 15:02:56.424  1863  3368 E qxsdk   : nmea:$BDGSV,4,1,16,201,,,,202,,,32,203,,,34,204,,,35*6E
09-06 15:02:56.424  1863  3368 E qxsdk   : nmea:$BDGSV,4,2,16,205,,,,206,,,33,207,,,,208,,,33*65
09-06 15:02:56.424  1863  3368 E qxsdk   : nmea:$BDGSV,4,3,16,209,,,,210,,,,213,,,33,216,,,33*65
09-06 15:02:56.424  1863  3368 E qxsdk   : nmea:$BDGSV,4,4,16,219,,,35,220,,,36,229,,,37,230,,,34*6D
09-06 15:02:56.424  1863  3368 E qxsdk   : nmea:$GPVTG,,T,,M,,N,,K,N*2C
09-06 15:02:56.424  1863  3367 E qxsdk   : cb_status_response status:3002 
09-06 15:02:56.424  1863  3367 E qxsdk   : posflag:8 
09-06 15:02:57.371  1863  3368 E qxsdk   : nmea:$GPGLL,,,,,,V,N*64
09-06 15:02:57.371  1863  3368 E qxsdk   : nmea:$GPGSA,A,1,,,,,,,,,,,,,,,*1E
09-06 15:02:57.371  1863  3368 E qxsdk   : nmea:$GPGSV,2,1,7,2,,,40,5,,,41,6,,,27,13,,,39*70
09-06 15:02:57.372  1863  3368 E qxsdk   : nmea:$GPGSV,2,2,7,15,,,41,29,,,41,30,,,37*46
09-06 15:02:57.372  1863  3368 E qxsdk   : nmea:$BDGSV,4,1,16,201,,,32,202,,,,203,,,33,204,,,*6F
09-06 15:02:57.372  1863  3368 E qxsdk   : nmea:$BDGSV,4,2,16,205,,,,206,,,32,207,,,,208,,,*64
09-06 15:02:57.372  1863  3368 E qxsdk   : nmea:$BDGSV,4,3,16,209,,,,210,,,,213,,,33,216,,,33*65
09-06 15:02:57.372  1863  3368 E qxsdk   : nmea:$BDGSV,4,4,16,219,,,35,220,,,36,229,,,37,230,,,34*6D
09-06 15:02:57.372  1863  3368 E qxsdk   : nmea:$GPVTG,,T,,M,,N,,K,N*2C
09-06 15:02:57.422  1863  3367 E qxsdk   : cb_status_response status:3002 
09-06 15:02:57.422  1863  3367 E qxsdk   : posflag:8 
09-06 15:02:57.422  1863  3368 E qxsdk   : nmea:$GPRMC,070258.00,A,2233.472546,N,11353.482193,E,0.6,331.4,060919,,,A*54
09-06 15:02:57.422  1863  3368 E qxsdk   : nmea:$ACCUR,1,12,0,20190906,070258.00,,,,,,,,,,*4B
09-06 15:02:57.422  1863  3368 E qxsdk   : nmea:$GPGGA,070258.00,2233.472546,N,11353.482193,E,1,14,0.0,19.114,M,0.000,M,,*6B
09-06 15:02:58.424  1863  3368 E qxsdk   : nmea:$GPRMC,070259.00,A,2233.472799,N,11353.482141,E,0.9,352.3,060919,,,A*57
09-06 15:02:58.424  1863  3368 E qxsdk   : nmea:$ACCUR,1,12,0,20190906,070259.00,,,,,,,,,,*4A
09-06 15:02:58.424  1863  3368 E qxsdk   : nmea:$GPGGA,070259.00,2233.472799,N,11353.482141,E,1,16,0.0,19.395,M,0.000,M,,*6C
09-06 15:02:58.424  1863  3368 E qxsdk   : nmea:$GPGLL,,,,,,V,N*64
09-06 15:02:58.424  1863  3368 E qxsdk   : nmea:$GPGSA,A,1,,,,,,,,,,,,,,,*1E
09-06 15:02:58.424  1863  3368 E qxsdk   : nmea:$GPGSV,2,1,7,2,,,39,5,,,40,6,,,26,13,,,39*7E
09-06 15:02:58.424  1863  3368 E qxsdk   : nmea:$GPGSV,2,2,7,15,,,40,29,,,42,30,,,37*44
