09-06 15:01:32.346  1863  3368 E qxsdk   : nmea:$BDGSV,2,2,6,205,,,,229,,,*50
09-06 15:01:32.346  1863  3368 E qxsdk   : nmea:$GPVTG,,T,,M,,N,,K,N*2C
09-06 15:01:32.397  1863  3367 E qxsdk   : cb_status_response status:3002 
09-06 15:01:32.397  1863  3367 E qxsdk   : posflag:8 
09-06 15:01:32.397  1863  3368 E qxsdk   : nmea:$GPRMC,070133.00,A,2233.473385,N,11353.482696,E,0.0,50.7,060919,,,A*61
09-06 15:01:32.397  1863  3368 E qxsdk   : nmea:$ACCUR,1,12,0,20190906,070133.00,,,,,,,,,,*45
09-06 15:01:32.397  1863  3368 E qxsdk   : nmea:$GPGGA,070133.00,2233.473385,N,11353.482696,E,1,08,0.0,22.943,M,0.000,M,,*60
09-06 15:01:33.344  1863  3368 E qxsdk   : nmea:$GPGLL,,,,,,V,N*64
09-06 15:01:33.344  1863  3368 E qxsdk   : nmea:$GPGSA,A,1,,,,,,,,,,,,,,,*1E
09-06 15:01:33.344  1863  3368 E qxsdk   : nmea:$GPGSV,2,1,7,2,,,42,5,,,44,6,,,32,13,,,42*7F
09-06 15:01:33.344  1863  3368 E qxsdk   : nmea:$GPGSV,2,2,7,15,,,44,29,,,44,30,,,41*47
09-06 15:01:33.344  1863  3368 E qxsdk   : nmea:$BDGSV,2,1,6,201,,,,202,,,,203,,,,204,,,*59
09-06 15:01:33.344  1863  3368 E qxsdk   : nmea:$BDGSV,2,2,6,205,,,,229,,,*50
09-06 15:01:33.344  1863  3368 E qxsdk   : nmea:$GPVTG,,T,,M,,N,,K,N*2C
09-06 15:01:33.394  1863  3367 E qxsdk   : cb_status_response status:3002 
09-06 15:01:33.394  1863  3367 E qxsdk   : posflag:8 
09-06 15:01:33.395  1863  3368 E qxsdk   : nmea:$GPRMC,070134.00,A,2233.473384,N,11353.482681,E,0.0,6.0,060919,,,A*55
09-06 15:01:33.395  1863  3368 E qxsdk   : nmea:$ACCUR,1,12,0,20190906,070134.00,,,,,,,,,,*42
09-06 15:01:33.395  1863  3368 E qxsdk   : nmea:$GPGGA,070134.00,2233.473384,N,11353.482681,E,1,09,0.0,22.739,M,0.000,M,,*62
09-06 15:01:34.345  1863  3368 E qxsdk   : nmea:$GPGLL,,,,,,V,N*64
09-06 15:01:34.345  1863  3368 E qxsdk   : nmea:$GPGSA,A,1,,,,,,,,,,,,,,,*1E
09-06 15:01:34.345  1863  3368 E qxsdk   : nmea:$GPGSV,2,1,7,2,,,41,5,,,43,6,,,31,13,,,41*7B
09-06 15:01:34.345  1863  3368 E qxsdk   : nmea:$GPGSV,2,2,7,15,,,43,29,,,43,30,,,40*46
09-06 15:01:34.345  1863  3368 E qxsdk   : nmea:$BDGSV,2,1,6,201,,,,202,,,,203,,,,204,,,*59
09-06 15:01:34.345  1863  3368 E qxsdk   : nmea:$BDGSV,2,2,6,205,,,,229,,,*50
09-06 15:01:34.345  1863  3368 E qxsdk   : nmea:$GPVTG,,T,,M,,N,,K,N*2C
09-06 15:01:34.396  1863  3367 E qxsdk   : cb_status_response status:3002 
09-06 15:01:34.396  1863  3367 E qxsdk   : posflag:8 
09-06 15:01:34.396  1863  3368 E qxsdk   : nmea:$GPRMC,070135.00,A,2233.473367,N,11353.482677,E,0.0,134.8,060919,,,A*58
09-06 15:01:34.396  1863  3368 E qxsdk   : nmea:$ACCUR,1,12,0,20190906,070135.00,,,,,,,,,,*43
09-06 15:01:34.396  1863  3368 E qxsdk   : nmea:$GPGGA,070135.00,2233.473367,N,11353.482677,E,1,07,0.0,22.557,M,0.000,M,,*63
09-06 15:01:35.344  1863  3368 E qxsdk   : nmea:$GPGLL,,,,,,V,N*64
09-06 15:01:35.344  1863  3368 E qxsdk   : nmea:$GPGSA,A,1,,,,,,,,,,,,,,,*1E
09-06 15:01:35.344  1863  3368 E qxsdk   : nmea:$GPGSV,2,1,7,2,,,37,5,,,39,6,,,30,13,,,38*78
09-06 15:01:35.344  1863  3368 E qxsdk   : nmea:$GPGSV,2,2,7,15,,,39,29,,,39,30,,,36*47
09-06 15:01:35.344  1863  3368 E qxsdk   : nmea:$BDGSV,2,1,6,201,,,,202,,,,203,,,,204,,,*59
09-06 15:01:35.344  1863  3368 E qxsdk   : nmea:$BDGSV,2,2,6,205,,,,229,,,*50
09-06 15:01:35.344  1863  3368 E qxsdk   : nmea:$GPVTG,,T,,M,,N,,K,N*2C
09-06 15:01:35.395  1863  3367 E qxsdk   : cb_status_response status:3002 
09-06 15:01:35.395  1863  3367 E qxsdk   : posflag:8 
09-06 15:01:35.395  1863  3368 E qxsdk   : nmea:$GPRMC,070136.00,A,2233.473350,N,11353.482655,E,0.0,338.6,060919,,,A*5F
09-06 15:01:35.395  1863  3368 E qxsdk   : nmea:$ACCUR,1,12,0,20190906,070136.00,,,,,,,,,,*40
09-06 15:01:35.395  1863  3368 E qxsdk   : nmea:$GPGGA,070136.00,2233.473350,N,11353.482655,E,1,07,0.0,22.502,M,0.000,M,,*64
09-06 15:01:36.344  1863  3368 E qxsdk   : nmea:$GPGLL,,,,,,V,N*64
09-06 15:01:36.344  1863  3368 E qxsdk   : nmea:$GPGSA,A,1,,,,,,,,,,,,,,,*1E
09-06 15:01:36.344  1863  3368 E qxsdk   : nmea:$GPGSV,2,1,7,2,,,37,5,,,38,6,,,29,13,,,36*7F
09-06 15:01:36.344  1863  3368 E qxsdk   : nmea:$GPGSV,2,2,7,15,,,38,29,,,39,30,,,36*46
09-06 15:01:36.344  1863  3368 E qxsdk   : nmea:$BDGSV,2,1,6,201,,,,202,,,,203,,,,204,,,*59
09-06 15:01:36.345  1863  3368 E qxsdk   : nmea:$BDGSV,2,2,6,205,,,,229,,,*50
09-06 15:01:36.345  1863  3368 E qxsdk   : nmea:$GPVTG,,T,,M,,N,,K,N*2C
09-06 15:01:36.396  1863  3367 E qxsdk   : cb_status_response status:3002 
09-06 15:01:36.396  1863  3367 E qxsdk   : posflag:8 
09-06 15:01:36.396  1863  3368 E qxsdk   : nmea:$GPRMC,070137.00,A,2233.473341,N,11353.482643,E,0.0,57.4,060919,,,A*61
09-06 15:01:36.396  1863  3368 E qxsdk   : nmea:$ACCUR,1,12,0,20190906,070137.00,,,,,,,,,,*41
09-06 15:01:36.396  1863  3368 E qxsdk   : nmea:$GPGGA,070137.00,2233.473341,N,11353.482643,E,1,07,0.0,22.462,M,0.000,M,,*65
09-06 15:01:37.344  1863  3368 E qxsdk   : nmea:$GPGLL,,,,,,V,N*64
09-06 15:01:37.344  1863  3368 E qxsdk   : nmea:$GPGSA,A,1,,,,,,,,,,,,,,,*1E
09-06 15:01:37.344  1863  3368 E qxsdk   : nmea:$GPGSV,2,1,7,2,,,37,5,,,39,6,,,27,13,,,37*71
09-06 15:01:37.344  1863  3368 E qxsdk   : nmea:$GPGSV,2,2,7,15,,,39,29,,,39,30,,,36*47
09-06 15:01:37.344  1863  3368 E qxsdk   : nmea:$BDGSV,2,1,6,201,,,,202,,,,203,,,,204,,,*59
09-06 15:01:37.344  1863  3368 E qxsdk   : nmea:$BDGSV,2,2,6,205,,,,229,,,*50
09-06 15:01:37.344  1863  3368 E qxsdk   : nmea:$GPVTG,,T,,M,,N,,K,N*2C
09-06 15:01:37.395  1863  3367 E qxsdk   : cb_status_response status:3002 
09-06 15:01:37.395  1863  3367 E qxsdk   : posflag:8 
09-06 15:01:37.395  1863  3368 E qxsdk   : nmea:$GPRMC,070138.00,A,2233.473327,N,11353.482632,E,0.0,51.2,060919,,,A*68
09-06 15:01:37.395  1863  3368 E qxsdk   : nmea:$ACCUR,1,12,0,20190906,070138.00,,,,,,,,,,*4E
09-06 15:01:37.395  1863  3368 E qxsdk   : nmea:$GPGGA,070138.00,2233.473327,N,11353.482632,E,1,07,0.0,22.419,M,0.000,M,,*60
09-06 15:01:38.346  1863  3368 E qxsdk   : nmea:$GPGLL,,,,,,V,N*64
09-06 15:01:38.346  1863  3368 E qxsdk   : nmea:$GPGSA,A,1,,,,,,,,,,,,,,,*1E
09-06 15:01:38.346  1863  3368 E qxsdk   : nmea:$GPGSV,2,1,7,2,,,42,5,,,45,6,,,28,13,,,42*75
09-06 15:01:38.346  1863  3368 E qxsdk   : nmea:$GPGSV,2,2,7,15,,,45,29,,,45,30,,,42*44
09-06 15:01:38.346  1863  3368 E qxsdk   : nmea:$BDGSV,2,1,6,201,,,,202,,,,203,,,,204,,,*59
09-06 15:01:38.346  1863  3368 E qxsdk   : nmea:$BDGSV,2,2,6,205,,,,229,,,*50
09-06 15:01:38.346  1863  3368 E qxsdk   : nmea:$GPVTG,,T,,M,,N,,K,N*2C
09-06 15:01:38.399  1863  3368 E qxsdk   : nmea:$GPRMC,070139.00,A,2233.473301,N,11353.482604,E,0.0,3.1,060919,,,A*5C
09-06 15:01:38.399  1863  3368 E qxsdk   : nmea:$ACCUR,1,12,0,20190906,070139.00,,,,,,,,,,*4F
09-06 15:01:38.399  1863  3368 E qxsdk   : nmea:$GPGGA,070139.00,2233.473301,N,11353.482604,E,1,07,0.0,22.197,M,0.000,M,,*63
09-06 15:01:38.399  1863  3367 E qxsdk   : cb_status_response status:3002 
09-06 15:01:38.399  1863  3367 E qxsdk   : posflag:8 
09-06 15:01:39.344  1863  3368 E qxsdk   : nmea:$GPGLL,,,,,,V,N*64
09-06 15:01:39.344  1863  3368 E qxsdk   : nmea:$GPGSA,A,1,,,,,,,,,,,,,,,*1E
09-06 15:01:39.344  1863  3368 E qxsdk   : nmea:$GPGSV,2,1,7,2,,,39,5,,,40,6,,,30,13,,,41*76
09-06 15:01:39.344  1863  3368 E qxsdk   : nmea:$GPGSV,2,2,7,15,,,42,29,,,43,30,,,38*48
09-06 15:01:39.344  1863  3368 E qxsdk   : nmea:$BDGSV,2,1,6,201,,,,202,,,,203,,,,204,,,*59
09-06 15:01:39.344  1863  3368 E qxsdk   : nmea:$BDGSV,2,2,6,205,,,,229,,,*50
09-06 15:01:39.344  1863  3368 E qxsdk   : nmea:$GPVTG,,T,,M,,N,,K,N*2C
09-06 15:01:39.397  1863  3367 E qxsdk   : cb_status_response status:3002 
09-06 15:01:39.397  1863  3367 E qxsdk   : posflag:8 
09-06 15:01:39.398  1863  3368 E qxsdk   : nmea:$GPRMC,070140.00,A,2233.473278,N,11353.482586,E,0.0,50.7,060919,,,A*64
09-06 15:01:39.398  1863  3368 E qxsdk   : nmea:$ACCUR,1,12,0,20190906,070140.00,,,,,,,,,,*41
09-06 15:01:39.398  1863  3368 E qxsdk   : nmea:$GPGGA,070140.00,2233.473278,N,11353.482586,E,1,08,0.0,22.012,M,0.000,M,,*68
09-06 15:01:40.344  1863  3368 E qxsdk   : nmea:$GPGLL,,,,,,V,N*64
09-06 15:01:40.344  1863  3368 E qxsdk   : nmea:$GPGSA,A,1,,,,,,,,,,,,,,,*1E
09-06 15:01:40.344  1863  3368 E qxsdk   : nmea:$GPGSV,2,1,7,2,,,41,5,,,44,6,,,32,13,,,41*7F
09-06 15:01:40.344  1863  3368 E qxsdk   : nmea:$GPGSV,2,2,7,15,,,43,29,,,44,30,,,41*40
09-06 15:01:40.344  1863  3368 E qxsdk   : nmea:$BDGSV,2,1,6,201,,,,202,,,,203,,,,204,,,*59
09-06 15:01:40.344  1863  3368 E qxsdk   : nmea:$BDGSV,2,2,6,205,,,,229,,,*50
09-06 15:01:40.344  1863  3368 E qxsdk   : nmea:$GPVTG,,T,,M,,N,,K,N*2C
09-06 15:01:40.396  1863  3367 E qxsdk   : cb_status_response status:3002 
09-06 15:01:40.396  1863  3367 E qxsdk   : posflag:8 
09-06 15:01:40.396  1863  3368 E qxsdk   : nmea:$GPRMC,070141.00,A,2233.473271,N,11353.482583,E,0.0,164.9,060919,,,A*51
09-06 15:01:40.396  1863  3368 E qxsdk   : nmea:$ACCUR,1,12,0,20190906,070141.00,,,,,,,,,,*40
09-06 15:01:40.396  1863  3368 E qxsdk   : nmea:$GPGGA,070141.00,2233.473271,N,11353.482583,E,1,10,0.0,21.992,M,0.000,M,,*6E
09-06 15:01:41.343  1863  3368 E qxsdk   : nmea:$GPGLL,,,,,,V,N*64
09-06 15:01:41.343  1863  3368 E qxsdk   : nmea:$GPGSA,A,1,,,,,,,,,,,,,,,*1E
09-06 15:01:41.343  1863  3368 E qxsdk   : nmea:$GPGSV,2,1,7,2,,,39,5,,,40,6,,,26,13,,,40*70
09-06 15:01:41.343  1863  3368 E qxsdk   : nmea:$GPGSV,2,2,7,15,,,40,29,,,42,30,,,38*4B
09-06 15:01:41.343  1863  3368 E qxsdk   : nmea:$BDGSV,2,1,6,201,,,,202,,,,203,,,,204,,,*59
09-06 15:01:41.343  1863  3368 E qxsdk   : nmea:$BDGSV,2,2,6,205,,,,229,,,*50
09-06 15:01:41.343  1863  3368 E qxsdk   : nmea:$GPVTG,,T,,M,,N,,K,N*2C
09-06 15:01:41.394  1863  3367 E qxsdk   : cb_status_response status:3002 
09-06 15:01:41.394  1863  3367 E qxsdk   : posflag:8 
09-06 15:01:41.394  1863  3368 E qxsdk   : nmea:$GPRMC,070142.00,A,2233.473340,N,11353.482666,E,0.1,127.4,060919,,,A*52
09-06 15:01:41.394  1863  3368 E qxsdk   : nmea:$ACCUR,1,12,0,20190906,070142.00,,,,,,,,,,*43
09-06 15:01:41.394  1863  3368 E qxsdk   : nmea:$GPGGA,070142.00,2233.473340,N,11353.482666,E,1,07,0.0,22.101,M,0.000,M,,*61
09-06 15:01:42.344  1863  3368 E qxsdk   : nmea:$GPGLL,,,,,,V,N*64
09-06 15:01:42.344  1863  3368 E qxsdk   : nmea:$GPGSA,A,1,,,,,,,,,,,,,,,*1E
09-06 15:01:42.344  1863  3368 E qxsdk   : nmea:$GPGSV,2,1,7,2,,,41,5,,,43,6,,,27,13,,,42*7F
09-06 15:01:42.344  1863  3368 E qxsdk   : nmea:$GPGSV,2,2,7,15,,,41,29,,,43,30,,,40*44
09-06 15:01:42.344  1863  3368 E qxsdk   : nmea:$BDGSV,2,1,6,201,,,,202,,,,203,,,,204,,,*59
09-06 15:01:42.344  1863  3368 E qxsdk   : nmea:$BDGSV,2,2,6,205,,,,229,,,*50
09-06 15:01:42.344  1863  3368 E qxsdk   : nmea:$GPVTG,,T,,M,,N,,K,N*2C
09-06 15:01:42.393  1863  3367 E qxsdk   : cb_status_response status:3002 
09-06 15:01:42.393  1863  3367 E qxsdk   : posflag:8 
09-06 15:01:42.394  1863  3368 E qxsdk   : nmea:$GPRMC,070143.00,A,2233.473196,N,11353.482667,E,0.0,87.9,060919,,,A*6C
09-06 15:01:42.394  1863  3368 E qxsdk   : nmea:$ACCUR,1,12,0,20190906,070143.00,,,,,,,,,,*42
09-06 15:01:42.394  1863  3368 E qxsdk   : nmea:$GPGGA,070143.00,2233.473196,N,11353.482667,E,1,07,0.0,22.039,M,0.000,M,,*62
09-06 15:01:43.343  1863  3368 E qxsdk   : nmea:$GPGLL,,,,,,V,N*64
09-06 15:01:43.343  1863  3368 E qxsdk   : nmea:$GPGSA,A,1,,,,,,,,,,,,,,,*1E
09-06 15:01:43.343  1863  3368 E qxsdk   : nmea:$GPGSV,2,1,7,2,,,41,5,,,42,6,,,28,13,,,41*72
09-06 15:01:43.343  1863  3368 E qxsdk   : nmea:$GPGSV,2,2,7,15,,,40,29,,,43,30,,,40*45
09-06 15:01:43.343  1863  3368 E qxsdk   : nmea:$BDGSV,2,1,6,201,,,,202,,,,203,,,,204,,,*59
09-06 15:01:43.343  1863  3368 E qxsdk   : nmea:$BDGSV,2,2,6,205,,,,229,,,*50
09-06 15:01:43.343  1863  3368 E qxsdk   : nmea:$GPVTG,,T,,M,,N,,K,N*2C
09-06 15:01:43.392  1863  3367 E qxsdk   : cb_status_response status:3002 
09-06 15:01:43.392  1863  3367 E qxsdk   : posflag:8 
09-06 15:01:43.392  1863  3368 E qxsdk   : nmea:$GPRMC,070144.00,A,2233.473120,N,11353.482704,E,0.1,200.8,060919,,,A*5F
09-06 15:01:43.392  1863  3368 E qxsdk   : nmea:$ACCUR,1,12,0,20190906,070144.00,,,,,,,,,,*45
09-06 15:01:43.392  1863  3368 E qxsdk   : nmea:$GPGGA,070144.00,2233.473120,N,11353.482704,E,1,07,0.0,21.905,M,0.000,M,,*69
09-06 15:01:44.341  1863  3368 E qxsdk   : nmea:$GPGLL,,,,,,V,N*64
09-06 15:01:44.341  1863  3368 E qxsdk   : nmea:$GPGSA,A,1,,,,,,,,,,,,,,,*1E
09-06 15:01:44.341  1863  3368 E qxsdk   : nmea:$GPGSV,2,1,7,2,,,44,5,,,47,6,,,,13,,,46*7F
09-06 15:01:44.341  1863  3368 E qxsdk   : nmea:$GPGSV,2,2,7,15,,,44,29,,,47,30,,,43*46
09-06 15:01:44.341  1863  3368 E qxsdk   : nmea:$BDGSV,2,1,6,201,,,,202,,,,203,,,,204,,,*59
09-06 15:01:44.341  1863  3368 E qxsdk   : nmea:$BDGSV,2,2,6,205,,,,229,,,*50
09-06 15:01:44.341  1863  3368 E qxsdk   : nmea:$GPVTG,,T,,M,,N,,K,N*2C
09-06 15:01:44.394  1863  3368 E qxsdk   : nmea:$GPRMC,070145.00,A,2233.473025,N,11353.482762,E,0.0,49.1,060919,,,A*6D
09-06 15:01:44.394  1863  3368 E qxsdk   : nmea:$ACCUR,1,12,0,20190906,070145.00,,,,,,,,,,*44
09-06 15:01:44.394  1863  3368 E qxsdk   : nmea:$GPGGA,070145.00,2233.473025,N,11353.482762,E,1,09,0.0,21.832,M,0.000,M,,*67
09-06 15:01:44.394  1863  3367 E qxsdk   : cb_status_response status:3002 
09-06 15:01:44.394  1863  3367 E qxsdk   : posflag:8 
09-06 15:01:45.344  1863  3368 E qxsdk   : nmea:$GPGLL,,,,,,V,N*64
09-06 15:01:45.344  1863  3368 E qxsdk   : nmea:$GPGSA,A,1,,,,,,,,,,,,,,,*1E
09-06 15:01:45.344  1863  3368 E qxsdk   : nmea:$GPGSV,2,1,7,2,,,44,5,,,46,6,,,35,13,,,45*7B
09-06 15:01:45.344  1863  3368 E qxsdk   : nmea:$GPGSV,2,2,7,15,,,45,29,,,47,30,,,43*47
09-06 15:01:45.344  1863  3368 E qxsdk   : nmea:$BDGSV,2,1,6,201,,,,202,,,,203,,,,204,,,*59
09-06 15:01:45.344  1863  3368 E qxsdk   : nmea:$BDGSV,2,2,6,205,,,,229,,,*50
09-06 15:01:45.344  1863  3368 E qxsdk   : nmea:$GPVTG,,T,,M,,N,,K,N*2C
09-06 15:01:45.395  1863  3367 E qxsdk   : cb_status_response status:3002 
09-06 15:01:45.395  1863  3367 E qxsdk   : posflag:8 
09-06 15:01:45.396  1863  3368 E qxsdk   : nmea:$GPRMC,070146.00,A,2233.473031,N,11353.482814,E,0.3,156.3,060919,,,A*5B
09-06 15:01:45.396  1863  3368 E qxsdk   : nmea:$ACCUR,1,12,0,20190906,070146.00,,,,,,,,,,*47
09-06 15:01:45.396  1863  3368 E qxsdk   : nmea:$GPGGA,070146.00,2233.473031,N,11353.482814,E,1,10,0.0,21.963,M,0.000,M,,*62
09-06 15:01:46.344  1863  3368 E qxsdk   : nmea:$GPGLL,,,,,,V,N*64
09-06 15:01:46.344  1863  3368 E qxsdk   : nmea:$GPGSA,A,1,,,,,,,,,,,,,,,*1E
09-06 15:01:46.344  1863  3368 E qxsdk   : nmea:$GPGSV,2,1,7,2,,,40,5,,,43,6,,,33,13,,,42*7B
09-06 15:01:46.344  1863  3368 E qxsdk   : nmea:$GPGSV,2,2,7,15,,,42,29,,,43,30,,,39*49
09-06 15:01:46.344  1863  3368 E qxsdk   : nmea:$BDGSV,2,1,6,201,,,,202,,,,203,,,,204,,,*59
09-06 15:01:46.344  1863  3368 E qxsdk   : nmea:$BDGSV,2,2,6,205,,,,229,,,*50
09-06 15:01:46.344  1863  3368 E qxsdk   : nmea:$GPVTG,,T,,M,,N,,K,N*2C
09-06 15:01:46.396  1863  3367 E qxsdk   : cb_status_response status:3002 
09-06 15:01:46.396  1863  3367 E qxsdk   : posflag:8 
09-06 15:01:46.396  1863  3368 E qxsdk   : nmea:$GPRMC,070147.00,A,2233.473154,N,11353.482844,E,0.1,245.1,060919,,,A*5C
09-06 15:01:46.396  1863  3368 E qxsdk   : nmea:$ACCUR,1,12,0,20190906,070147.00,,,,,,,,,,*46
09-06 15:01:46.396  1863  3368 E qxsdk   : nmea:$GPGGA,070147.00,2233.473154,N,11353.482844,E,1,09,0.0,22.093,M,0.000,M,,*69
09-06 15:01:47.344  1863  3368 E qxsdk   : nmea:$GPGLL,,,,,,V,N*64
09-06 15:01:47.344  1863  3368 E qxsdk   : nmea:$GPGSA,A,1,,,,,,,,,,,,,,,*1E
09-06 15:01:47.344  1863  3368 E qxsdk   : nmea:$GPGSV,2,1,7,2,,,41,5,,,44,6,,,33,13,,,42*7D
09-06 15:01:47.344  1863  3368 E qxsdk   : nmea:$GPGSV,2,2,7,15,,,43,29,,,43,30,,,40*46
09-06 15:01:47.344  1863  3368 E qxsdk   : nmea:$BDGSV,2,1,6,201,,,,202,,,,203,,,,204,,,*59
09-06 15:01:47.344  1863  3368 E qxsdk   : nmea:$BDGSV,2,2,6,205,,,,229,,,*50
09-06 15:01:47.344  1863  3368 E qxsdk   : nmea:$GPVTG,,T,,M,,N,,K,N*2C
09-06 15:01:47.411  1863  3368 E qxsdk   : nmea:$GPRMC,070148.00,A,2233.473324,N,11353.482863,E,0.0,271.1,060919,,,A*55
09-06 15:01:47.411  1863  3368 E qxsdk   : nmea:$ACCUR,1,12,0,20190906,070148.00,,,,,,,,,,*49
09-06 15:01:47.411  1863  3368 E qxsdk   : nmea:$GPGGA,070148.00,2233.473324,N,11353.482863,E,1,09,0.0,22.357,M,0.000,M,,*6D
09-06 15:01:47.411  1863  3367 E qxsdk   : cb_status_response status:3002 
09-06 15:01:47.411  1863  3367 E qxsdk   : posflag:8 
09-06 15:01:48.344  1863  3368 E qxsdk   : nmea:$GPGLL,,,,,,V,N*64
09-06 15:01:48.344  1863  3368 E qxsdk   : nmea:$GPGSA,A,1,,,,,,,,,,,,,,,*1E
09-06 15:01:48.344  1863  3368 E qxsdk   : nmea:$GPGSV,2,1,7,2,,,42,5,,,44,6,,,32,13,,,43*7E
09-06 15:01:48.344  1863  3368 E qxsdk   : nmea:$GPGSV,2,2,7,15,,,43,29,,,44,30,,,41*40
09-06 15:01:48.344  1863  3368 E qxsdk   : nmea:$BDGSV,2,1,6,201,,,,202,,,,203,,,,204,,,*59
09-06 15:01:48.344  1863  3368 E qxsdk   : nmea:$BDGSV,2,2,6,205,,,,229,,,*50
09-06 15:01:48.344  1863  3368 E qxsdk   : nmea:$GPVTG,,T,,M,,N,,K,N*2C
09-06 15:01:48.398  1863  3368 E qxsdk   : nmea:$GPRMC,070149.00,A,2233.473424,N,11353.482851,E,0.0,12.7,060919,,,A*63
09-06 15:01:48.398  1863  3368 E qxsdk   : nmea:$ACCUR,1,12,0,20190906,070149.00,,,,,,,,,,*48
09-06 15:01:48.398  1863  3368 E qxsdk   : nmea:$GPGGA,070149.00,2233.473424,N,11353.482851,E,1,10,0.0,22.459,M,0.000,M,,*6B
09-06 15:01:48.398  1863  3367 E qxsdk   : cb_status_response status:3002 
09-06 15:01:48.398  1863  3367 E qxsdk   : posflag:8 
09-06 15:01:49.344  1863  3368 E qxsdk   : nmea:$GPGLL,,,,,,V,N*64
09-06 15:01:49.344  1863  3368 E qxsdk   : nmea:$GPGSA,A,1,,,,,,,,,,,,,,,*1E
09-06 15:01:49.344  1863  3368 E qxsdk   : nmea:$GPGSV,2,1,7,2,,,42,5,,,44,6,,,32,13,,,43*7E
09-06 15:01:49.344  1863  3368 E qxsdk   : nmea:$GPGSV,2,2,7,15,,,42,29,,,44,30,,,41*41
09-06 15:01:49.344  1863  3368 E qxsdk   : nmea:$BDGSV,2,1,6,201,,,,202,,,,203,,,,204,,,*59
09-06 15:01:49.344  1863  3368 E qxsdk   : nmea:$BDGSV,2,2,6,205,,,,229,,,*50
09-06 15:01:49.344  1863  3368 E qxsdk   : nmea:$GPVTG,,T,,M,,N,,K,N*2C
09-06 15:01:49.398  1863  3368 E qxsdk   : nmea:$GPRMC,070150.00,A,2233.473551,N,11353.482809,E,0.5,329.9,060919,,,A*55
09-06 15:01:49.399  1863  3368 E qxsdk   : nmea:$ACCUR,1,12,0,20190906,070150.00,,,,,,,,,,*40
09-06 15:01:49.399  1863  3368 E qxsdk   : nmea:$GPGGA,070150.00,2233.473551,N,11353.482809,E,1,08,0.0,22.570,M,0.000,M,,*6E
09-06 15:01:49.399  1863  3367 E qxsdk   : cb_status_response status:3002 
09-06 15:01:49.399  1863  3367 E qxsdk   : posflag:8 
09-06 15:01:50.344  1863  3368 E qxsdk   : nmea:$GPGLL,,,,,,V,N*64
09-06 15:01:50.344  1863  3368 E qxsdk   : nmea:$GPGSA,A,1,,,,,,,,,,,,,,,*1E
09-06 15:01:50.344  1863  3368 E qxsdk   : nmea:$GPGSV,2,1,7,2,,,34,5,,,38,6,,,23,13,,,35*75
09-06 15:01:50.344  1863  3368 E qxsdk   : nmea:$GPGSV,2,2,7,15,,,37,29,,,39,30,,,34*4B
09-06 15:01:50.344  1863  3368 E qxsdk   : nmea:$BDGSV,2,1,6,201,,,,202,,,,203,,,,204,,,*59
09-06 15:01:50.344  1863  3368 E qxsdk   : nmea:$BDGSV,2,2,6,205,,,,229,,,*50
09-06 15:01:50.344  1863  3368 E qxsdk   : nmea:$GPVTG,,T,,M,,N,,K,N*2C
09-06 15:01:50.393  1863  3367 E qxsdk   : cb_status_response status:3002 
09-06 15:01:50.393  1863  3367 E qxsdk   : posflag:8 
09-06 15:01:50.393  1863  3368 E qxsdk   : nmea:$GPRMC,070151.00,A,2233.473603,N,11353.482759,E,0.2,198.5,060919,,,A*59
09-06 15:01:50.393  1863  3368 E qxsdk   : nmea:$ACCUR,1,12,0,20190906,070151.00,,,,,,,,,,*41
09-06 15:01:50.394  1863  3368 E qxsdk   : nmea:$GPGGA,070151.00,2233.473603,N,11353.482759,E,1,07,0.0,22.473,M,0.000,M,,*6C
09-06 15:01:51.344  1863  3368 E qxsdk   : nmea:$GPGLL,,,,,,V,N*64
09-06 15:01:51.344  1863  3368 E qxsdk   : nmea:$GPGSA,A,1,,,,,,,,,,,,,,,*1E
09-06 15:01:51.344  1863  3368 E qxsdk   : nmea:$GPGSV,2,1,7,2,,,41,5,,,43,6,,,25,13,,,42*7D
09-06 15:01:51.344  1863  3368 E qxsdk   : nmea:$GPGSV,2,2,7,15,,,42,29,,,44,30,,,41*41
09-06 15:01:51.344  1863  3368 E qxsdk   : nmea:$BDGSV,2,1,6,201,,,,202,,,,203,,,,204,,,*59
09-06 15:01:51.344  1863  3368 E qxsdk   : nmea:$BDGSV,2,2,6,205,,,,229,,,*50
09-06 15:01:51.344  1863  3368 E qxsdk   : nmea:$GPVTG,,T,,M,,N,,K,N*2C
09-06 15:01:51.395  1863  3367 E qxsdk   : cb_status_response status:3002 
09-06 15:01:51.395  1863  3367 E qxsdk   : posflag:8 
09-06 15:01:51.395  1863  3368 E qxsdk   : nmea:$GPRMC,070152.00,A,2233.473557,N,11353.482770,E,0.1,192.2,060919,,,A*5D
09-06 15:01:51.395  1863  3368 E qxsdk   : nmea:$ACCUR,1,12,0,20190906,070152.00,,,,,,,,,,*42
09-06 15:01:51.395  1863  3368 E qxsdk   : nmea:$GPGGA,070152.00,2233.473557,N,11353.482770,E,1,07,0.0,22.364,M,0.000,M,,*67
09-06 15:01:52.344  1863  3368 E qxsdk   : nmea:$GPGLL,,,,,,V,N*64
09-06 15:01:52.344  1863  3368 E qxsdk   : nmea:$GPGSA,A,1,,,,,,,,,,,,,,,*1E
09-06 15:01:52.344  1863  3368 E qxsdk   : nmea:$GPGSV,2,1,7,2,,,45,5,,,47,6,,,34,13,,,46*79
09-06 15:01:52.344  1863  3368 E qxsdk   : nmea:$GPGSV,2,2,7,15,,,46,29,,,48,30,,,44*4C
09-06 15:01:52.344  1863  3368 E qxsdk   : nmea:$BDGSV,2,1,6,201,,,,202,,,,203,,,,204,,,*59
09-06 15:01:52.344  1863  3368 E qxsdk   : nmea:$BDGSV,2,2,6,205,,,,229,,,*50
09-06 15:01:52.344  1863  3368 E qxsdk   : nmea:$GPVTG,,T,,M,,N,,K,N*2C
09-06 15:01:52.394  1863  3367 E qxsdk   : cb_status_response status:3002 
09-06 15:01:52.394  1863  3367 E qxsdk   : posflag:8 
09-06 15:01:52.395  1863  3368 E qxsdk   : nmea:$GPRMC,070153.00,A,2233.473522,N,11353.482763,E,0.0,49.1,060919,,,A*69
09-06 15:01:52.395  1863  3368 E qxsdk   : nmea:$ACCUR,1,12,0,20190906,070153.00,,,,,,,,,,*43
09-06 15:01:52.395  1863  3368 E qxsdk   : nmea:$GPGGA,070153.00,2233.473522,N,11353.482763,E,1,08,0.0,22.179,M,0.000,M,,*67
09-06 15:01:53.344  1863  3368 E qxsdk   : nmea:$GPGLL,,,,,,V,N*64
09-06 15:01:53.344  1863  3368 E qxsdk   : nmea:$GPGSA,A,1,,,,,,,,,,,,,,,*1E
09-06 15:01:53.344  1863  3368 E qxsdk   : nmea:$GPGSV,2,1,7,2,,,42,5,,,44,6,,,31,13,,,44*7A
09-06 15:01:53.344  1863  3368 E qxsdk   : nmea:$GPGSV,2,2,7,15,,,43,29,,,46,30,,,42*41
09-06 15:01:53.344  1863  3368 E qxsdk   : nmea:$BDGSV,2,1,6,201,,,,202,,,,203,,,,204,,,*59
09-06 15:01:53.344  1863  3368 E qxsdk   : nmea:$BDGSV,2,2,6,205,,,,229,,,*50
09-06 15:01:53.344  1863  3368 E qxsdk   : nmea:$GPVTG,,T,,M,,N,,K,N*2C
09-06 15:01:53.392  1863  3367 E qxsdk   : cb_status_response status:3002 
09-06 15:01:53.392  1863  3367 E qxsdk   : posflag:8 
09-06 15:01:53.393  1863  3368 E qxsdk   : nmea:$GPRMC,070154.00,A,2233.473500,N,11353.482766,E,0.0,186.0,060919,,,A*58
09-06 15:01:53.393  1863  3368 E qxsdk   : nmea:$ACCUR,1,12,0,20190906,070154.00,,,,,,,,,,*44
09-06 15:01:53.393  1863  3368 E qxsdk   : nmea:$GPGGA,070154.00,2233.473500,N,11353.482766,E,1,07,0.0,22.069,M,0.000,M,,*6A
09-06 15:01:54.344  1863  3368 E qxsdk   : nmea:$GPGLL,,,,,,V,N*64
09-06 15:01:54.344  1863  3368 E qxsdk   : nmea:$GPGSA,A,1,,,,,,,,,,,,,,,*1E
09-06 15:01:54.344  1863  3368 E qxsdk   : nmea:$GPGSV,2,1,7,2,,,43,5,,,45,6,,,31,13,,,44*7A
09-06 15:01:54.344  1863  3368 E qxsdk   : nmea:$GPGSV,2,2,7,15,,,43,29,,,46,30,,,42*41
09-06 15:01:54.344  1863  3368 E qxsdk   : nmea:$BDGSV,2,1,6,201,,,,202,,,,203,,,,204,,,*59
09-06 15:01:54.344  1863  3368 E qxsdk   : nmea:$BDGSV,2,2,6,205,,,,229,,,*50
09-06 15:01:54.344  1863  3368 E qxsdk   : nmea:$GPVTG,,T,,M,,N,,K,N*2C
09-06 15:01:54.392  1863  3367 E qxsdk   : cb_status_response status:3002 
09-06 15:01:54.392  1863  3367 E qxsdk   : posflag:8 
09-06 15:01:54.393  1863  3368 E qxsdk   : nmea:$GPRMC,070155.00,A,2233.473482,N,11353.482756,E,0.0,50.7,060919,,,A*6C
09-06 15:01:54.393  1863  3368 E qxsdk   : nmea:$ACCUR,1,12,0,20190906,070155.00,,,,,,,,,,*45
09-06 15:01:54.393  1863  3368 E qxsdk   : nmea:$GPGGA,070155.00,2233.473482,N,11353.482756,E,1,07,0.0,21.940,M,0.000,M,,*62
09-06 15:01:55.347  1863  3368 E qxsdk   : nmea:$GPGLL,,,,,,V,N*64
09-06 15:01:55.347  1863  3368 E qxsdk   : nmea:$GPGSA,A,1,,,,,,,,,,,,,,,*1E
09-06 15:01:55.347  1863  3368 E qxsdk   : nmea:$GPGSV,2,1,7,2,,,43,5,,,46,6,,,32,13,,,45*7B
09-06 15:01:55.347  1863  3368 E qxsdk   : nmea:$GPGSV,2,2,7,15,,,44,29,,,47,30,,,43*46
09-06 15:01:55.347  1863  3368 E qxsdk   : nmea:$BDGSV,2,1,7,201,,,,202,,,,203,,,,204,,,*58
09-06 15:01:55.347  1863  3368 E qxsdk   : nmea:$BDGSV,2,2,7,205,,,,216,,,36,229,,,*61
09-06 15:01:55.347  1863  3368 E qxsdk   : nmea:$GPVTG,,T,,M,,N,,K,N*2C
09-06 15:01:55.393  1863  3367 E qxsdk   : cb_status_response status:3002 
09-06 15:01:55.393  1863  3367 E qxsdk   : posflag:8 
09-06 15:01:55.394  1863  3368 E qxsdk   : nmea:$GPRMC,070156.00,A,2233.473472,N,11353.482755,E,0.0,324.7,060919,,,A*53
09-06 15:01:55.394  1863  3368 E qxsdk   : nmea:$ACCUR,1,12,0,20190906,070156.00,,,,,,,,,,*46
09-06 15:01:55.394  1863  3368 E qxsdk   : nmea:$GPGGA,070156.00,2233.473472,N,11353.482755,E,1,08,0.0,21.908,M,0.000,M,,*6E
09-06 15:01:56.344  1863  3368 E qxsdk   : nmea:$GPGLL,,,,,,V,N*64
09-06 15:01:56.344  1863  3368 E qxsdk   : nmea:$GPGSA,A,1,,,,,,,,,,,,,,,*1E
09-06 15:01:56.344  1863  3368 E qxsdk   : nmea:$GPGSV,2,1,7,2,,,43,5,,,46,6,,,32,13,,,44*7A
09-06 15:01:56.344  1863  3368 E qxsdk   : nmea:$GPGSV,2,2,7,15,,,44,29,,,46,30,,,42*46
09-06 15:01:56.344  1863  3368 E qxsdk   : nmea:$BDGSV,2,1,7,201,,,,202,,,,203,,,,204,,,*58
09-06 15:01:56.344  1863  3368 E qxsdk   : nmea:$BDGSV,2,2,7,205,,,,216,,,,229,,,*64
09-06 15:01:56.344  1863  3368 E qxsdk   : nmea:$GPVTG,,T,,M,,N,,K,N*2C
09-06 15:01:56.395  1863  3367 E qxsdk   : cb_status_response status:3002 
09-06 15:01:56.395  1863  3367 E qxsdk   : posflag:8 
09-06 15:01:56.395  1863  3368 E qxsdk   : nmea:$GPRMC,070157.00,A,2233.473483,N,11353.482744,E,0.1,357.8,060919,,,A*56
09-06 15:01:56.395  1863  3368 E qxsdk   : nmea:$ACCUR,1,12,0,20190906,070157.00,,,,,,,,,,*47
09-06 15:01:56.395  1863  3368 E qxsdk   : nmea:$GPGGA,070157.00,2233.473483,N,11353.482744,E,1,09,0.0,21.908,M,0.000,M,,*60
09-06 15:01:57.344  1863  3368 E qxsdk   : nmea:$GPGLL,,,,,,V,N*64
09-06 15:01:57.344  1863  3368 E qxsdk   : nmea:$GPGSA,A,1,,,,,,,,,,,,,,,*1E
09-06 15:01:57.344  1863  3368 E qxsdk   : nmea:$GPGSV,2,1,7,2,,,42,5,,,45,6,,,31,13,,,42*7D
09-06 15:01:57.344  1863  3368 E qxsdk   : nmea:$GPGSV,2,2,7,15,,,43,29,,,45,30,,,41*41
09-06 15:01:57.344  1863  3368 E qxsdk   : nmea:$BDGSV,2,1,7,201,,,,202,,,,203,,,,204,,,*58
09-06 15:01:57.344  1863  3368 E qxsdk   : nmea:$BDGSV,2,2,7,205,,,,216,,,,229,,,*64
09-06 15:01:57.344  1863  3368 E qxsdk   : nmea:$GPVTG,,T,,M,,N,,K,N*2C
09-06 15:01:57.395  1863  3367 E qxsdk   : cb_status_response status:3002 
09-06 15:01:57.395  1863  3367 E qxsdk   : posflag:8 
09-06 15:01:57.395  1863  3368 E qxsdk   : nmea:$GPRMC,070158.00,A,2233.473482,N,11353.482735,E,0.0,6.0,060919,,,A*50
09-06 15:01:57.395  1863  3368 E qxsdk   : nmea:$ACCUR,1,12,0,20190906,070158.00,,,,,,,,,,*48
09-06 15:01:57.395  1863  3368 E qxsdk   : nmea:$GPGGA,070158.00,2233.473482,N,11353.482735,E,1,07,0.0,21.864,M,0.000,M,,*6D
09-06 15:01:58.345  1863  3368 E qxsdk   : nmea:$GPGLL,,,,,,V,N*64
09-06 15:01:58.345  1863  3368 E qxsdk   : nmea:$GPGSA,A,1,,,,,,,,,,,,,,,*1E
09-06 15:01:58.345  1863  3368 E qxsdk   : nmea:$GPGSV,2,1,7,2,,,43,5,,,46,6,,,31,13,,,44*79
09-06 15:01:58.345  1863  3368 E qxsdk   : nmea:$GPGSV,2,2,7,15,,,43,29,,,46,30,,,42*41
09-06 15:01:58.345  1863  3368 E qxsdk   : nmea:$BDGSV,2,1,7,201,,,,202,,,,203,,,,204,,,*58
09-06 15:01:58.345  1863  3368 E qxsdk   : nmea:$BDGSV,2,2,7,205,,,,216,,,,229,,,*64
09-06 15:01:58.345  1863  3368 E qxsdk   : nmea:$GPVTG,,T,,M,,N,,K,N*2C
09-06 15:01:58.394  1863  3367 E qxsdk   : cb_status_response status:3002 
09-06 15:01:58.394  1863  3367 E qxsdk   : posflag:8 
09-06 15:01:58.394  1863  3368 E qxsdk   : nmea:$GPRMC,070159.00,A,2233.473477,N,11353.482717,E,0.0,11.2,060919,,,A*6F
09-06 15:01:58.394  1863  3368 E qxsdk   : nmea:$ACCUR,1,12,0,20190906,070159.00,,,,,,,,,,*49
09-06 15:01:58.394  1863  3368 E qxsdk   : nmea:$GPGGA,070159.00,2233.473477,N,11353.482717,E,1,07,0.0,21.857,M,0.000,M,,*66
09-06 15:01:59.344  1863  3368 E qxsdk   : nmea:$GPGLL,,,,,,V,N*64
09-06 15:01:59.344  1863  3368 E qxsdk   : nmea:$GPGSA,A,1,,,,,,,,,,,,,,,*1E
09-06 15:01:59.344  1863  3368 E qxsdk   : nmea:$GPGSV,2,1,7,2,,,43,5,,,45,6,,,31,13,,,44*7A
09-06 15:01:59.344  1863  3368 E qxsdk   : nmea:$GPGSV,2,2,7,15,,,43,29,,,46,30,,,42*41
09-06 15:01:59.344  1863  3368 E qxsdk   : nmea:$BDGSV,2,1,7,201,,,,202,,,,203,,,,204,,,*58
09-06 15:01:59.344  1863  3368 E qxsdk   : nmea:$BDGSV,2,2,7,205,,,,216,,,,229,,,*64
09-06 15:01:59.344  1863  3368 E qxsdk   : nmea:$GPVTG,,T,,M,,N,,K,N*2C
09-06 15:01:59.392  1863  3367 E qxsdk   : cb_status_response status:3002 
09-06 15:01:59.392  1863  3367 E qxsdk   : posflag:8 
09-06 15:01:59.393  1863  3368 E qxsdk   : nmea:$GPRMC,070200.00,A,2233.473479,N,11353.482706,E,0.0,0.0,060919,,,A*5C
09-06 15:01:59.393  1863  3368 E qxsdk   : nmea:$ACCUR,1,12,0,20190906,070200.00,,,,,,,,,,*46
09-06 15:01:59.393  1863  3368 E qxsdk   : nmea:$GPGGA,070200.00,2233.473479,N,11353.482706,E,1,07,0.0,21.850,M,0.000,M,,*60
09-06 15:02:00.344  1863  3368 E qxsdk   : nmea:$GPGLL,,,,,,V,N*64
09-06 15:02:00.344  1863  3368 E qxsdk   : nmea:$GPGSA,A,1,,,,,,,,,,,,,,,*1E
09-06 15:02:00.344  1863  3368 E qxsdk   : nmea:$GPGSV,2,1,7,2,,,44,5,,,46,6,,,32,13,,,45*7C
09-06 15:02:00.344  1863  3368 E qxsdk   : nmea:$GPGSV,2,2,7,15,,,44,29,,,47,30,,,43*46
09-06 15:02:00.344  1863  3368 E qxsdk   : nmea:$BDGSV,2,1,7,201,,,,202,,,,203,,,,204,,,*58
09-06 15:02:00.344  1863  3368 E qxsdk   : nmea:$BDGSV,2,2,7,205,,,,216,,,,229,,,*64
09-06 15:02:00.344  1863  3368 E qxsdk   : nmea:$GPVTG,,T,,M,,N,,K,N*2C
09-06 15:02:00.396  1863  3367 E qxsdk   : cb_status_response status:3002 
09-06 15:02:00.396  1863  3367 E qxsdk   : posflag:8 
09-06 15:02:00.396  1863  3368 E qxsdk   : nmea:$GPRMC,070201.00,A,2233.473480,N,11353.482689,E,0.0,324.7,060919,,,A*5F
09-06 15:02:00.396  1863  3368 E qxsdk   : nmea:$ACCUR,1,12,0,20190906,070201.00,,,,,,,,,,*47
09-06 15:02:00.396  1863  3368 E qxsdk   : nmea:$GPGGA,070201.00,2233.473480,N,11353.482689,E,1,10,0.0,21.896,M,0.000,M,,*6D
09-06 15:02:01.349  1863  3368 E qxsdk   : nmea:$GPGLL,,,,,,V,N*64
09-06 15:02:01.350  1863  3368 E qxsdk   : nmea:$GPGSA,A,1,,,,,,,,,,,,,,,*1E
09-06 15:02:01.350  1863  3368 E qxsdk   : nmea:$GPGSV,2,1,7,2,,,43,5,,,46,6,,,32,13,,,44*7A
09-06 15:02:01.350  1863  3368 E qxsdk   : nmea:$GPGSV,2,2,7,15,,,43,29,,,46,30,,,42*41
09-06 15:02:01.350  1863  3368 E qxsdk   : nmea:$BDGSV,2,1,8,201,,,35,202,,,,203,,,,204,,,*51
09-06 15:02:01.350  1863  3368 E qxsdk   : nmea:$BDGSV,2,2,8,205,,,,216,,,,219,,,34,229,,,*56
09-06 15:02:01.350  1863  3368 E qxsdk   : nmea:$GPVTG,,T,,M,,N,,K,N*2C
09-06 15:02:01.399  1863  3367 E qxsdk   : cb_status_response status:3002 
09-06 15:02:01.399  1863  3367 E qxsdk   : posflag:8 
09-06 15:02:01.399  1863  3368 E qxsdk   : nmea:$GPRMC,070202.00,A,2233.473488,N,11353.482674,E,0.1,19.3,060919,,,A*6E
09-06 15:02:01.399  1863  3368 E qxsdk   : nmea:$ACCUR,1,12,0,20190906,070202.00,,,,,,,,,,*44
09-06 15:02:01.399  1863  3368 E qxsdk   : nmea:$GPGGA,070202.00,2233.473488,N,11353.482674,E,1,12,0.0,21.913,M,0.000,M,,*6A
09-06 15:02:02.398  1863  3368 E qxsdk   : nmea:$GPRMC,070203.00,A,2233.473476,N,11353.482646,E,0.0,334.8,060919,,,A*59
09-06 15:02:02.398  1863  3368 E qxsdk   : nmea:$ACCUR,1,12,0,20190906,070203.00,,,,,,,,,,*45
09-06 15:02:02.398  1863  3368 E qxsdk   : nmea:$GPGGA,070203.00,2233.473476,N,11353.482646,E,1,12,0.0,21.940,M,0.000,M,,*6D
09-06 15:02:02.399  1863  3368 E qxsdk   : nmea:$GPGLL,,,,,,V,N*64
09-06 15:02:02.399  1863  3368 E qxsdk   : nmea:$GPGSA,A,1,,,,,,,,,,,,,,,*1E
09-06 15:02:02.399  1863  3368 E qxsdk   : nmea:$GPGSV,2,1,7,2,,,43,5,,,45,6,,,32,13,,,44*79
09-06 15:02:02.399  1863  3368 E qxsdk   : nmea:$GPGSV,2,2,7,15,,,43,29,,,46,30,,,42*41
09-06 15:02:02.399  1863  3368 E qxsdk   : nmea:$BDGSV,2,1,8,201,,,33,202,,,,203,,,,204,,,*57
09-06 15:02:02.399  1863  3368 E qxsdk   : nmea:$BDGSV,2,2,8,205,,,,216,,,34,219,,,35,229,,,*50
09-06 15:02:02.399  1863  3368 E qxsdk   : nmea:$GPVTG,,T,,M,,N,,K,N*2C
09-06 15:02:02.399  1863  3367 E qxsdk   : cb_status_response status:3002 
09-06 15:02:02.399  1863  3367 E qxsdk   : posflag:8 
09-06 15:02:03.343  1863  3368 E qxsdk   : nmea:$GPGLL,,,,,,V,N*64
09-06 15:02:03.343  1863  3368 E qxsdk   : nmea:$GPGSA,A,1,,,,,,,,,,,,,,,*1E
09-06 15:02:03.343  1863  3368 E qxsdk   : nmea:$GPGSV,2,1,7,2,,,43,5,,,45,6,,,32,13,,,44*79
09-06 15:02:03.343  1863  3368 E qxsdk   : nmea:$GPGSV,2,2,7,15,,,43,29,,,46,30,,,41*42
09-06 15:02:03.343  1863  3368 E qxsdk   : nmea:$BDGSV,2,1,8,201,,,,202,,,,203,,,,204,,,*57
09-06 15:02:03.343  1863  3368 E qxsdk   : nmea:$BDGSV,2,2,8,205,,,,216,,,,219,,,,229,,,*51
09-06 15:02:03.343  1863  3368 E qxsdk   : nmea:$GPVTG,,T,,M,,N,,K,N*2C
09-06 15:02:03.397  1863  3368 E qxsdk   : nmea:$GPRMC,070204.00,A,2233.473467,N,11353.482629,E,0.0,50.7,060919,,,A*69
09-06 15:02:03.397  1863  3368 E qxsdk   : nmea:$ACCUR,1,12,0,20190906,070204.00,,,,,,,,,,*42
09-06 15:02:03.398  1863  3368 E qxsdk   : nmea:$GPGGA,070204.00,2233.473467,N,11353.482629,E,1,11,0.0,21.979,M,0.000,M,,*6A
09-06 15:02:03.398  1863  3367 E qxsdk   : cb_status_response status:3002 
09-06 15:02:03.398  1863  3367 E qxsdk   : posflag:8 
09-06 15:02:04.344  1863  3368 E qxsdk   : nmea:$GPGLL,,,,,,V,N*64
09-06 15:02:04.344  1863  3368 E qxsdk   : nmea:$GPGSA,A,1,,,,,,,,,,,,,,,*1E
09-06 15:02:04.344  1863  3368 E qxsdk   : nmea:$GPGSV,2,1,7,2,,,43,5,,,45,6,,,30,13,,,43*7C
09-06 15:02:04.344  1863  3368 E qxsdk   : nmea:$GPGSV,2,2,7,15,,,43,29,,,46,30,,,41*42
09-06 15:02:04.344  1863  3368 E qxsdk   : nmea:$BDGSV,2,1,8,201,,,,202,,,,203,,,,204,,,*57
09-06 15:02:04.344  1863  3368 E qxsdk   : nmea:$BDGSV,2,2,8,205,,,,216,,,,219,,,,229,,,*51
09-06 15:02:04.344  1863  3368 E qxsdk   : nmea:$GPVTG,,T,,M,,N,,K,N*2C
09-06 15:02:04.393  1863  3368 E qxsdk   : nmea:$GPRMC,070205.00,A,2233.473454,N,11353.482624,E,0.0,95.0,060919,,,A*6B
09-06 15:02:04.393  1863  3368 E qxsdk   : nmea:$ACCUR,1,12,0,20190906,070205.00,,,,,,,,,,*43
09-06 15:02:04.393  1863  3368 E qxsdk   : nmea:$GPGGA,070205.00,2233.473454,N,11353.482624,E,1,07,0.0,21.988,M,0.000,M,,*6F
09-06 15:02:04.393  1863  3367 E qxsdk   : cb_status_response status:3002 
09-06 15:02:04.393  1863  3367 E qxsdk   : posflag:8 
09-06 15:02:05.344  1863  3368 E qxsdk   : nmea:$GPGLL,,,,,,V,N*64
09-06 15:02:05.345  1863  3368 E qxsdk   : nmea:$GPGSA,A,1,,,,,,,,,,,,,,,*1E
09-06 15:02:05.345  1863  3368 E qxsdk   : nmea:$GPGSV,2,1,7,2,,,44,5,,,45,6,,,31,13,,,44*7D
09-06 15:02:05.345  1863  3368 E qxsdk   : nmea:$GPGSV,2,2,7,15,,,44,29,,,46,30,,,43*47
09-06 15:02:05.345  1863  3368 E qxsdk   : nmea:$BDGSV,2,1,8,201,,,,202,,,,203,,,,204,,,*57
09-06 15:02:05.345  1863  3368 E qxsdk   : nmea:$BDGSV,2,2,8,205,,,,216,,,,219,,,,229,,,*51
09-06 15:02:05.345  1863  3368 E qxsdk   : nmea:$GPVTG,,T,,M,,N,,K,N*2C
09-06 15:02:05.395  1863  3367 E qxsdk   : cb_status_response status:3002 
09-06 15:02:05.395  1863  3367 E qxsdk   : posflag:8 
09-06 15:02:05.395  1863  3368 E qxsdk   : nmea:$GPRMC,070206.00,A,2233.473451,N,11353.482614,E,0.0,6.0,060919,,,A*54
09-06 15:02:05.395  1863  3368 E qxsdk   : nmea:$ACCUR,1,12,0,20190906,070206.00,,,,,,,,,,*40
09-06 15:02:05.395  1863  3368 E qxsdk   : nmea:$GPGGA,070206.00,2233.473451,N,11353.482614,E,1,07,0.0,22.001,M,0.000,M,,*61
09-06 15:02:06.349  1863  3368 E qxsdk   : nmea:$GPGLL,,,,,,V,N*64
09-06 15:02:06.349  1863  3368 E qxsdk   : nmea:$GPGSA,A,1,,,,,,,,,,,,,,,*1E
09-06 15:02:06.349  1863  3368 E qxsdk   : nmea:$GPGSV,2,1,7,2,,,44,5,,,46,6,,,31,13,,,45*7F
09-06 15:02:06.349  1863  3368 E qxsdk   : nmea:$GPGSV,2,2,7,15,,,45,29,,,47,30,,,43*47
09-06 15:02:06.349  1863  3368 E qxsdk   : nmea:$BDGSV,3,1,10,201,,,,202,,,,203,,,,204,,,*6F
09-06 15:02:06.349  1863  3368 E qxsdk   : nmea:$BDGSV,3,2,10,205,,,,206,,,33,216,,,,219,,,*64
09-06 15:02:06.349  1863  3368 E qxsdk   : nmea:$BDGSV,3,3,10,229,,,,230,,,33*61
09-06 15:02:06.349  1863  3368 E qxsdk   : nmea:$GPVTG,,T,,M,,N,,K,N*2C
09-06 15:02:06.404  1863  3367 E qxsdk   : cb_status_response status:3002 
09-06 15:02:06.404  1863  3367 E qxsdk   : posflag:8 
09-06 15:02:06.404  1863  3368 E qxsdk   : nmea:$GPRMC,070207.00,A,2233.473472,N,11353.482603,E,0.2,353.1,060919,,,A*52
09-06 15:02:06.404  1863  3368 E qxsdk   : nmea:$ACCUR,1,12,0,20190906,070207.00,,,,,,,,,,*41
09-06 15:02:06.404  1863  3368 E qxsdk   : nmea:$GPGGA,070207.00,2233.473472,N,11353.482603,E,1,11,0.0,22.009,M,0.000,M,,*68
09-06 15:02:07.361  1863  3368 E qxsdk   : nmea:$GPGLL,,,,,,V,N*64
09-06 15:02:07.361  1863  3368 E qxsdk   : nmea:$GPGSA,A,1,,,,,,,,,,,,,,,*1E
09-06 15:02:07.362  1863  3368 E qxsdk   : nmea:$GPGSV,2,1,7,2,,,39,5,,,40,6,,,30,13,,,39*79
09-06 15:02:07.362  1863  3368 E qxsdk   : nmea:$GPGSV,2,2,7,15,,,40,29,,,41,30,,,39*49
09-06 15:02:07.362  1863  3368 E qxsdk   : nmea:$BDGSV,3,1,12,201,,,,202,,,,203,,,,204,,,*6D
09-06 15:02:07.362  1863  3368 E qxsdk   : nmea:$BDGSV,3,2,12,205,,,,206,,,33,208,,,33,216,,,34*61
09-06 15:02:07.362  1863  3368 E qxsdk   : nmea:$BDGSV,3,3,12,219,,,,220,,,35,229,,,36,230,,,33*6A
09-06 15:02:07.362  1863  3368 E qxsdk   : nmea:$GPVTG,,T,,M,,N,,K,N*2C
09-06 15:02:07.409  1863  3367 E qxsdk   : cb_status_response status:3002 
09-06 15:02:07.409  1863  3367 E qxsdk   : posflag:8 
09-06 15:02:07.409  1863  3368 E qxsdk   : nmea:$GPRMC,070208.00,A,2233.473362,N,11353.482660,E,0.6,149.4,060919,,,A*56
09-06 15:02:07.409  1863  3368 E qxsdk   : nmea:$ACCUR,1,12,0,20190906,070208.00,,,,,,,,,,*4E
09-06 15:02:07.409  1863  3368 E qxsdk   : nmea:$GPGGA,070208.00,2233.473362,N,11353.482660,E,1,16,0.0,21.900,M,0.000,M,,*60
09-06 15:02:08.359  1863  3368 E qxsdk   : nmea:$GPGLL,,,,,,V,N*64
09-06 15:02:08.359  1863  3368 E qxsdk   : nmea:$GPGSA,A,1,,,,,,,,,,,,,,,*1E
09-06 15:02:08.359  1863  3368 E qxsdk   : nmea:$GPGSV,2,1,7,2,,,41,5,,,44,6,,,29,13,,,43*77
09-06 15:02:08.359  1863  3368 E qxsdk   : nmea:$GPGSV,2,2,7,15,,,43,29,,,45,30,,,41*41
09-06 15:02:08.359  1863  3368 E qxsdk   : nmea:$BDGSV,3,1,12,201,,,,202,,,,203,,,,204,,,*6D
09-06 15:02:08.359  1863  3368 E qxsdk   : nmea:$BDGSV,3,2,12,205,,,,206,,,32,208,,,,216,,,33*67
09-06 15:02:08.359  1863  3368 E qxsdk   : nmea:$BDGSV,3,3,12,219,,,,220,,,34,229,,,36,230,,,32*6A
09-06 15:02:08.360  1863  3368 E qxsdk   : nmea:$GPVTG,,T,,M,,N,,K,N*2C
09-06 15:02:08.415  1863  3367 E qxsdk   : cb_status_response status:3002 
09-06 15:02:08.415  1863  3367 E qxsdk   : posflag:8 
09-06 15:02:08.415  1863  3368 E qxsdk   : nmea:$GPRMC,070209.00,A,2233.473309,N,11353.482688,E,0.0,134.8,060919,,,A*5C
09-06 15:02:08.415  1863  3368 E qxsdk   : nmea:$ACCUR,1,12,0,20190906,070209.00,,,,,,,,,,*4F
09-06 15:02:08.416  1863  3368 E qxsdk   : nmea:$GPGGA,070209.00,2233.473309,N,11353.482688,E,1,16,0.0,21.823,M,0.000,M,,*6A
09-06 15:02:09.344  1863  3368 E qxsdk   : nmea:$GPGLL,,,,,,V,N*64
09-06 15:02:09.344  1863  3368 E qxsdk   : nmea:$GPGSA,A,1,,,,,,,,,,,,,,,*1E
09-06 15:02:09.344  1863  3368 E qxsdk   : nmea:$GPGSV,2,1,7,2,,,36,5,,,39,6,,,27,13,,,38*7F
09-06 15:02:09.344  1863  3368 E qxsdk   : nmea:$GPGSV,2,2,7,15,,,38,29,,,39,30,,,36*46
09-06 15:02:09.344  1863  3368 E qxsdk   : nmea:$BDGSV,3,1,12,201,,,,202,,,,203,,,,204,,,*6D
09-06 15:02:09.344  1863  3368 E qxsdk   : nmea:$BDGSV,3,2,12,205,,,,206,,,,208,,,,216,,,*66
09-06 15:02:09.344  1863  3368 E qxsdk   : nmea:$BDGSV,3,3,12,219,,,,220,,,,229,,,,230,,,*69
09-06 15:02:09.344  1863  3368 E qxsdk   : nmea:$GPVTG,,T,,M,,N,,K,N*2C
09-06 15:02:09.400  1863  3367 E qxsdk   : cb_status_response status:3002 
09-06 15:02:09.400  1863  3367 E qxsdk   : posflag:8 
09-06 15:02:09.400  1863  3368 E qxsdk   : nmea:$GPRMC,070210.00,A,2233.473299,N,11353.482687,E,0.0,231.7,060919,,,A*5A
09-06 15:02:09.400  1863  3368 E qxsdk   : nmea:$ACCUR,1,12,0,20190906,070210.00,,,,,,,,,,*47
09-06 15:02:09.400  1863  3368 E qxsdk   : nmea:$GPGGA,070210.00,2233.473299,N,11353.482687,E,1,14,0.0,21.791,M,0.000,M,,*61
09-06 15:02:10.350  1863  3368 E qxsdk   : nmea:$GPGLL,,,,,,V,N*64
09-06 15:02:10.350  1863  3368 E qxsdk   : nmea:$GPGSA,A,1,,,,,,,,,,,,,,,*1E
09-06 15:02:10.350  1863  3368 E qxsdk   : nmea:$GPGSV,2,1,7,2,,,39,5,,,43,6,,,27,13,,,41*73
09-06 15:02:10.350  1863  3368 E qxsdk   : nmea:$GPGSV,2,2,7,15,,,41,29,,,43,30,,,40*44
09-06 15:02:10.350  1863  3368 E qxsdk   : nmea:$BDGSV,4,1,13,201,,,,202,,,,203,,,,204,,,*6B
09-06 15:02:10.350  1863  3368 E qxsdk   : nmea:$BDGSV,4,2,13,205,,,,206,,,,208,,,,210,,,17*60
09-06 15:02:10.350  1863  3368 E qxsdk   : nmea:$BDGSV,4,3,13,216,,,,219,,,28,220,,,,229,,,*61
09-06 15:02:10.350  1863  3368 E qxsdk   : nmea:$BDGSV,4,4,13,230,,,*5B
09-06 15:02:10.350  1863  3368 E qxsdk   : nmea:$GPVTG,,T,,M,,N,,K,N*2C
09-06 15:02:10.400  1863  3367 E qxsdk   : cb_status_response status:3002 
09-06 15:02:10.401  1863  3367 E qxsdk   : posflag:8 
09-06 15:02:10.401  1863  3368 E qxsdk   : nmea:$GPRMC,070211.00,A,2233.473278,N,11353.482674,E,0.1,230.4,060919,,,A*5B
09-06 15:02:10.401  1863  3368 E qxsdk   : nmea:$ACCUR,1,12,0,20190906,070211.00,,,,,,,,,,*46
09-06 15:02:10.401  1863  3368 E qxsdk   : nmea:$GPGGA,070211.00,2233.473278,N,11353.482674,E,1,14,0.0,21.752,M,0.000,M,,*6C
09-06 15:02:11.350  1863  3368 E qxsdk   : nmea:$GPGLL,,,,,,V,N*64
09-06 15:02:11.350  1863  3368 E qxsdk   : nmea:$GPGSA,A,1,,,,,,,,,,,,,,,*1E
09-06 15:02:11.350  1863  3368 E qxsdk   : nmea:$GPGSV,2,1,7,2,,,40,5,,,43,6,,,26,13,,,41*7C
09-06 15:02:11.350  1863  3368 E qxsdk   : nmea:$GPGSV,2,2,7,15,,,41,29,,,43,30,,,40*44
09-06 15:02:11.350  1863  3368 E qxsdk   : nmea:$BDGSV,4,1,13,201,,,,202,,,,203,,,,204,,,*6B
09-06 15:02:11.350  1863  3368 E qxsdk   : nmea:$BDGSV,4,2,13,205,,,,206,,,,208,,,31,210,,,17*62
09-06 15:02:11.351  1863  3368 E qxsdk   : nmea:$BDGSV,4,3,13,216,,,,219,,,,220,,,,229,,,*6B
09-06 15:02:11.351  1863  3368 E qxsdk   : nmea:$BDGSV,4,4,13,230,,,*5B
09-06 15:02:11.351  1863  3368 E qxsdk   : nmea:$GPVTG,,T,,M,,N,,K,N*2C
09-06 15:02:11.400  1863  3368 E qxsdk   : nmea:$GPRMC,070212.00,A,2233.473242,N,11353.482665,E,0.0,134.8,060919,,,A*5B
09-06 15:02:11.400  1863  3368 E qxsdk   : nmea:$ACCUR,1,12,0,20190906,070212.00,,,,,,,,,,*45
09-06 15:02:11.400  1863  3368 E qxsdk   : nmea:$GPGGA,070212.00,2233.473242,N,11353.482665,E,1,13,0.0,21.705,M,0.000,M,,*63
09-06 15:02:11.400  1863  3367 E qxsdk   : cb_status_response status:3002 
09-06 15:02:11.400  1863  3367 E qxsdk   : posflag:8 
09-06 15:02:12.352  1863  3368 E qxsdk   : nmea:$GPGLL,,,,,,V,N*64
09-06 15:02:12.352  1863  3368 E qxsdk   : nmea:$GPGSA,A,1,,,,,,,,,,,,,,,*1E
09-06 15:02:12.352  1863  3368 E qxsdk   : nmea:$GPGSV,2,1,7,2,,,39,5,,,41,6,,,25,13,,,39*7C
09-06 15:02:12.352  1863  3368 E qxsdk   : nmea:$GPGSV,2,2,7,15,,,38,29,,,41,30,,,37*48
09-06 15:02:12.352  1863  3368 E qxsdk   : nmea:$BDGSV,4,1,14,201,,,,202,,,,203,,,,204,,,*6C
09-06 15:02:12.352  1863  3368 E qxsdk   : nmea:$BDGSV,4,2,14,205,,,,206,,,,208,,,,209,,,29*62
09-06 15:02:12.353  1863  3368 E qxsdk   : nmea:$BDGSV,4,3,14,210,,,20,216,,,,219,,,,220,,,39*6E
09-06 15:02:12.353  1863  3368 E qxsdk   : nmea:$BDGSV,4,4,14,229,,,,230,,,*65
09-06 15:02:12.353  1863  3368 E qxsdk   : nmea:$GPVTG,,T,,M,,N,,K,N*2C
09-06 15:02:12.400  1863  3368 E qxsdk   : nmea:$GPRMC,070213.00,A,2233.473227,N,11353.482660,E,0.0,52.5,060919,,,A*60
09-06 15:02:12.400  1863  3368 E qxsdk   : nmea:$ACCUR,1,12,0,20190906,070213.00,,,,,,,,,,*44
09-06 15:02:12.400  1863  3368 E qxsdk   : nmea:$GPGGA,070213.00,2233.473227,N,11353.482660,E,1,13,0.0,21.690,M,0.000,M,,*69
09-06 15:02:12.400  1863  3367 E qxsdk   : cb_status_response status:3002 
09-06 15:02:12.400  1863  3367 E qxsdk   : posflag:8 
09-06 15:02:13.343  1863  3368 E qxsdk   : nmea:$GPGLL,,,,,,V,N*64
09-06 15:02:13.343  1863  3368 E qxsdk   : nmea:$GPGSA,A,1,,,,,,,,,,,,,,,*1E
09-06 15:02:13.343  1863  3368 E qxsdk   : nmea:$GPGSV,2,1,7,2,,,38,5,,,40,6,,,24,13,,,39*7D
09-06 15:02:13.343  1863  3368 E qxsdk   : nmea:$GPGSV,2,2,7,15,,,39,29,,,41,30,,,37*49
09-06 15:02:13.343  1863  3368 E qxsdk   : nmea:$BDGSV,4,1,14,201,,,,202,,,,203,,,,204,,,*6C
09-06 15:02:13.343  1863  3368 E qxsdk   : nmea:$BDGSV,4,2,14,205,,,,206,,,,208,,,,209,,,*69
09-06 15:02:13.343  1863  3368 E qxsdk   : nmea:$BDGSV,4,3,14,210,,,,216,,,,219,,,,220,,,*66
09-06 15:02:13.343  1863  3368 E qxsdk   : nmea:$BDGSV,4,4,14,229,,,,230,,,*65
09-06 15:02:13.343  1863  3368 E qxsdk   : nmea:$GPVTG,,T,,M,,N,,K,N*2C
09-06 15:02:13.400  1863  3367 E qxsdk   : cb_status_response status:3002 
09-06 15:02:13.400  1863  3367 E qxsdk   : posflag:8 
09-06 15:02:13.400  1863  3368 E qxsdk   : nmea:$GPRMC,070214.00,A,2233.473128,N,11353.482699,E,0.5,135.0,060919,,,A*5D
09-06 15:02:13.400  1863  3368 E qxsdk   : nmea:$ACCUR,1,12,0,20190906,070214.00,,,,,,,,,,*43
09-06 15:02:13.400  1863  3368 E qxsdk   : nmea:$GPGGA,070214.00,2233.473128,N,11353.482699,E,1,12,0.0,21.586,M,0.000,M,,*61
09-06 15:02:14.350  1863  3368 E qxsdk   : nmea:$GPGLL,,,,,,V,N*64
09-06 15:02:14.350  1863  3368 E qxsdk   : nmea:$GPGSA,A,1,,,,,,,,,,,,,,,*1E
09-06 15:02:14.350  1863  3368 E qxsdk   : nmea:$GPGSV,2,1,7,2,,,41,5,,,44,6,,,27,13,,,41*7B
09-06 15:02:14.350  1863  3368 E qxsdk   : nmea:$GPGSV,2,2,7,15,,,42,29,,,43,30,,,40*47
09-06 15:02:14.350  1863  3368 E qxsdk   : nmea:$BDGSV,4,1,14,201,,,,202,,,,203,,,32,204,,,31*6F
09-06 15:02:14.350  1863  3368 E qxsdk   : nmea:$BDGSV,4,2,14,205,,,,206,,,,208,,,,209,,,*69
09-06 15:02:14.350  1863  3368 E qxsdk   : nmea:$BDGSV,4,3,14,210,,,,216,,,,219,,,,220,,,*66
09-06 15:02:14.350  1863  3368 E qxsdk   : nmea:$BDGSV,4,4,14,229,,,,230,,,*65
09-06 15:02:14.350  1863  3368 E qxsdk   : nmea:$GPVTG,,T,,M,,N,,K,N*2C
09-06 15:02:14.402  1863  3367 E qxsdk   : cb_status_response status:3002 
09-06 15:02:14.402  1863  3367 E qxsdk   : posflag:8 
09-06 15:02:14.402  1863  3368 E qxsdk   : nmea:$GPRMC,070215.00,A,2233.473086,N,11353.482703,E,0.0,57.4,060919,,,A*6F
09-06 15:02:14.402  1863  3368 E qxsdk   : nmea:$ACCUR,1,12,0,20190906,070215.00,,,,,,,,,,*42
09-06 15:02:14.402  1863  3368 E qxsdk   : nmea:$GPGGA,070215.00,2233.473086,N,11353.482703,E,1,11,0.0,21.510,M,0.000,M,,*6B
09-06 15:02:15.414  1863  3368 E qxsdk   : nmea:$GPRMC,070216.00,A,2233.473084,N,11353.482681,E,0.0,230.7,060919,,,A*55
09-06 15:02:15.414  1863  3368 E qxsdk   : nmea:$ACCUR,1,12,0,20190906,070216.00,,,,,,,,,,*41
09-06 15:02:15.414  1863  3368 E qxsdk   : nmea:$GPGGA,070216.00,2233.473084,N,11353.482681,E,1,12,0.0,21.467,M,0.000,M,,*63
09-06 15:02:15.414  1863  3368 E qxsdk   : nmea:$GPGLL,,,,,,V,N*64
09-06 15:02:15.414  1863  3368 E qxsdk   : nmea:$GPGSA,A,1,,,,,,,,,,,,,,,*1E
09-06 15:02:15.414  1863  3368 E qxsdk   : nmea:$GPGSV,2,1,7,2,,,41,5,,,44,6,,,28,13,,,42*77
09-06 15:02:15.414  1863  3368 E qxsdk   : nmea:$GPGSV,2,2,7,15,,,42,29,,,43,30,,,40*47
09-06 15:02:15.414  1863  3368 E qxsdk   : nmea:$BDGSV,4,1,14,201,,,32,202,,,31,203,,,,204,,,32*6E
09-06 15:02:15.414  1863  3368 E qxsdk   : nmea:$BDGSV,4,2,14,205,,,,206,,,,208,,,28,209,,,*63
09-06 15:02:15.414  1863  3368 E qxsdk   : nmea:$BDGSV,4,3,14,210,,,,216,,,28,219,,,31,220,,,31*6C
09-06 15:02:15.414  1863  3368 E qxsdk   : nmea:$BDGSV,4,4,14,229,,,,230,,,29*6E
09-06 15:02:15.414  1863  3368 E qxsdk   : nmea:$GPVTG,,T,,M,,N,,K,N*2C
09-06 15:02:15.414  1863  3367 E qxsdk   : cb_status_response status:3002 
09-06 15:02:15.414  1863  3367 E qxsdk   : posflag:8 
09-06 15:02:16.419  1863  3368 E qxsdk   : nmea:$GPRMC,070217.00,A,2233.473088,N,11353.482687,E,0.1,138.7,060919,,,A*54
09-06 15:02:16.419  1863  3368 E qxsdk   : nmea:$ACCUR,1,12,0,20190906,070217.00,,,,,,,,,,*40
09-06 15:02:16.419  1863  3368 E qxsdk   : nmea:$GPGGA,070217.00,2233.473088,N,11353.482687,E,1,13,0.0,21.605,M,0.000,M,,*6F
09-06 15:02:16.419  1863  3368 E qxsdk   : nmea:$GPGLL,,,,,,V,N*64
09-06 15:02:16.419  1863  3368 E qxsdk   : nmea:$GPGSA,A,1,,,,,,,,,,,,,,,*1E
09-06 15:02:16.419  1863  3368 E qxsdk   : nmea:$GPGSV,2,1,7,2,,,41,5,,,43,6,,,27,13,,,41*7C
09-06 15:02:16.419  1863  3368 E qxsdk   : nmea:$GPGSV,2,2,7,15,,,42,29,,,43,30,,,40*47
09-06 15:02:16.419  1863  3368 E qxsdk   : nmea:$BDGSV,4,1,14,201,,,32,202,,,,203,,,31,204,,,32*6E
09-06 15:02:16.419  1863  3368 E qxsdk   : nmea:$BDGSV,4,2,14,205,,,,206,,,30,208,,,29,209,,,*61
09-06 15:02:16.419  1863  3368 E qxsdk   : nmea:$BDGSV,4,3,14,210,,,,216,,,29,219,,,34,220,,,32*6B
09-06 15:02:16.419  1863  3368 E qxsdk   : nmea:$BDGSV,4,4,14,229,,,34,230,,,30*61
09-06 15:02:16.419  1863  3368 E qxsdk   : nmea:$GPVTG,,T,,M,,N,,K,N*2C
09-06 15:02:16.419  1863  3367 E qxsdk   : cb_status_response status:3002 
09-06 15:02:16.419  1863  3367 E qxsdk   : posflag:8 
09-06 15:02:17.422  1863  3368 E qxsdk   : nmea:$GPRMC,070218.00,A,2233.473075,N,11353.482742,E,0.3,115.7,060919,,,A*5C
09-06 15:02:17.422  1863  3368 E qxsdk   : nmea:$ACCUR,1,12,0,20190906,070218.00,,,,,,,,,,*4F
09-06 15:02:17.422  1863  3368 E qxsdk   : nmea:$GPGGA,070218.00,2233.473075,N,11353.482742,E,1,15,0.0,21.818,M,0.000,M,,*6E
09-06 15:02:17.422  1863  3368 E qxsdk   : nmea:$GPGLL,,,,,,V,N*64
09-06 15:02:17.423  1863  3368 E qxsdk   : nmea:$GPGSA,A,1,,,,,,,,,,,,,,,*1E
09-06 15:02:17.423  1863  3368 E qxsdk   : nmea:$GPGSV,2,1,7,2,,,40,5,,,42,6,,,26,13,,,40*7C
09-06 15:02:17.423  1863  3368 E qxsdk   : nmea:$GPGSV,2,2,7,15,,,41,29,,,42,30,,,39*4B
09-06 15:02:17.423  1863  3368 E qxsdk   : nmea:$BDGSV,4,1,15,201,,,,202,,,32,203,,,,204,,,32*6D
09-06 15:02:17.423  1863  3368 E qxsdk   : nmea:$BDGSV,4,2,15,205,,,30,206,,,30,208,,,29,209,,,26*67
09-06 15:02:17.423  1863  3368 E qxsdk   : nmea:$BDGSV,4,3,15,210,,,,213,,,30,216,,,31,219,,,32*67
09-06 15:02:17.423  1863  3368 E qxsdk   : nmea:$BDGSV,4,4,15,220,,,33,229,,,34,230,,,*53
09-06 15:02:17.423  1863  3368 E qxsdk   : nmea:$GPVTG,,T,,M,,N,,K,N*2C
09-06 15:02:17.423  1863  3367 E qxsdk   : cb_status_response status:3002 
09-06 15:02:17.423  1863  3367 E qxsdk   : posflag:8 
09-06 15:02:18.428  1863  3368 E qxsdk   : nmea:$GPRMC,070219.00,A,2233.473022,N,11353.482791,E,0.3,137.3,060919,,,A*55
09-06 15:02:18.428  1863  3368 E qxsdk   : nmea:$ACCUR,1,12,0,20190906,070219.00,,,,,,,,,,*4E
09-06 15:02:18.428  1863  3368 E qxsdk   : nmea:$GPGGA,070219.00,2233.473022,N,11353.482791,E,1,16,0.0,22.055,M,0.000,M,,*62
09-06 15:02:18.428  1863  3368 E qxsdk   : nmea:$GPGLL,,,,,,V,N*64
09-06 15:02:18.428  1863  3368 E qxsdk   : nmea:$GPGSA,A,1,,,,,,,,,,,,,,,*1E
09-06 15:02:18.428  1863  3368 E qxsdk   : nmea:$GPGSV,2,1,7,2,,,39,5,,,41,6,,,25,13,,,40*72
09-06 15:02:18.428  1863  3368 E qxsdk   : nmea:$GPGSV,2,2,7,15,,,41,29,,,42,30,,,39*4B
