09-06 15:04:59.365  1863  3368 E qxsdk   : nmea:$BDGSV,4,1,16,201,,,31,202,,,31,203,,,,204,,,32*6F
09-06 15:04:59.365  1863  3368 E qxsdk   : nmea:$BDGSV,4,2,16,205,,,,206,,,30,207,,,,208,,,*66
09-06 15:04:59.365  1863  3368 E qxsdk   : nmea:$BDGSV,4,3,16,209,,,,210,,,,213,,,31,216,,,30*64
09-06 15:04:59.365  1863  3368 E qxsdk   : nmea:$BDGSV,4,4,16,219,,,29,220,,,,229,,,29,230,,,*6D
09-06 15:04:59.366  1863  3368 E qxsdk   : nmea:$GPVTG,,T,,M,,N,,K,N*2C
09-06 15:04:59.420  1863  3368 E qxsdk   : nmea:$GPRMC,070500.00,A,2233.474054,N,11353.483041,E,0.2,358.6,060919,,,A*58
09-06 15:04:59.420  1863  3368 E qxsdk   : nmea:$ACCUR,1,12,0,20190906,070500.00,,,,,,,,,,*41
09-06 15:04:59.420  1863  3368 E qxsdk   : nmea:$GPGGA,070500.00,2233.474054,N,11353.483041,E,1,14,0.0,22.839,M,0.000,M,,*60
09-06 15:04:59.420  1863  3367 E qxsdk   : cb_status_response status:3002 
09-06 15:04:59.420  1863  3367 E qxsdk   : posflag:8 
09-06 15:05:00.356  1863  3368 E qxsdk   : nmea:$GPGLL,,,,,,V,N*64
09-06 15:05:00.356  1863  3368 E qxsdk   : nmea:$GPGSA,A,1,,,,,,,,,,,,,,,*1E
09-06 15:05:00.356  1863  3368 E qxsdk   : nmea:$GPGSV,2,1,8,2,,,38,5,,,38,6,,,,13,,,38*7A
09-06 15:05:00.356  1863  3368 E qxsdk   : nmea:$GPGSV,2,2,8,15,,,36,21,,,,29,,,39,30,,,38*4A
09-06 15:05:00.356  1863  3368 E qxsdk   : nmea:$BDGSV,4,1,16,201,,,,202,,,,203,,,,204,,,*6E
09-06 15:05:00.356  1863  3368 E qxsdk   : nmea:$BDGSV,4,2,16,205,,,31,206,,,33,207,,,,208,,,*67
09-06 15:05:00.356  1863  3368 E qxsdk   : nmea:$BDGSV,4,3,16,209,,,32,210,,,,213,,,,216,,,34*63
09-06 15:05:00.356  1863  3368 E qxsdk   : nmea:$BDGSV,4,4,16,219,,,,220,,,,229,,,35,230,,,*6B
09-06 15:05:00.356  1863  3368 E qxsdk   : nmea:$GPVTG,,T,,M,,N,,K,N*2C
09-06 15:05:00.406  1863  3367 E qxsdk   : cb_status_response status:3002 
09-06 15:05:00.406  1863  3367 E qxsdk   : posflag:8 
09-06 15:05:00.406  1863  3368 E qxsdk   : nmea:$GPRMC,070501.00,A,2233.474053,N,11353.483053,E,0.0,50.7,060919,,,A*65
09-06 15:05:00.406  1863  3368 E qxsdk   : nmea:$ACCUR,1,12,0,20190906,070501.00,,,,,,,,,,*40
09-06 15:05:00.406  1863  3368 E qxsdk   : nmea:$GPGGA,070501.00,2233.474053,N,11353.483053,E,1,15,0.0,22.895,M,0.000,M,,*62
09-06 15:05:01.428  1863  3368 E qxsdk   : nmea:$GPRMC,070502.00,A,2233.473907,N,11353.482994,E,0.3,202.9,060919,,,A*52
09-06 15:05:01.428  1863  3368 E qxsdk   : nmea:$ACCUR,1,12,0,20190906,070502.00,,,,,,,,,,*43
09-06 15:05:01.428  1863  3368 E qxsdk   : nmea:$GPGGA,070502.00,2233.473907,N,11353.482994,E,1,16,0.0,22.817,M,0.000,M,,*64
09-06 15:05:01.428  1863  3368 E qxsdk   : nmea:$GPGLL,,,,,,V,N*64
09-06 15:05:01.428  1863  3368 E qxsdk   : nmea:$GPGSA,A,1,,,,,,,,,,,,,,,*1E
09-06 15:05:01.428  1863  3368 E qxsdk   : nmea:$GPGSV,2,1,8,2,,,45,5,,,45,6,,,,13,,,45*70
09-06 15:05:01.428  1863  3368 E qxsdk   : nmea:$GPGSV,2,2,8,15,,,45,21,,,,29,,,47,30,,,44*4C
09-06 15:05:01.428  1863  3368 E qxsdk   : nmea:$BDGSV,4,1,16,201,,,34,202,,,33,203,,,33,204,,,33*69
09-06 15:05:01.428  1863  3368 E qxsdk   : nmea:$BDGSV,4,2,16,205,,,29,206,,,35,207,,,,208,,,34*6F
09-06 15:05:01.428  1863  3368 E qxsdk   : nmea:$BDGSV,4,3,16,209,,,34,210,,,,213,,,34,216,,,36*60
09-06 15:05:01.428  1863  3368 E qxsdk   : nmea:$BDGSV,4,4,16,219,,,37,220,,,37,229,,,39,230,,,35*61
09-06 15:05:01.428  1863  3368 E qxsdk   : nmea:$GPVTG,,T,,M,,N,,K,N*2C
09-06 15:05:01.428  1863  3367 E qxsdk   : cb_status_response status:3002 
09-06 15:05:01.428  1863  3367 E qxsdk   : posflag:8 
09-06 15:05:02.422  1863  3368 E qxsdk   : nmea:$GPRMC,070503.00,A,2233.473853,N,11353.482947,E,0.2,44.9,060919,,,A*6C
09-06 15:05:02.422  1863  3368 E qxsdk   : nmea:$ACCUR,1,12,0,20190906,070503.00,,,,,,,,,,*42
09-06 15:05:02.422  1863  3368 E qxsdk   : nmea:$GPGGA,070503.00,2233.473853,N,11353.482947,E,1,16,0.0,23.187,M,0.000,M,,*6A
09-06 15:05:02.422  1863  3368 E qxsdk   : nmea:$GPGLL,,,,,,V,N*64
09-06 15:05:02.422  1863  3368 E qxsdk   : nmea:$GPGSA,A,1,,,,,,,,,,,,,,,*1E
09-06 15:05:02.422  1863  3368 E qxsdk   : nmea:$GPGSV,2,1,8,2,,,43,5,,,44,6,,,,13,,,42*70
09-06 15:05:02.422  1863  3368 E qxsdk   : nmea:$GPGSV,2,2,8,15,,,43,21,,,,29,,,45,30,,,42*4E
09-06 15:05:02.423  1863  3368 E qxsdk   : nmea:$BDGSV,4,1,16,201,,,33,202,,,33,203,,,33,204,,,36*6B
09-06 15:05:02.423  1863  3368 E qxsdk   : nmea:$BDGSV,4,2,16,205,,,,206,,,36,207,,,,208,,,36*65
09-06 15:05:02.423  1863  3368 E qxsdk   : nmea:$BDGSV,4,3,16,209,,,,210,,,,213,,,36,216,,,38*6B
09-06 15:05:02.423  1863  3368 E qxsdk   : nmea:$BDGSV,4,4,16,219,,,37,220,,,38,229,,,40,230,,,35*60
09-06 15:05:02.423  1863  3368 E qxsdk   : nmea:$GPVTG,,T,,M,,N,,K,N*2C
09-06 15:05:02.423  1863  3367 E qxsdk   : cb_status_response status:3002 
09-06 15:05:02.423  1863  3367 E qxsdk   : posflag:8 
09-06 15:05:03.370  1863  3368 E qxsdk   : nmea:$GPGLL,,,,,,V,N*64
09-06 15:05:03.370  1863  3368 E qxsdk   : nmea:$GPGSA,A,1,,,,,,,,,,,,,,,*1E
09-06 15:05:03.370  1863  3368 E qxsdk   : nmea:$GPGSV,2,1,8,2,,,43,5,,,44,6,,,,13,,,43*71
09-06 15:05:03.370  1863  3368 E qxsdk   : nmea:$GPGSV,2,2,8,15,,,44,21,,,,29,,,45,30,,,43*48
09-06 15:05:03.370  1863  3368 E qxsdk   : nmea:$BDGSV,4,1,16,201,,,32,202,,,32,203,,,,204,,,32*6F
09-06 15:05:03.370  1863  3368 E qxsdk   : nmea:$BDGSV,4,2,16,205,,,,206,,,33,207,,,,208,,,*65
09-06 15:05:03.370  1863  3368 E qxsdk   : nmea:$BDGSV,4,3,16,209,,,,210,,,,213,,,32,216,,,36*61
09-06 15:05:03.370  1863  3368 E qxsdk   : nmea:$BDGSV,4,4,16,219,,,36,220,,,37,229,,,36,230,,,32*68
09-06 15:05:03.370  1863  3368 E qxsdk   : nmea:$GPVTG,,T,,M,,N,,K,N*2C
09-06 15:05:03.419  1863  3367 E qxsdk   : cb_status_response status:3002 
09-06 15:05:03.419  1863  3367 E qxsdk   : posflag:8 
09-06 15:05:03.420  1863  3368 E qxsdk   : nmea:$GPRMC,070504.00,A,2233.473793,N,11353.482927,E,0.1,175.8,060919,,,A*5F
09-06 15:05:03.420  1863  3368 E qxsdk   : nmea:$ACCUR,1,12,0,20190906,070504.00,,,,,,,,,,*45
09-06 15:05:03.420  1863  3368 E qxsdk   : nmea:$GPGGA,070504.00,2233.473793,N,11353.482927,E,1,16,0.0,23.089,M,0.000,M,,*67
09-06 15:05:04.425  1863  3368 E qxsdk   : nmea:$GPRMC,070505.00,A,2233.473724,N,11353.482923,E,0.1,173.1,060919,,,A*59
09-06 15:05:04.425  1863  3368 E qxsdk   : nmea:$ACCUR,1,12,0,20190906,070505.00,,,,,,,,,,*44
09-06 15:05:04.425  1863  3368 E qxsdk   : nmea:$GPGGA,070505.00,2233.473724,N,11353.482923,E,1,16,0.0,23.081,M,0.000,M,,*66
09-06 15:05:04.425  1863  3368 E qxsdk   : nmea:$GPGLL,,,,,,V,N*64
09-06 15:05:04.425  1863  3368 E qxsdk   : nmea:$GPGSA,A,1,,,,,,,,,,,,,,,*1E
09-06 15:05:04.425  1863  3368 E qxsdk   : nmea:$GPGSV,2,1,8,2,,,43,5,,,44,6,,,,13,,,42*70
09-06 15:05:04.425  1863  3368 E qxsdk   : nmea:$GPGSV,2,2,8,15,,,43,21,,,,29,,,44,30,,,42*4F
09-06 15:05:04.425  1863  3368 E qxsdk   : nmea:$BDGSV,4,1,16,201,,,32,202,,,32,203,,,33,204,,,32*6F
09-06 15:05:04.425  1863  3368 E qxsdk   : nmea:$BDGSV,4,2,16,205,,,,206,,,34,207,,,,208,,,33*62
09-06 15:05:04.425  1863  3368 E qxsdk   : nmea:$BDGSV,4,3,16,209,,,32,210,,,,213,,,32,216,,,36*60
09-06 15:05:04.425  1863  3368 E qxsdk   : nmea:$BDGSV,4,4,16,219,,,33,220,,,35,229,,,37,230,,,32*6E
09-06 15:05:04.425  1863  3367 E qxsdk   : cb_status_response status:3002 
09-06 15:05:04.425  1863  3367 E qxsdk   : posflag:8 
09-06 15:05:04.425  1863  3368 E qxsdk   : nmea:$GPVTG,,T,,M,,N,,K,N*2C
09-06 15:05:05.419  1863  3368 E qxsdk   : nmea:$GPRMC,070506.00,A,2233.473719,N,11353.482930,E,0.2,15.8,060919,,,A*6D
09-06 15:05:05.419  1863  3368 E qxsdk   : nmea:$ACCUR,1,12,0,20190906,070506.00,,,,,,,,,,*47
09-06 15:05:05.419  1863  3368 E qxsdk   : nmea:$GPGGA,070506.00,2233.473719,N,11353.482930,E,1,16,0.0,23.129,M,0.000,M,,*6A
09-06 15:05:05.419  1863  3368 E qxsdk   : nmea:$GPGLL,,,,,,V,N*64
09-06 15:05:05.419  1863  3368 E qxsdk   : nmea:$GPGSA,A,1,,,,,,,,,,,,,,,*1E
09-06 15:05:05.419  1863  3368 E qxsdk   : nmea:$GPGSV,2,1,8,2,,,43,5,,,44,6,,,,13,,,42*70
09-06 15:05:05.419  1863  3368 E qxsdk   : nmea:$GPGSV,2,2,8,15,,,43,21,,,,29,,,45,30,,,43*4F
09-06 15:05:05.419  1863  3368 E qxsdk   : nmea:$BDGSV,4,1,16,201,,,31,202,,,31,203,,,32,204,,,*6F
09-06 15:05:05.419  1863  3368 E qxsdk   : nmea:$BDGSV,4,2,16,205,,,,206,,,32,207,,,,208,,,32*65
09-06 15:05:05.419  1863  3368 E qxsdk   : nmea:$BDGSV,4,3,16,209,,,,210,,,,213,,,31,216,,,33*67
09-06 15:05:05.419  1863  3368 E qxsdk   : nmea:$BDGSV,4,4,16,219,,,33,220,,,33,229,,,35,230,,,30*68
09-06 15:05:05.419  1863  3368 E qxsdk   : nmea:$GPVTG,,T,,M,,N,,K,N*2C
09-06 15:05:05.419  1863  3367 E qxsdk   : cb_status_response status:3002 
09-06 15:05:05.419  1863  3367 E qxsdk   : posflag:8 
09-06 15:05:06.419  1863  3368 E qxsdk   : nmea:$GPRMC,070507.00,A,2233.473691,N,11353.482927,E,0.0,228.0,060919,,,A*5D
09-06 15:05:06.419  1863  3368 E qxsdk   : nmea:$ACCUR,1,12,0,20190906,070507.00,,,,,,,,,,*46
09-06 15:05:06.419  1863  3368 E qxsdk   : nmea:$GPGGA,070507.00,2233.473691,N,11353.482927,E,1,16,0.0,23.307,M,0.000,M,,*62
09-06 15:05:06.420  1863  3368 E qxsdk   : nmea:$GPGLL,,,,,,V,N*64
09-06 15:05:06.420  1863  3368 E qxsdk   : nmea:$GPGSA,A,1,,,,,,,,,,,,,,,*1E
09-06 15:05:06.420  1863  3368 E qxsdk   : nmea:$GPGSV,2,1,8,2,,,42,5,,,43,6,,,,13,,,41*75
09-06 15:05:06.420  1863  3368 E qxsdk   : nmea:$GPGSV,2,2,8,15,,,41,21,,,,29,,,44,30,,,42*4D
09-06 15:05:06.420  1863  3368 E qxsdk   : nmea:$BDGSV,4,1,16,201,,,32,202,,,,203,,,32,204,,,32*6F
09-06 15:05:06.420  1863  3368 E qxsdk   : nmea:$BDGSV,4,2,16,205,,,,206,,,33,207,,,,208,,,33*65
09-06 15:05:06.420  1863  3368 E qxsdk   : nmea:$BDGSV,4,3,16,209,,,,210,,,,213,,,33,216,,,36*60
09-06 15:05:06.420  1863  3368 E qxsdk   : nmea:$BDGSV,4,4,16,219,,,35,220,,,35,229,,,37,230,,,32*68
09-06 15:05:06.420  1863  3368 E qxsdk   : nmea:$GPVTG,,T,,M,,N,,K,N*2C
09-06 15:05:06.420  1863  3367 E qxsdk   : cb_status_response status:3002 
09-06 15:05:06.420  1863  3367 E qxsdk   : posflag:8 
09-06 15:05:07.376  1863  3368 E qxsdk   : nmea:$GPGLL,,,,,,V,N*64
09-06 15:05:07.376  1863  3368 E qxsdk   : nmea:$GPGSA,A,1,,,,,,,,,,,,,,,*1E
09-06 15:05:07.376  1863  3368 E qxsdk   : nmea:$GPGSV,2,1,8,2,,,41,5,,,42,6,,,,13,,,41*77
09-06 15:05:07.376  1863  3368 E qxsdk   : nmea:$GPGSV,2,2,8,15,,,41,21,,,,29,,,43,30,,,41*49
09-06 15:05:07.376  1863  3368 E qxsdk   : nmea:$BDGSV,5,1,17,201,,,32,202,,,30,203,,,32,204,,,*6D
09-06 15:05:07.376  1863  3368 E qxsdk   : nmea:$BDGSV,5,2,17,205,,,,206,,,34,207,,,,208,,,33*62
09-06 15:05:07.376  1863  3368 E qxsdk   : nmea:$BDGSV,5,3,17,209,,,,210,,,,213,,,33,216,,,35*63
09-06 15:05:07.376  1863  3368 E qxsdk   : nmea:$BDGSV,5,4,17,219,,,35,220,,,36,222,,,17,229,,,37*6F
09-06 15:05:07.376  1863  3368 E qxsdk   : nmea:$BDGSV,5,5,17,230,,,33*5F
09-06 15:05:07.376  1863  3368 E qxsdk   : nmea:$GPVTG,,T,,M,,N,,K,N*2C
09-06 15:05:07.424  1863  3367 E qxsdk   : cb_status_response status:3002 
09-06 15:05:07.424  1863  3367 E qxsdk   : posflag:8 
09-06 15:05:07.424  1863  3368 E qxsdk   : nmea:$GPRMC,070508.00,A,2233.473709,N,11353.482953,E,0.3,36.5,060919,,,A*6A
09-06 15:05:07.424  1863  3368 E qxsdk   : nmea:$ACCUR,1,12,0,20190906,070508.00,,,,,,,,,,*49
09-06 15:05:07.424  1863  3368 E qxsdk   : nmea:$GPGGA,070508.00,2233.473709,N,11353.482953,E,1,16,0.0,23.745,M,0.000,M,,*6C
09-06 15:05:08.426  1863  3368 E qxsdk   : nmea:$GPRMC,070509.00,A,2233.473741,N,11353.482939,E,0.2,341.1,060919,,,A*5D
09-06 15:05:08.426  1863  3368 E qxsdk   : nmea:$ACCUR,1,12,0,20190906,070509.00,,,,,,,,,,*48
09-06 15:05:08.426  1863  3368 E qxsdk   : nmea:$GPGGA,070509.00,2233.473741,N,11353.482939,E,1,16,0.0,24.125,M,0.000,M,,*6A
09-06 15:05:08.426  1863  3368 E qxsdk   : nmea:$GPGLL,,,,,,V,N*64
09-06 15:05:08.426  1863  3368 E qxsdk   : nmea:$GPGSA,A,1,,,,,,,,,,,,,,,*1E
09-06 15:05:08.426  1863  3368 E qxsdk   : nmea:$GPGSV,2,1,8,2,,,41,5,,,42,6,,,,13,,,41*77
09-06 15:05:08.426  1863  3368 E qxsdk   : nmea:$GPGSV,2,2,8,15,,,42,21,,,,29,,,44,30,,,41*4D
09-06 15:05:08.426  1863  3368 E qxsdk   : nmea:$BDGSV,5,1,17,201,,,32,202,,,31,203,,,32,204,,,33*6C
09-06 15:05:08.426  1863  3368 E qxsdk   : nmea:$BDGSV,5,2,17,205,,,,206,,,33,207,,,,208,,,33*65
09-06 15:05:08.426  1863  3368 E qxsdk   : nmea:$BDGSV,5,3,17,209,,,,210,,,,213,,,33,216,,,35*63
09-06 15:05:08.426  1863  3368 E qxsdk   : nmea:$BDGSV,5,4,17,219,,,35,220,,,35,222,,,16,229,,,37*6D
09-06 15:05:08.426  1863  3368 E qxsdk   : nmea:$BDGSV,5,5,17,230,,,33*5F
09-06 15:05:08.426  1863  3368 E qxsdk   : nmea:$GPVTG,,T,,M,,N,,K,N*2C
09-06 15:05:08.426  1863  3367 E qxsdk   : cb_status_response status:3002 
09-06 15:05:08.426  1863  3367 E qxsdk   : posflag:8 
09-06 15:05:09.373  1863  3368 E qxsdk   : nmea:$GPGLL,,,,,,V,N*64
09-06 15:05:09.373  1863  3368 E qxsdk   : nmea:$GPGSA,A,1,,,,,,,,,,,,,,,*1E
09-06 15:05:09.373  1863  3368 E qxsdk   : nmea:$GPGSV,2,1,8,2,,,39,5,,,40,6,,,,13,,,39*75
09-06 15:05:09.373  1863  3368 E qxsdk   : nmea:$GPGSV,2,2,8,15,,,40,21,,,,29,,,41,30,,,39*45
09-06 15:05:09.373  1863  3368 E qxsdk   : nmea:$BDGSV,5,1,17,201,,,31,202,,,31,203,,,30,204,,,32*6C
09-06 15:05:09.373  1863  3368 E qxsdk   : nmea:$BDGSV,5,2,17,205,,,,206,,,31,207,,,,208,,,*67
09-06 15:05:09.373  1863  3368 E qxsdk   : nmea:$BDGSV,5,3,17,209,,,,210,,,,213,,,,216,,,33*65
09-06 15:05:09.373  1863  3368 E qxsdk   : nmea:$BDGSV,5,4,17,219,,,33,220,,,33,222,,,18,229,,,35*61
09-06 15:05:09.373  1863  3368 E qxsdk   : nmea:$BDGSV,5,5,17,230,,,32*5E
09-06 15:05:09.373  1863  3368 E qxsdk   : nmea:$GPVTG,,T,,M,,N,,K,N*2C
09-06 15:05:09.423  1863  3368 E qxsdk   : nmea:$GPRMC,070510.00,A,2233.473905,N,11353.482883,E,0.7,349.3,060919,,,A*54
09-06 15:05:09.423  1863  3368 E qxsdk   : nmea:$ACCUR,1,12,0,20190906,070510.00,,,,,,,,,,*40
09-06 15:05:09.423  1863  3368 E qxsdk   : nmea:$GPGGA,070510.00,2233.473905,N,11353.482883,E,1,16,0.0,24.832,M,0.000,M,,*63
09-06 15:05:09.423  1863  3367 E qxsdk   : cb_status_response status:3002 
09-06 15:05:09.423  1863  3367 E qxsdk   : posflag:8 
09-06 15:05:10.412  1863  3368 E qxsdk   : nmea:$GPRMC,070511.00,A,2233.474003,N,11353.482849,E,0.3,338.9,060919,,,A*53
09-06 15:05:10.412  1863  3368 E qxsdk   : nmea:$ACCUR,1,12,0,20190906,070511.00,,,,,,,,,,*41
09-06 15:05:10.412  1863  3368 E qxsdk   : nmea:$GPGGA,070511.00,2233.474003,N,11353.482849,E,1,14,0.0,24.997,M,0.000,M,,*60
09-06 15:05:10.412  1863  3368 E qxsdk   : nmea:$GPGLL,,,,,,V,N*64
09-06 15:05:10.412  1863  3368 E qxsdk   : nmea:$GPGSA,A,1,,,,,,,,,,,,,,,*1E
09-06 15:05:10.412  1863  3368 E qxsdk   : nmea:$GPGSV,2,1,8,2,,,33,5,,,35,6,,,,13,,,33*77
09-06 15:05:10.412  1863  3368 E qxsdk   : nmea:$GPGSV,2,2,8,15,,,35,21,,,,29,,,36,30,,,33*4D
09-06 15:05:10.412  1863  3368 E qxsdk   : nmea:$BDGSV,5,1,17,201,,,29,202,,,,203,,,,204,,,30*66
09-06 15:05:10.412  1863  3368 E qxsdk   : nmea:$BDGSV,5,2,17,205,,,,206,,,30,207,,,,208,,,*66
09-06 15:05:10.412  1863  3368 E qxsdk   : nmea:$BDGSV,5,3,17,209,,,,210,,,,213,,,,216,,,*65
09-06 15:05:10.412  1863  3368 E qxsdk   : nmea:$BDGSV,5,4,17,219,,,31,220,,,,222,,,17,229,,,31*68
09-06 15:05:10.412  1863  3368 E qxsdk   : nmea:$BDGSV,5,5,17,230,,,25*58
09-06 15:05:10.412  1863  3368 E qxsdk   : nmea:$GPVTG,,T,,M,,N,,K,N*2C
09-06 15:05:10.412  1863  3367 E qxsdk   : cb_status_response status:3002 
09-06 15:05:10.412  1863  3367 E qxsdk   : posflag:8 
09-06 15:05:11.350  1863  3368 E qxsdk   : nmea:$GPGLL,,,,,,V,N*64
09-06 15:05:11.350  1863  3368 E qxsdk   : nmea:$GPGSA,A,1,,,,,,,,,,,,,,,*1E
09-06 15:05:11.350  1863  3368 E qxsdk   : nmea:$GPGSV,2,1,8,2,,,32,5,,,34,6,,,,13,,,31*75
09-06 15:05:11.350  1863  3368 E qxsdk   : nmea:$GPGSV,2,2,8,15,,,34,21,,,,29,,,36,30,,,32*4D
09-06 15:05:11.350  1863  3368 E qxsdk   : nmea:$BDGSV,5,1,17,201,,,,202,,,,203,,,,204,,,*6E
09-06 15:05:11.350  1863  3368 E qxsdk   : nmea:$BDGSV,5,2,17,205,,,,206,,,30,207,,,,208,,,*66
09-06 15:05:11.350  1863  3368 E qxsdk   : nmea:$BDGSV,5,3,17,209,,,,210,,,,213,,,,216,,,*65
09-06 15:05:11.350  1863  3368 E qxsdk   : nmea:$BDGSV,5,4,17,219,,,,220,,,,222,,,16,229,,,*69
09-06 15:05:11.350  1863  3368 E qxsdk   : nmea:$BDGSV,5,5,17,230,,,26*5B
09-06 15:05:11.350  1863  3368 E qxsdk   : nmea:$GPVTG,,T,,M,,N,,K,N*2C
09-06 15:05:11.408  1863  3368 E qxsdk   : nmea:$GPRMC,070512.00,A,2233.474021,N,11353.482853,E,0.2,26.6,060919,,,A*69
09-06 15:05:11.408  1863  3368 E qxsdk   : nmea:$ACCUR,1,12,0,20190906,070512.00,,,,,,,,,,*42
09-06 15:05:11.408  1863  3368 E qxsdk   : nmea:$GPGGA,070512.00,2233.474021,N,11353.482853,E,1,12,0.0,24.992,M,0.000,M,,*6B
09-06 15:05:11.408  1863  3367 E qxsdk   : cb_status_response status:3002 
09-06 15:05:11.408  1863  3367 E qxsdk   : posflag:8 
09-06 15:05:12.350  1863  3368 E qxsdk   : nmea:$GPGLL,,,,,,V,N*64
09-06 15:05:12.350  1863  3368 E qxsdk   : nmea:$GPGSA,A,1,,,,,,,,,,,,,,,*1E
09-06 15:05:12.350  1863  3368 E qxsdk   : nmea:$GPGSV,2,1,8,2,,,39,5,,,40,6,,,,13,,,39*75
09-06 15:05:12.350  1863  3368 E qxsdk   : nmea:$GPGSV,2,2,8,15,,,39,21,,,,29,,,40,30,,,39*4A
09-06 15:05:12.350  1863  3368 E qxsdk   : nmea:$BDGSV,5,1,17,201,,,,202,,,,203,,,,204,,,35*68
09-06 15:05:12.350  1863  3368 E qxsdk   : nmea:$BDGSV,5,2,17,205,,,,206,,,35,207,,,,208,,,*63
09-06 15:05:12.350  1863  3368 E qxsdk   : nmea:$BDGSV,5,3,17,209,,,,210,,,,213,,,,216,,,*65
09-06 15:05:12.350  1863  3368 E qxsdk   : nmea:$BDGSV,5,4,17,219,,,,220,,,,222,,,,229,,,*6E
09-06 15:05:12.350  1863  3368 E qxsdk   : nmea:$BDGSV,5,5,17,230,,,35*59
09-06 15:05:12.350  1863  3368 E qxsdk   : nmea:$GPVTG,,T,,M,,N,,K,N*2C
09-06 15:05:12.401  1863  3367 E qxsdk   : cb_status_response status:3002 
09-06 15:05:12.401  1863  3367 E qxsdk   : posflag:8 
09-06 15:05:12.401  1863  3368 E qxsdk   : nmea:$GPRMC,070513.00,A,2233.473798,N,11353.482967,E,0.5,146.0,060919,,,A*5A
09-06 15:05:12.401  1863  3368 E qxsdk   : nmea:$ACCUR,1,12,0,20190906,070513.00,,,,,,,,,,*43
09-06 15:05:12.401  1863  3368 E qxsdk   : nmea:$GPGGA,070513.00,2233.473798,N,11353.482967,E,1,11,0.0,24.370,M,0.000,M,,*6B
09-06 15:05:13.423  1863  3368 E qxsdk   : nmea:$GPRMC,070514.00,A,2233.473601,N,11353.483011,E,0.2,143.1,060919,,,A*56
09-06 15:05:13.423  1863  3368 E qxsdk   : nmea:$ACCUR,1,12,0,20190906,070514.00,,,,,,,,,,*44
09-06 15:05:13.424  1863  3368 E qxsdk   : nmea:$GPGGA,070514.00,2233.473601,N,11353.483011,E,1,15,0.0,24.278,M,0.000,M,,*69
09-06 15:05:13.424  1863  3368 E qxsdk   : nmea:$GPGLL,,,,,,V,N*64
09-06 15:05:13.424  1863  3368 E qxsdk   : nmea:$GPGSA,A,1,,,,,,,,,,,,,,,*1E
09-06 15:05:13.424  1863  3368 E qxsdk   : nmea:$GPGSV,2,1,8,2,,,43,5,,,44,6,,,,13,,,43*71
09-06 15:05:13.424  1863  3368 E qxsdk   : nmea:$GPGSV,2,2,8,15,,,43,21,,,,29,,,45,30,,,43*4F
09-06 15:05:13.424  1863  3368 E qxsdk   : nmea:$BDGSV,5,1,17,201,,,33,202,,,29,203,,,,204,,,37*61
09-06 15:05:13.424  1863  3368 E qxsdk   : nmea:$BDGSV,5,2,17,205,,,30,206,,,37,207,,,,208,,,*62
09-06 15:05:13.424  1863  3368 E qxsdk   : nmea:$BDGSV,5,3,17,209,,,33,210,,,,213,,,34,216,,,38*69
09-06 15:05:13.424  1863  3368 E qxsdk   : nmea:$BDGSV,5,4,17,219,,,36,220,,,37,222,,,,229,,,39*65
09-06 15:05:13.424  1863  3368 E qxsdk   : nmea:$BDGSV,5,5,17,230,,,35*59
09-06 15:05:13.424  1863  3368 E qxsdk   : nmea:$GPVTG,,T,,M,,N,,K,N*2C
09-06 15:05:13.424  1863  3367 E qxsdk   : cb_status_response status:3002 
09-06 15:05:13.424  1863  3367 E qxsdk   : posflag:8 
09-06 15:05:14.423  1863  3368 E qxsdk   : nmea:$GPRMC,070515.00,A,2233.473548,N,11353.482976,E,0.1,144.7,060919,,,A*52
09-06 15:05:14.423  1863  3368 E qxsdk   : nmea:$ACCUR,1,12,0,20190906,070515.00,,,,,,,,,,*45
09-06 15:05:14.423  1863  3368 E qxsdk   : nmea:$GPGGA,070515.00,2233.473548,N,11353.482976,E,1,16,0.0,24.435,M,0.000,M,,*63
09-06 15:05:14.423  1863  3368 E qxsdk   : nmea:$GPGLL,,,,,,V,N*64
09-06 15:05:14.423  1863  3368 E qxsdk   : nmea:$GPGSA,A,1,,,,,,,,,,,,,,,*1E
09-06 15:05:14.423  1863  3368 E qxsdk   : nmea:$GPGSV,2,1,8,2,,,43,5,,,45,6,,,,13,,,43*70
09-06 15:05:14.423  1863  3368 E qxsdk   : nmea:$GPGSV,2,2,8,15,,,44,21,,,,29,,,45,30,,,43*48
09-06 15:05:14.423  1863  3368 E qxsdk   : nmea:$BDGSV,5,1,17,201,,,36,202,,,,203,,,,204,,,37*6F
09-06 15:05:14.423  1863  3368 E qxsdk   : nmea:$BDGSV,5,2,17,205,,,30,206,,,38,207,,,,208,,,35*6B
09-06 15:05:14.423  1863  3368 E qxsdk   : nmea:$BDGSV,5,3,17,209,,,33,210,,,,213,,,35,216,,,38*68
09-06 15:05:14.423  1863  3368 E qxsdk   : nmea:$BDGSV,5,4,17,219,,,38,220,,,39,222,,,,229,,,40*6B
09-06 15:05:14.423  1863  3368 E qxsdk   : nmea:$BDGSV,5,5,17,230,,,36*5A
09-06 15:05:14.423  1863  3368 E qxsdk   : nmea:$GPVTG,,T,,M,,N,,K,N*2C
09-06 15:05:14.423  1863  3367 E qxsdk   : cb_status_response status:3002 
09-06 15:05:14.423  1863  3367 E qxsdk   : posflag:8 
09-06 15:05:15.430  1863  3368 E qxsdk   : nmea:$GPRMC,070516.00,A,2233.473457,N,11353.482942,E,0.2,127.7,060919,,,A*5F
09-06 15:05:15.430  1863  3368 E qxsdk   : nmea:$ACCUR,1,12,0,20190906,070516.00,,,,,,,,,,*46
09-06 15:05:15.430  1863  3368 E qxsdk   : nmea:$GPGGA,070516.00,2233.473457,N,11353.482942,E,1,16,0.0,24.241,M,0.000,M,,*6D
09-06 15:05:15.430  1863  3368 E qxsdk   : nmea:$GPGLL,,,,,,V,N*64
09-06 15:05:15.430  1863  3368 E qxsdk   : nmea:$GPGSA,A,1,,,,,,,,,,,,,,,*1E
09-06 15:05:15.430  1863  3368 E qxsdk   : nmea:$GPGSV,2,1,8,2,,,42,5,,,44,6,,,,13,,,42*71
09-06 15:05:15.430  1863  3368 E qxsdk   : nmea:$GPGSV,2,2,8,15,,,43,21,,,,29,,,44,30,,,42*4F
09-06 15:05:15.430  1863  3368 E qxsdk   : nmea:$BDGSV,5,1,17,201,,,33,202,,,31,203,,,29,204,,,34*60
09-06 15:05:15.430  1863  3368 E qxsdk   : nmea:$BDGSV,5,2,17,205,,,29,206,,,34,207,,,,208,,,34*6E
09-06 15:05:15.430  1863  3368 E qxsdk   : nmea:$BDGSV,5,3,17,209,,,32,210,,,,213,,,34,216,,,35*65
09-06 15:05:15.430  1863  3368 E qxsdk   : nmea:$BDGSV,5,4,17,219,,,35,220,,,37,222,,,,229,,,38*67
09-06 15:05:15.430  1863  3368 E qxsdk   : nmea:$BDGSV,5,5,17,230,,,33*5F
09-06 15:05:15.430  1863  3368 E qxsdk   : nmea:$GPVTG,,T,,M,,N,,K,N*2C
09-06 15:05:15.430  1863  3367 E qxsdk   : cb_status_response status:3002 
09-06 15:05:15.430  1863  3367 E qxsdk   : posflag:8 
09-06 15:05:16.428  1863  3368 E qxsdk   : nmea:$GPRMC,070517.00,A,2233.473404,N,11353.482925,E,0.0,128.6,060919,,,A*55
09-06 15:05:16.428  1863  3368 E qxsdk   : nmea:$ACCUR,1,12,0,20190906,070517.00,,,,,,,,,,*47
09-06 15:05:16.428  1863  3368 E qxsdk   : nmea:$GPGGA,070517.00,2233.473404,N,11353.482925,E,1,16,0.0,24.033,M,0.000,M,,*6C
09-06 15:05:16.428  1863  3368 E qxsdk   : nmea:$GPGLL,,,,,,V,N*64
09-06 15:05:16.428  1863  3368 E qxsdk   : nmea:$GPGSA,A,1,,,,,,,,,,,,,,,*1E
09-06 15:05:16.428  1863  3368 E qxsdk   : nmea:$GPGSV,2,1,8,2,,,42,5,,,43,6,,,,13,,,42*76
09-06 15:05:16.428  1863  3368 E qxsdk   : nmea:$GPGSV,2,2,8,15,,,42,21,,,,29,,,44,30,,,42*4E
09-06 15:05:16.428  1863  3368 E qxsdk   : nmea:$BDGSV,5,1,17,201,,,33,202,,,31,203,,,33,204,,,34*6B
09-06 15:05:16.428  1863  3368 E qxsdk   : nmea:$BDGSV,5,2,17,205,,,28,206,,,35,207,,,,208,,,34*6E
09-06 15:05:16.428  1863  3368 E qxsdk   : nmea:$BDGSV,5,3,17,209,,,32,210,,,,213,,,34,216,,,36*66
09-06 15:05:16.428  1863  3368 E qxsdk   : nmea:$BDGSV,5,4,17,219,,,35,220,,,37,222,,,,229,,,38*67
09-06 15:05:16.428  1863  3368 E qxsdk   : nmea:$BDGSV,5,5,17,230,,,34*58
09-06 15:05:16.428  1863  3368 E qxsdk   : nmea:$GPVTG,,T,,M,,N,,K,N*2C
09-06 15:05:16.428  1863  3367 E qxsdk   : cb_status_response status:3002 
09-06 15:05:16.428  1863  3367 E qxsdk   : posflag:8 
09-06 15:05:17.430  1863  3368 E qxsdk   : nmea:$GPRMC,070518.00,A,2233.473396,N,11353.482914,E,0.1,178.5,060919,,,A*53
09-06 15:05:17.430  1863  3368 E qxsdk   : nmea:$ACCUR,1,12,0,20190906,070518.00,,,,,,,,,,*48
09-06 15:05:17.430  1863  3368 E qxsdk   : nmea:$GPGGA,070518.00,2233.473396,N,11353.482914,E,1,16,0.0,24.018,M,0.000,M,,*64
09-06 15:05:17.430  1863  3368 E qxsdk   : nmea:$GPGLL,,,,,,V,N*64
09-06 15:05:17.430  1863  3368 E qxsdk   : nmea:$GPGSA,A,1,,,,,,,,,,,,,,,*1E
09-06 15:05:17.430  1863  3368 E qxsdk   : nmea:$GPGSV,2,1,8,2,,,42,5,,,43,6,,,,13,,,41*75
09-06 15:05:17.430  1863  3368 E qxsdk   : nmea:$GPGSV,2,2,8,15,,,42,21,,,,29,,,43,30,,,41*4A
09-06 15:05:17.430  1863  3368 E qxsdk   : nmea:$BDGSV,5,1,17,201,,,34,202,,,32,203,,,31,204,,,34*6D
09-06 15:05:17.430  1863  3368 E qxsdk   : nmea:$BDGSV,5,2,17,205,,,28,206,,,34,207,,,,208,,,34*6F
09-06 15:05:17.430  1863  3368 E qxsdk   : nmea:$BDGSV,5,3,17,209,,,31,210,,,,213,,,34,216,,,35*66
09-06 15:05:17.430  1863  3368 E qxsdk   : nmea:$BDGSV,5,4,17,219,,,35,220,,,36,222,,,,229,,,37*69
09-06 15:05:17.430  1863  3368 E qxsdk   : nmea:$BDGSV,5,5,17,230,,,34*58
09-06 15:05:17.430  1863  3368 E qxsdk   : nmea:$GPVTG,,T,,M,,N,,K,N*2C
09-06 15:05:17.430  1863  3367 E qxsdk   : cb_status_response status:3002 
09-06 15:05:17.430  1863  3367 E qxsdk   : posflag:8 
09-06 15:05:18.429  1863  3368 E qxsdk   : nmea:$GPRMC,070519.00,A,2233.473346,N,11353.482894,E,0.1,166.3,060919,,,A*5F
09-06 15:05:18.429  1863  3368 E qxsdk   : nmea:$ACCUR,1,12,0,20190906,070519.00,,,,,,,,,,*49
09-06 15:05:18.429  1863  3368 E qxsdk   : nmea:$GPGGA,070519.00,2233.473346,N,11353.482894,E,1,16,0.0,23.927,M,0.000,M,,*63
09-06 15:05:18.429  1863  3368 E qxsdk   : nmea:$GPGLL,,,,,,V,N*64
09-06 15:05:18.429  1863  3368 E qxsdk   : nmea:$GPGSA,A,1,,,,,,,,,,,,,,,*1E
09-06 15:05:18.429  1863  3368 E qxsdk   : nmea:$GPGSV,2,1,8,2,,,44,5,,,43,6,,,,13,,,43*71
09-06 15:05:18.429  1863  3368 E qxsdk   : nmea:$GPGSV,2,2,8,15,,,44,21,,,,29,,,45,30,,,43*48
09-06 15:05:18.429  1863  3368 E qxsdk   : nmea:$BDGSV,5,1,17,201,,,32,202,,,31,203,,,31,204,,,32*6E
09-06 15:05:18.429  1863  3368 E qxsdk   : nmea:$BDGSV,5,2,17,205,,,28,206,,,31,207,,,,208,,,32*6C
09-06 15:05:18.429  1863  3368 E qxsdk   : nmea:$BDGSV,5,3,17,209,,,30,210,,,,213,,,30,216,,,35*63
09-06 15:05:18.429  1863  3368 E qxsdk   : nmea:$BDGSV,5,4,17,219,,,32,220,,,34,222,,,,229,,,36*6D
09-06 15:05:18.429  1863  3368 E qxsdk   : nmea:$BDGSV,5,5,17,230,,,31*5D
09-06 15:05:18.429  1863  3368 E qxsdk   : nmea:$GPVTG,,T,,M,,N,,K,N*2C
09-06 15:05:18.429  1863  3367 E qxsdk   : cb_status_response status:3002 
09-06 15:05:18.429  1863  3367 E qxsdk   : posflag:8 
09-06 15:05:19.432  1863  3368 E qxsdk   : nmea:$GPRMC,070520.00,A,2233.473375,N,11353.482907,E,0.1,32.8,060919,,,A*65
09-06 15:05:19.432  1863  3368 E qxsdk   : nmea:$ACCUR,1,12,0,20190906,070520.00,,,,,,,,,,*43
09-06 15:05:19.432  1863  3368 E qxsdk   : nmea:$GPGGA,070520.00,2233.473375,N,11353.482907,E,1,16,0.0,24.056,M,0.000,M,,*6A
09-06 15:05:19.432  1863  3368 E qxsdk   : nmea:$GPGLL,,,,,,V,N*64
09-06 15:05:19.432  1863  3368 E qxsdk   : nmea:$GPGSA,A,1,,,,,,,,,,,,,,,*1E
09-06 15:05:19.432  1863  3368 E qxsdk   : nmea:$GPGSV,2,1,8,2,,,41,5,,,41,6,,,,13,,,41*74
09-06 15:05:19.432  1863  3368 E qxsdk   : nmea:$GPGSV,2,2,8,15,,,42,21,,,,29,,,43,30,,,41*4A
09-06 15:05:19.432  1863  3368 E qxsdk   : nmea:$BDGSV,5,1,17,201,,,30,202,,,30,203,,,31,204,,,31*6E
09-06 15:05:19.432  1863  3368 E qxsdk   : nmea:$BDGSV,5,2,17,205,,,28,206,,,31,207,,,,208,,,31*6F
09-06 15:05:19.432  1863  3368 E qxsdk   : nmea:$BDGSV,5,3,17,209,,,29,210,,,17,213,,,30,216,,,34*6C
09-06 15:05:19.432  1863  3368 E qxsdk   : nmea:$BDGSV,5,4,17,219,,,32,220,,,36,222,,,,229,,,36*6F
09-06 15:05:19.432  1863  3368 E qxsdk   : nmea:$BDGSV,5,5,17,230,,,34*58
09-06 15:05:19.432  1863  3368 E qxsdk   : nmea:$GPVTG,,T,,M,,N,,K,N*2C
09-06 15:05:19.432  1863  3367 E qxsdk   : cb_status_response status:3002 
09-06 15:05:19.432  1863  3367 E qxsdk   : posflag:8 
09-06 15:05:20.428  1863  3368 E qxsdk   : nmea:$GPRMC,070521.00,A,2233.473390,N,11353.482900,E,0.0,14.0,060919,,,A*65
09-06 15:05:20.428  1863  3368 E qxsdk   : nmea:$ACCUR,1,12,0,20190906,070521.00,,,,,,,,,,*42
09-06 15:05:20.428  1863  3368 E qxsdk   : nmea:$GPGGA,070521.00,2233.473390,N,11353.482900,E,1,16,0.0,24.097,M,0.000,M,,*6A
09-06 15:05:20.428  1863  3368 E qxsdk   : nmea:$GPGLL,,,,,,V,N*64
09-06 15:05:20.428  1863  3368 E qxsdk   : nmea:$GPGSA,A,1,,,,,,,,,,,,,,,*1E
09-06 15:05:20.428  1863  3368 E qxsdk   : nmea:$GPGSV,2,1,8,2,,,44,5,,,44,6,,,,13,,,43*76
09-06 15:05:20.428  1863  3368 E qxsdk   : nmea:$GPGSV,2,2,8,15,,,45,21,,,,29,,,45,30,,,43*49
09-06 15:05:20.429  1863  3368 E qxsdk   : nmea:$BDGSV,5,1,17,201,,,35,202,,,,203,,,35,204,,,35*68
09-06 15:05:20.429  1863  3368 E qxsdk   : nmea:$BDGSV,5,2,17,205,,,28,206,,,38,207,,,,208,,,37*60
09-06 15:05:20.429  1863  3368 E qxsdk   : nmea:$BDGSV,5,3,17,209,,,34,210,,,16,213,,,35,216,,,39*69
09-06 15:05:20.429  1863  3368 E qxsdk   : nmea:$BDGSV,5,4,17,219,,,38,220,,,40,222,,,,229,,,41*64
09-06 15:05:20.429  1863  3368 E qxsdk   : nmea:$BDGSV,5,5,17,230,,,37*5B
09-06 15:05:20.429  1863  3368 E qxsdk   : nmea:$GPVTG,,T,,M,,N,,K,N*2C
09-06 15:05:20.429  1863  3367 E qxsdk   : cb_status_response status:3002 
09-06 15:05:20.429  1863  3367 E qxsdk   : posflag:8 
09-06 15:05:21.428  1863  3368 E qxsdk   : nmea:$GPRMC,070522.00,A,2233.473373,N,11353.482885,E,0.0,194.7,060919,,,A*59
09-06 15:05:21.428  1863  3368 E qxsdk   : nmea:$ACCUR,1,12,0,20190906,070522.00,,,,,,,,,,*41
09-06 15:05:21.428  1863  3368 E qxsdk   : nmea:$GPGGA,070522.00,2233.473373,N,11353.482885,E,1,16,0.0,24.013,M,0.000,M,,*64
09-06 15:05:21.428  1863  3368 E qxsdk   : nmea:$GPGLL,,,,,,V,N*64
09-06 15:05:21.428  1863  3368 E qxsdk   : nmea:$GPGSA,A,1,,,,,,,,,,,,,,,*1E
09-06 15:05:21.428  1863  3368 E qxsdk   : nmea:$GPGSV,2,1,8,2,,,40,5,,,40,6,,,,13,,,39*7B
09-06 15:05:21.428  1863  3368 E qxsdk   : nmea:$GPGSV,2,2,8,15,,,40,21,,,,29,,,42,30,,,39*46
09-06 15:05:21.428  1863  3368 E qxsdk   : nmea:$BDGSV,5,1,17,201,,,31,202,,,28,203,,,30,204,,,32*64
09-06 15:05:21.428  1863  3368 E qxsdk   : nmea:$BDGSV,5,2,17,205,,,26,206,,,31,207,,,,208,,,32*62
09-06 15:05:21.428  1863  3368 E qxsdk   : nmea:$BDGSV,5,3,17,209,,,31,210,,,,213,,,32,216,,,33*66
09-06 15:05:21.428  1863  3368 E qxsdk   : nmea:$BDGSV,5,4,17,219,,,33,220,,,36,222,,,,229,,,36*6E
09-06 15:05:21.428  1863  3368 E qxsdk   : nmea:$BDGSV,5,5,17,230,,,32*5E
09-06 15:05:21.428  1863  3368 E qxsdk   : nmea:$GPVTG,,T,,M,,N,,K,N*2C
09-06 15:05:21.428  1863  3367 E qxsdk   : cb_status_response status:3002 
09-06 15:05:21.428  1863  3367 E qxsdk   : posflag:8 
09-06 15:05:22.355  1863  3368 E qxsdk   : nmea:$GPGLL,,,,,,V,N*64
09-06 15:05:22.355  1863  3368 E qxsdk   : nmea:$GPGSA,A,1,,,,,,,,,,,,,,,*1E
09-06 15:05:22.355  1863  3368 E qxsdk   : nmea:$GPGSV,2,1,8,2,,,29,5,,,30,6,,,,13,,,31*7B
09-06 15:05:22.356  1863  3368 E qxsdk   : nmea:$GPGSV,2,2,8,15,,,32,21,,,,29,,,33,30,,,31*4D
09-06 15:05:22.356  1863  3368 E qxsdk   : nmea:$BDGSV,5,1,17,201,,,29,202,,,28,203,,,28,204,,,*65
09-06 15:05:22.356  1863  3368 E qxsdk   : nmea:$BDGSV,5,2,17,205,,,,206,,,24,207,,,,208,,,*63
09-06 15:05:22.356  1863  3368 E qxsdk   : nmea:$BDGSV,5,3,17,209,,,,210,,,,213,,,,216,,,*65
09-06 15:05:22.356  1863  3368 E qxsdk   : nmea:$BDGSV,5,4,17,219,,,,220,,,,222,,,,229,,,*6E
09-06 15:05:22.356  1863  3368 E qxsdk   : nmea:$BDGSV,5,5,17,230,,,26*5B
09-06 15:05:22.356  1863  3368 E qxsdk   : nmea:$GPVTG,,T,,M,,N,,K,N*2C
09-06 15:05:22.405  1863  3368 E qxsdk   : nmea:$GPRMC,070523.00,A,2233.473396,N,11353.482737,E,0.7,276.9,060919,,,A*53
09-06 15:05:22.405  1863  3368 E qxsdk   : nmea:$ACCUR,1,12,0,20190906,070523.00,,,,,,,,,,*40
09-06 15:05:22.405  1863  3368 E qxsdk   : nmea:$GPGGA,070523.00,2233.473396,N,11353.482737,E,1,16,0.0,24.358,M,0.000,M,,*64
09-06 15:05:22.405  1863  3367 E qxsdk   : cb_status_response status:3002 
09-06 15:05:22.405  1863  3367 E qxsdk   : posflag:8 
09-06 15:05:23.358  1863  3368 E qxsdk   : nmea:$GPGLL,,,,,,V,N*64
09-06 15:05:23.358  1863  3368 E qxsdk   : nmea:$GPGSA,A,1,,,,,,,,,,,,,,,*1E
09-06 15:05:23.358  1863  3368 E qxsdk   : nmea:$GPGSV,2,1,8,2,,,41,5,,,42,6,,,,13,,,41*77
09-06 15:05:23.358  1863  3368 E qxsdk   : nmea:$GPGSV,2,2,8,15,,,43,21,,,,29,,,43,30,,,42*48
09-06 15:05:23.358  1863  3368 E qxsdk   : nmea:$BDGSV,5,1,17,201,,,29,202,,,30,203,,,29,204,,,29*66
09-06 15:05:23.358  1863  3368 E qxsdk   : nmea:$BDGSV,5,2,17,205,,,,206,,,31,207,,,,208,,,*67
09-06 15:05:23.358  1863  3368 E qxsdk   : nmea:$BDGSV,5,3,17,209,,,,210,,,,213,,,,216,,,*65
09-06 15:05:23.358  1863  3368 E qxsdk   : nmea:$BDGSV,5,4,17,219,,,,220,,,,222,,,,229,,,36*6B
09-06 15:05:23.358  1863  3368 E qxsdk   : nmea:$BDGSV,5,5,17,230,,,*5F
09-06 15:05:23.358  1863  3368 E qxsdk   : nmea:$GPVTG,,T,,M,,N,,K,N*2C
09-06 15:05:23.414  1863  3368 E qxsdk   : nmea:$GPRMC,070524.00,A,2233.473240,N,11353.482750,E,0.2,199.4,060919,,,A*55
09-06 15:05:23.414  1863  3368 E qxsdk   : nmea:$ACCUR,1,12,0,20190906,070524.00,,,,,,,,,,*47
09-06 15:05:23.414  1863  3368 E qxsdk   : nmea:$GPGGA,070524.00,2233.473240,N,11353.482750,E,1,14,0.0,23.408,M,0.000,M,,*6F
09-06 15:05:23.414  1863  3367 E qxsdk   : cb_status_response status:3002 
09-06 15:05:23.414  1863  3367 E qxsdk   : posflag:8 
09-06 15:05:24.414  1863  3368 E qxsdk   : nmea:$GPRMC,070525.00,A,2233.473197,N,11353.482803,E,0.0,0.0,060919,,,A*53
09-06 15:05:24.414  1863  3368 E qxsdk   : nmea:$ACCUR,1,12,0,20190906,070525.00,,,,,,,,,,*46
09-06 15:05:24.414  1863  3368 E qxsdk   : nmea:$GPGGA,070525.00,2233.473197,N,11353.482803,E,1,15,0.0,23.312,M,0.000,M,,*63
09-06 15:05:24.414  1863  3368 E qxsdk   : nmea:$GPGLL,,,,,,V,N*64
09-06 15:05:24.414  1863  3368 E qxsdk   : nmea:$GPGSA,A,1,,,,,,,,,,,,,,,*1E
09-06 15:05:24.414  1863  3368 E qxsdk   : nmea:$GPGSV,2,1,8,2,,,39,5,,,41,6,,,,13,,,40*7A
09-06 15:05:24.414  1863  3368 E qxsdk   : nmea:$GPGSV,2,2,8,15,,,41,21,,,,29,,,41,30,,,39*44
09-06 15:05:24.414  1863  3368 E qxsdk   : nmea:$BDGSV,5,1,17,201,,,,202,,,,203,,,,204,,,*6E
09-06 15:05:24.414  1863  3368 E qxsdk   : nmea:$BDGSV,5,2,17,205,,,,206,,,33,207,,,,208,,,32*64
09-06 15:05:24.414  1863  3368 E qxsdk   : nmea:$BDGSV,5,3,17,209,,,32,210,,,,213,,,33,216,,,33*64
09-06 15:05:24.414  1863  3368 E qxsdk   : nmea:$BDGSV,5,4,17,219,,,35,220,,,35,222,,,,229,,,37*6A
09-06 15:05:24.414  1863  3368 E qxsdk   : nmea:$BDGSV,5,5,17,230,,,34*58
09-06 15:05:24.414  1863  3368 E qxsdk   : nmea:$GPVTG,,T,,M,,N,,K,N*2C
09-06 15:05:24.414  1863  3367 E qxsdk   : cb_status_response status:3002 
09-06 15:05:24.414  1863  3367 E qxsdk   : posflag:8 
09-06 15:05:25.425  1863  3368 E qxsdk   : nmea:$GPRMC,070526.00,A,2233.473280,N,11353.482719,E,0.4,316.0,060919,,,A*51
09-06 15:05:25.425  1863  3368 E qxsdk   : nmea:$ACCUR,1,12,0,20190906,070526.00,,,,,,,,,,*45
09-06 15:05:25.425  1863  3368 E qxsdk   : nmea:$GPGGA,070526.00,2233.473280,N,11353.482719,E,1,16,0.0,23.543,M,0.000,M,,*60
09-06 15:05:25.425  1863  3368 E qxsdk   : nmea:$GPGLL,,,,,,V,N*64
09-06 15:05:25.425  1863  3368 E qxsdk   : nmea:$GPGSA,A,1,,,,,,,,,,,,,,,*1E
09-06 15:05:25.425  1863  3368 E qxsdk   : nmea:$GPGSV,2,1,8,2,,,43,5,,,43,6,,,,13,,,42*77
09-06 15:05:25.425  1863  3368 E qxsdk   : nmea:$GPGSV,2,2,8,15,,,43,21,,,,29,,,44,30,,,42*4F
09-06 15:05:25.425  1863  3368 E qxsdk   : nmea:$BDGSV,5,1,17,201,,,34,202,,,33,203,,,34,204,,,34*69
09-06 15:05:25.426  1863  3368 E qxsdk   : nmea:$BDGSV,5,2,17,205,,,,206,,,37,207,,,,208,,,36*64
09-06 15:05:25.426  1863  3368 E qxsdk   : nmea:$BDGSV,5,3,17,209,,,34,210,,,,213,,,37,216,,,39*6C
09-06 15:05:25.426  1863  3368 E qxsdk   : nmea:$BDGSV,5,4,17,219,,,38,220,,,40,222,,,,229,,,40*65
09-06 15:05:25.426  1863  3368 E qxsdk   : nmea:$BDGSV,5,5,17,230,,,35*59
09-06 15:05:25.426  1863  3368 E qxsdk   : nmea:$GPVTG,,T,,M,,N,,K,N*2C
09-06 15:05:25.426  1863  3367 E qxsdk   : cb_status_response status:3002 
09-06 15:05:25.426  1863  3367 E qxsdk   : posflag:8 
09-06 15:05:26.423  1863  3368 E qxsdk   : nmea:$GPRMC,070527.00,A,2233.473311,N,11353.482668,E,0.1,324.0,060919,,,A*5A
09-06 15:05:26.424  1863  3368 E qxsdk   : nmea:$ACCUR,1,12,0,20190906,070527.00,,,,,,,,,,*44
09-06 15:05:26.424  1863  3368 E qxsdk   : nmea:$GPGGA,070527.00,2233.473311,N,11353.482668,E,1,16,0.0,23.431,M,0.000,M,,*6B
09-06 15:05:26.424  1863  3368 E qxsdk   : nmea:$GPGLL,,,,,,V,N*64
09-06 15:05:26.424  1863  3368 E qxsdk   : nmea:$GPGSA,A,1,,,,,,,,,,,,,,,*1E
09-06 15:05:26.424  1863  3368 E qxsdk   : nmea:$GPGSV,2,1,8,2,,,41,5,,,42,6,,,,13,,,41*77
09-06 15:05:26.424  1863  3368 E qxsdk   : nmea:$GPGSV,2,2,8,15,,,42,21,,,,29,,,42,30,,,41*4B
09-06 15:05:26.424  1863  3368 E qxsdk   : nmea:$BDGSV,5,1,17,201,,,34,202,,,32,203,,,,204,,,*68
09-06 15:05:26.424  1863  3368 E qxsdk   : nmea:$BDGSV,5,2,17,205,,,30,206,,,35,207,,,,208,,,34*67
09-06 15:05:26.424  1863  3368 E qxsdk   : nmea:$BDGSV,5,3,17,209,,,33,210,,,,213,,,34,216,,,36*67
09-06 15:05:26.424  1863  3368 E qxsdk   : nmea:$BDGSV,5,4,17,219,,,35,220,,,35,222,,,,229,,,39*64
09-06 15:05:26.424  1863  3368 E qxsdk   : nmea:$BDGSV,5,5,17,230,,,34*58
09-06 15:05:26.424  1863  3368 E qxsdk   : nmea:$GPVTG,,T,,M,,N,,K,N*2C
09-06 15:05:26.424  1863  3367 E qxsdk   : cb_status_response status:3002 
09-06 15:05:26.424  1863  3367 E qxsdk   : posflag:8 
09-06 15:05:27.424  1863  3368 E qxsdk   : nmea:$GPRMC,070528.00,A,2233.473172,N,11353.482732,E,0.7,147.6,060919,,,A*5B
09-06 15:05:27.424  1863  3368 E qxsdk   : nmea:$ACCUR,1,12,0,20190906,070528.00,,,,,,,,,,*4B
09-06 15:05:27.424  1863  3368 E qxsdk   : nmea:$GPGGA,070528.00,2233.473172,N,11353.482732,E,1,16,0.0,23.163,M,0.000,M,,*6F
09-06 15:05:27.424  1863  3368 E qxsdk   : nmea:$GPGLL,,,,,,V,N*64
09-06 15:05:27.424  1863  3368 E qxsdk   : nmea:$GPGSA,A,1,,,,,,,,,,,,,,,*1E
09-06 15:05:27.424  1863  3368 E qxsdk   : nmea:$GPGSV,2,1,8,2,,,40,5,,,41,6,,,,13,,,40*74
09-06 15:05:27.424  1863  3368 E qxsdk   : nmea:$GPGSV,2,2,8,15,,,40,21,,,,29,,,41,30,,,39*45
09-06 15:05:27.424  1863  3368 E qxsdk   : nmea:$BDGSV,5,1,17,201,,,32,202,,,,203,,,31,204,,,32*6C
09-06 15:05:27.424  1863  3368 E qxsdk   : nmea:$BDGSV,5,2,17,205,,,30,206,,,32,207,,,,208,,,33*67
09-06 15:05:27.424  1863  3368 E qxsdk   : nmea:$BDGSV,5,3,17,209,,,32,210,,,,213,,,,216,,,34*63
09-06 15:05:27.424  1863  3368 E qxsdk   : nmea:$BDGSV,5,4,17,219,,,34,220,,,35,222,,,,229,,,37*6B
09-06 15:05:27.424  1863  3368 E qxsdk   : nmea:$BDGSV,5,5,17,230,,,34*58
09-06 15:05:27.424  1863  3368 E qxsdk   : nmea:$GPVTG,,T,,M,,N,,K,N*2C
09-06 15:05:27.424  1863  3367 E qxsdk   : cb_status_response status:3002 
09-06 15:05:27.424  1863  3367 E qxsdk   : posflag:8 
09-06 15:05:28.353  1863  3368 E qxsdk   : nmea:$GPGLL,,,,,,V,N*64
09-06 15:05:28.353  1863  3368 E qxsdk   : nmea:$GPGSA,A,1,,,,,,,,,,,,,,,*1E
09-06 15:05:28.353  1863  3368 E qxsdk   : nmea:$GPGSV,2,1,8,2,,,35,5,,,33,6,,,,13,,,34*70
09-06 15:05:28.353  1863  3368 E qxsdk   : nmea:$GPGSV,2,2,8,15,,,35,21,,,,29,,,34,30,,,33*4F
09-06 15:05:28.353  1863  3368 E qxsdk   : nmea:$BDGSV,5,1,17,201,,,,202,,,,203,,,,204,,,29*65
09-06 15:05:28.353  1863  3368 E qxsdk   : nmea:$BDGSV,5,2,17,205,,,,206,,,27,207,,,,208,,,27*65
09-06 15:05:28.353  1863  3368 E qxsdk   : nmea:$BDGSV,5,3,17,209,,,,210,,,,213,,,,216,,,*65
09-06 15:05:28.353  1863  3368 E qxsdk   : nmea:$BDGSV,5,4,17,219,,,,220,,,,222,,,,229,,,29*65
09-06 15:05:28.353  1863  3368 E qxsdk   : nmea:$BDGSV,5,5,17,230,,,*5F
09-06 15:05:28.353  1863  3368 E qxsdk   : nmea:$GPVTG,,T,,M,,N,,K,N*2C
09-06 15:05:28.402  1863  3367 E qxsdk   : cb_status_response status:3002 
09-06 15:05:28.402  1863  3367 E qxsdk   : posflag:8 
09-06 15:05:28.402  1863  3368 E qxsdk   : nmea:$GPRMC,070529.00,A,2233.472947,N,11353.482878,E,1.0,145.0,060919,,,A*56
09-06 15:05:28.402  1863  3368 E qxsdk   : nmea:$ACCUR,1,12,0,20190906,070529.00,,,,,,,,,,*4A
09-06 15:05:28.402  1863  3368 E qxsdk   : nmea:$GPGGA,070529.00,2233.472947,N,11353.482878,E,1,14,0.0,22.780,M,0.000,M,,*68
09-06 15:05:29.356  1863  3368 E qxsdk   : nmea:$GPGLL,,,,,,V,N*64
09-06 15:05:29.356  1863  3368 E qxsdk   : nmea:$GPGSA,A,1,,,,,,,,,,,,,,,*1E
09-06 15:05:29.356  1863  3368 E qxsdk   : nmea:$GPGSV,2,1,8,2,,,37,5,,,36,6,,,,13,,,36*75
09-06 15:05:29.356  1863  3368 E qxsdk   : nmea:$GPGSV,2,2,8,15,,,36,21,,,,29,,,38,30,,,36*45
09-06 15:05:29.356  1863  3368 E qxsdk   : nmea:$BDGSV,5,1,17,201,,,,202,,,,203,,,,204,,,29*65
09-06 15:05:29.356  1863  3368 E qxsdk   : nmea:$BDGSV,5,2,17,205,,,,206,,,28,207,,,,208,,,27*6A
09-06 15:05:29.356  1863  3368 E qxsdk   : nmea:$BDGSV,5,3,17,209,,,,210,,,,213,,,28,216,,,*6F
09-06 15:05:29.356  1863  3368 E qxsdk   : nmea:$BDGSV,5,4,17,219,,,,220,,,,222,,,,229,,,31*6C
09-06 15:05:29.356  1863  3368 E qxsdk   : nmea:$BDGSV,5,5,17,230,,,*5F
09-06 15:05:29.356  1863  3368 E qxsdk   : nmea:$GPVTG,,T,,M,,N,,K,N*2C
09-06 15:05:29.404  1863  3368 E qxsdk   : nmea:$GPRMC,070530.00,A,2233.472897,N,11353.482884,E,0.1,188.5,060919,,,A*55
09-06 15:05:29.404  1863  3368 E qxsdk   : nmea:$ACCUR,1,12,0,20190906,070530.00,,,,,,,,,,*42
09-06 15:05:29.404  1863  3368 E qxsdk   : nmea:$GPGGA,070530.00,2233.472897,N,11353.482884,E,1,15,0.0,22.663,M,0.000,M,,*62
09-06 15:05:29.404  1863  3367 E qxsdk   : cb_status_response status:3002 
09-06 15:05:29.404  1863  3367 E qxsdk   : posflag:8 
09-06 15:05:30.421  1863  3368 E qxsdk   : nmea:$GPRMC,070531.00,A,2233.473008,N,11353.482794,E,0.2,336.4,060919,,,A*50
09-06 15:05:30.421  1863  3368 E qxsdk   : nmea:$ACCUR,1,12,0,20190906,070531.00,,,,,,,,,,*43
09-06 15:05:30.421  1863  3368 E qxsdk   : nmea:$GPGGA,070531.00,2233.473008,N,11353.482794,E,1,15,0.0,22.272,M,0.000,M,,*66
09-06 15:05:30.421  1863  3368 E qxsdk   : nmea:$GPGLL,,,,,,V,N*64
09-06 15:05:30.421  1863  3368 E qxsdk   : nmea:$GPGSA,A,1,,,,,,,,,,,,,,,*1E
09-06 15:05:30.421  1863  3368 E qxsdk   : nmea:$GPGSV,2,1,8,2,,,42,5,,,42,6,,,,13,,,42*77
09-06 15:05:30.421  1863  3368 E qxsdk   : nmea:$GPGSV,2,2,8,15,,,43,21,,,,29,,,43,30,,,41*4B
09-06 15:05:30.421  1863  3368 E qxsdk   : nmea:$BDGSV,5,1,17,201,,,38,202,,,,203,,,34,204,,,*62
09-06 15:05:30.421  1863  3368 E qxsdk   : nmea:$BDGSV,5,2,17,205,,,34,206,,,37,207,,,,208,,,37*62
09-06 15:05:30.421  1863  3368 E qxsdk   : nmea:$BDGSV,5,3,17,209,,,36,210,,,,213,,,,216,,,39*6A
09-06 15:05:30.422  1863  3368 E qxsdk   : nmea:$BDGSV,5,4,17,219,,,39,220,,,40,222,,,,229,,,42*66
09-06 15:05:30.422  1863  3368 E qxsdk   : nmea:$BDGSV,5,5,17,230,,,37*5B
09-06 15:05:30.422  1863  3368 E qxsdk   : nmea:$GPVTG,,T,,M,,N,,K,N*2C
09-06 15:05:30.422  1863  3367 E qxsdk   : cb_status_response status:3002 
09-06 15:05:30.422  1863  3367 E qxsdk   : posflag:8 
09-06 15:05:31.422  1863  3368 E qxsdk   : nmea:$GPRMC,070532.00,A,2233.472918,N,11353.482794,E,0.1,155.5,060919,,,A*5F
09-06 15:05:31.422  1863  3368 E qxsdk   : nmea:$ACCUR,1,12,0,20190906,070532.00,,,,,,,,,,*40
09-06 15:05:31.422  1863  3368 E qxsdk   : nmea:$GPGGA,070532.00,2233.472918,N,11353.482794,E,1,16,0.0,22.203,M,0.000,M,,*69
09-06 15:05:31.422  1863  3368 E qxsdk   : nmea:$GPGLL,,,,,,V,N*64
09-06 15:05:31.422  1863  3368 E qxsdk   : nmea:$GPGSA,A,1,,,,,,,,,,,,,,,*1E
09-06 15:05:31.422  1863  3368 E qxsdk   : nmea:$GPGSV,2,1,8,2,,,43,5,,,42,6,,,,13,,,41*75
09-06 15:05:31.422  1863  3368 E qxsdk   : nmea:$GPGSV,2,2,8,15,,,42,21,,,,29,,,44,30,,,42*4E
09-06 15:05:31.422  1863  3368 E qxsdk   : nmea:$BDGSV,5,1,17,201,,,34,202,,,,203,,,32,204,,,35*6E
09-06 15:05:31.422  1863  3368 E qxsdk   : nmea:$BDGSV,5,2,17,205,,,,206,,,35,207,,,,208,,,33*63
09-06 15:05:31.422  1863  3368 E qxsdk   : nmea:$BDGSV,5,3,17,209,,,35,210,,,,213,,,35,216,,,36*60
09-06 15:05:31.422  1863  3368 E qxsdk   : nmea:$BDGSV,5,4,17,219,,,36,220,,,38,222,,,,229,,,39*6A
09-06 15:05:31.422  1863  3368 E qxsdk   : nmea:$BDGSV,5,5,17,230,,,32*5E
09-06 15:05:31.422  1863  3368 E qxsdk   : nmea:$GPVTG,,T,,M,,N,,K,N*2C
09-06 15:05:31.422  1863  3367 E qxsdk   : cb_status_response status:3002 
09-06 15:05:31.422  1863  3367 E qxsdk   : posflag:8 
09-06 15:05:32.425  1863  3368 E qxsdk   : nmea:$GPRMC,070533.00,A,2233.472806,N,11353.482795,E,0.2,115.4,060919,,,A*57
09-06 15:05:32.425  1863  3368 E qxsdk   : nmea:$ACCUR,1,12,0,20190906,070533.00,,,,,,,,,,*41
09-06 15:05:32.425  1863  3368 E qxsdk   : nmea:$GPGGA,070533.00,2233.472806,N,11353.482795,E,1,16,0.0,21.632,M,0.000,M,,*62
09-06 15:05:32.425  1863  3368 E qxsdk   : nmea:$GPGLL,,,,,,V,N*64
09-06 15:05:32.425  1863  3368 E qxsdk   : nmea:$GPGSA,A,1,,,,,,,,,,,,,,,*1E
09-06 15:05:32.425  1863  3368 E qxsdk   : nmea:$GPGSV,2,1,8,2,,,42,5,,,41,6,,,,13,,,40*76
09-06 15:05:32.425  1863  3368 E qxsdk   : nmea:$GPGSV,2,2,8,15,,,41,21,,,11,29,,,43,30,,,41*49
09-06 15:05:32.425  1863  3368 E qxsdk   : nmea:$BDGSV,5,1,17,201,,,34,202,,,,203,,,30,204,,,34*6D
09-06 15:05:32.425  1863  3368 E qxsdk   : nmea:$BDGSV,5,2,17,205,,,,206,,,35,207,,,,208,,,34*64
09-06 15:05:32.425  1863  3368 E qxsdk   : nmea:$BDGSV,5,3,17,209,,,33,210,,,,213,,,34,216,,,36*67
09-06 15:05:32.425  1863  3368 E qxsdk   : nmea:$BDGSV,5,4,17,219,,,36,220,,,37,222,,,,229,,,37*6B
09-06 15:05:32.425  1863  3368 E qxsdk   : nmea:$BDGSV,5,5,17,230,,,33*5F
09-06 15:05:32.425  1863  3368 E qxsdk   : nmea:$GPVTG,,T,,M,,N,,K,N*2C
09-06 15:05:32.425  1863  3367 E qxsdk   : cb_status_response status:3002 
09-06 15:05:32.425  1863  3367 E qxsdk   : posflag:8 
09-06 15:05:33.419  1863  3368 E qxsdk   : nmea:$GPRMC,070534.00,A,2233.472796,N,11353.482801,E,0.1,164.7,060919,,,A*52
09-06 15:05:33.419  1863  3368 E qxsdk   : nmea:$ACCUR,1,12,0,20190906,070534.00,,,,,,,,,,*46
09-06 15:05:33.419  1863  3368 E qxsdk   : nmea:$GPGGA,070534.00,2233.472796,N,11353.482801,E,1,16,0.0,21.783,M,0.000,M,,*6A
09-06 15:05:33.419  1863  3368 E qxsdk   : nmea:$GPGLL,,,,,,V,N*64
09-06 15:05:33.419  1863  3368 E qxsdk   : nmea:$GPGSA,A,1,,,,,,,,,,,,,,,*1E
09-06 15:05:33.419  1863  3368 E qxsdk   : nmea:$GPGSV,2,1,8,2,,,44,5,,,44,6,,,,13,,,43*76
09-06 15:05:33.420  1863  3368 E qxsdk   : nmea:$GPGSV,2,2,8,15,,,43,21,,,12,29,,,45,30,,,42*4D
09-06 15:05:33.420  1863  3368 E qxsdk   : nmea:$BDGSV,5,1,17,201,,,33,202,,,,203,,,,204,,,34*69
09-06 15:05:33.420  1863  3368 E qxsdk   : nmea:$BDGSV,5,2,17,205,,,,206,,,34,207,,,,208,,,33*62
09-06 15:05:33.420  1863  3368 E qxsdk   : nmea:$BDGSV,5,3,17,209,,,,210,,,,213,,,33,216,,,34*62
09-06 15:05:33.420  1863  3368 E qxsdk   : nmea:$BDGSV,5,4,17,219,,,35,220,,,37,222,,,,229,,,37*68
09-06 15:05:33.420  1863  3368 E qxsdk   : nmea:$BDGSV,5,5,17,230,,,33*5F
09-06 15:05:33.420  1863  3368 E qxsdk   : nmea:$GPVTG,,T,,M,,N,,K,N*2C
09-06 15:05:33.420  1863  3367 E qxsdk   : cb_status_response status:3002 
09-06 15:05:33.420  1863  3367 E qxsdk   : posflag:8 
09-06 15:05:34.425  1863  3368 E qxsdk   : nmea:$GPRMC,070535.00,A,2233.472866,N,11353.482764,E,0.3,355.5,060919,,,A*5F
09-06 15:05:34.425  1863  3368 E qxsdk   : nmea:$ACCUR,1,12,0,20190906,070535.00,,,,,,,,,,*47
09-06 15:05:34.425  1863  3368 E qxsdk   : nmea:$GPGGA,070535.00,2233.472866,N,11353.482764,E,1,16,0.0,21.889,M,0.000,M,,*62
09-06 15:05:34.425  1863  3368 E qxsdk   : nmea:$GPGLL,,,,,,V,N*64
09-06 15:05:34.425  1863  3368 E qxsdk   : nmea:$GPGSA,A,1,,,,,,,,,,,,,,,*1E
09-06 15:05:34.425  1863  3368 E qxsdk   : nmea:$GPGSV,2,1,8,2,,,41,5,,,41,6,,,,13,,,40*75
09-06 15:05:34.425  1863  3368 E qxsdk   : nmea:$GPGSV,2,2,8,15,,,41,21,,,12,29,,,42,30,,,40*4A
09-06 15:05:34.425  1863  3368 E qxsdk   : nmea:$BDGSV,5,1,17,201,,,33,202,,,31,203,,,33,204,,,34*6B
09-06 15:05:34.425  1863  3368 E qxsdk   : nmea:$BDGSV,5,2,17,205,,,,206,,,35,207,,,,208,,,34*64
09-06 15:05:34.425  1863  3368 E qxsdk   : nmea:$BDGSV,5,3,17,209,,,,210,,,,213,,,33,216,,,35*63
09-06 15:05:34.425  1863  3368 E qxsdk   : nmea:$BDGSV,5,4,17,219,,,36,220,,,37,222,,,,229,,,39*65
09-06 15:05:34.425  1863  3368 E qxsdk   : nmea:$BDGSV,5,5,17,230,,,33*5F
09-06 15:05:34.425  1863  3368 E qxsdk   : nmea:$GPVTG,,T,,M,,N,,K,N*2C
09-06 15:05:34.425  1863  3367 E qxsdk   : cb_status_response status:3002 
09-06 15:05:34.425  1863  3367 E qxsdk   : posflag:8 
09-06 15:05:35.422  1863  3368 E qxsdk   : nmea:$GPRMC,070536.00,A,2233.472900,N,11353.482743,E,0.2,359.9,060919,,,A*59
09-06 15:05:35.422  1863  3368 E qxsdk   : nmea:$ACCUR,1,12,0,20190906,070536.00,,,,,,,,,,*44
09-06 15:05:35.422  1863  3368 E qxsdk   : nmea:$GPGGA,070536.00,2233.472900,N,11353.482743,E,1,16,0.0,21.815,M,0.000,M,,*60
09-06 15:05:35.422  1863  3368 E qxsdk   : nmea:$GPGLL,,,,,,V,N*64
09-06 15:05:35.422  1863  3368 E qxsdk   : nmea:$GPGSA,A,1,,,,,,,,,,,,,,,*1E
09-06 15:05:35.422  1863  3368 E qxsdk   : nmea:$GPGSV,2,1,8,2,,,40,5,,,41,6,,,,13,,,39*7A
09-06 15:05:35.422  1863  3368 E qxsdk   : nmea:$GPGSV,2,2,8,15,,,40,21,,,,29,,,42,30,,,39*46
09-06 15:05:35.422  1863  3368 E qxsdk   : nmea:$BDGSV,5,1,17,201,,,34,202,,,,203,,,34,204,,,35*68
09-06 15:05:35.422  1863  3368 E qxsdk   : nmea:$BDGSV,5,2,17,205,,,,206,,,36,207,,,,208,,,34*67
09-06 15:05:35.422  1863  3368 E qxsdk   : nmea:$BDGSV,5,3,17,209,,,33,210,,,,213,,,34,216,,,36*67
09-06 15:05:35.422  1863  3368 E qxsdk   : nmea:$BDGSV,5,4,17,219,,,36,220,,,37,222,,,,229,,,39*65
09-06 15:05:35.422  1863  3368 E qxsdk   : nmea:$BDGSV,5,5,17,230,,,34*58
09-06 15:05:35.422  1863  3368 E qxsdk   : nmea:$GPVTG,,T,,M,,N,,K,N*2C
09-06 15:05:35.422  1863  3367 E qxsdk   : cb_status_response status:3002 
09-06 15:05:35.422  1863  3367 E qxsdk   : posflag:8 
09-06 15:05:36.428  1863  3368 E qxsdk   : nmea:$GPRMC,070537.00,A,2233.473013,N,11353.482703,E,0.4,343.9,060919,,,A*5B
09-06 15:05:36.428  1863  3368 E qxsdk   : nmea:$ACCUR,1,12,0,20190906,070537.00,,,,,,,,,,*45
09-06 15:05:36.428  1863  3368 E qxsdk   : nmea:$GPGGA,070537.00,2233.473013,N,11353.482703,E,1,16,0.0,22.094,M,0.000,M,,*6D
09-06 15:05:36.428  1863  3368 E qxsdk   : nmea:$GPGLL,,,,,,V,N*64
09-06 15:05:36.428  1863  3368 E qxsdk   : nmea:$GPGSA,A,1,,,,,,,,,,,,,,,*1E
09-06 15:05:36.428  1863  3368 E qxsdk   : nmea:$GPGSV,2,1,8,2,,,39,5,,,41,6,,,,13,,,38*75
09-06 15:05:36.428  1863  3368 E qxsdk   : nmea:$GPGSV,2,2,8,15,,,39,21,,,,29,,,40,30,,,39*4A
09-06 15:05:36.428  1863  3368 E qxsdk   : nmea:$BDGSV,5,1,17,201,,,33,202,,,33,203,,,34,204,,,34*6E
09-06 15:05:36.428  1863  3368 E qxsdk   : nmea:$BDGSV,5,2,17,205,,,30,206,,,35,207,,,,208,,,34*67
09-06 15:05:36.428  1863  3368 E qxsdk   : nmea:$BDGSV,5,3,17,209,,,33,210,,,,213,,,34,216,,,36*67
09-06 15:05:36.428  1863  3368 E qxsdk   : nmea:$BDGSV,5,4,17,219,,,36,220,,,35,222,,,,229,,,39*67
09-06 15:05:36.428  1863  3368 E qxsdk   : nmea:$BDGSV,5,5,17,230,,,34*58
09-06 15:05:36.428  1863  3368 E qxsdk   : nmea:$GPVTG,,T,,M,,N,,K,N*2C
09-06 15:05:36.428  1863  3367 E qxsdk   : cb_status_response status:3002 
09-06 15:05:36.428  1863  3367 E qxsdk   : posflag:8 
09-06 15:05:37.425  1863  3368 E qxsdk   : nmea:$GPRMC,070538.00,A,2233.473032,N,11353.482697,E,0.1,115.2,060919,,,A*54
