09-06 15:04:19.344  1863  3368 E qxsdk   : nmea:$GPGSA,A,1,,,,,,,,,,,,,,,*1E
09-06 15:04:19.344  1863  3368 E qxsdk   : nmea:$GPGSV,2,1,8,2,,,34,5,,,34,6,,,21,13,,,34*75
09-06 15:04:19.344  1863  3368 E qxsdk   : nmea:$GPGSV,2,2,8,15,,,34,21,,,,29,,,36,30,,,32*4D
09-06 15:04:19.344  1863  3368 E qxsdk   : nmea:$BDGSV,4,1,16,201,,,,202,,,,203,,,,204,,,*6E
09-06 15:04:19.344  1863  3368 E qxsdk   : nmea:$BDGSV,4,2,16,205,,,,206,,,,207,,,,208,,,*65
09-06 15:04:19.344  1863  3368 E qxsdk   : nmea:$BDGSV,4,3,16,209,,,,210,,,,213,,,,216,,,*65
09-06 15:04:19.344  1863  3368 E qxsdk   : nmea:$BDGSV,4,4,16,219,,,,220,,,,229,,,,230,,,*6D
09-06 15:04:19.344  1863  3368 E qxsdk   : nmea:$GPVTG,,T,,M,,N,,K,N*2C
09-06 15:04:19.395  1863  3367 E qxsdk   : cb_status_response status:3002 
09-06 15:04:19.395  1863  3367 E qxsdk   : posflag:8 
09-06 15:04:19.395  1863  3368 E qxsdk   : nmea:$GPRMC,070420.00,A,2233.474646,N,11353.482698,E,0.2,194.6,060919,,,A*5F
09-06 15:04:19.395  1863  3368 E qxsdk   : nmea:$ACCUR,1,12,0,20190906,070420.00,,,,,,,,,,*42
09-06 15:04:19.396  1863  3368 E qxsdk   : nmea:$GPGGA,070420.00,2233.474646,N,11353.482698,E,1,07,0.0,22.217,M,0.000,M,,*61
09-06 15:04:20.341  1863  3368 E qxsdk   : nmea:$GPGLL,,,,,,V,N*64
09-06 15:04:20.341  1863  3368 E qxsdk   : nmea:$GPGSA,A,1,,,,,,,,,,,,,,,*1E
09-06 15:04:20.341  1863  3368 E qxsdk   : nmea:$GPGSV,2,1,8,2,,,42,5,,,43,6,,,,13,,,41*75
09-06 15:04:20.341  1863  3368 E qxsdk   : nmea:$GPGSV,2,2,8,15,,,42,21,,,,29,,,45,30,,,40*4D
09-06 15:04:20.341  1863  3368 E qxsdk   : nmea:$BDGSV,4,1,16,201,,,,202,,,,203,,,,204,,,*6E
09-06 15:04:20.341  1863  3368 E qxsdk   : nmea:$BDGSV,4,2,16,205,,,,206,,,,207,,,,208,,,*65
09-06 15:04:20.341  1863  3368 E qxsdk   : nmea:$BDGSV,4,3,16,209,,,,210,,,,213,,,,216,,,*65
09-06 15:04:20.341  1863  3368 E qxsdk   : nmea:$BDGSV,4,4,16,219,,,,220,,,,229,,,,230,,,*6D
09-06 15:04:20.341  1863  3368 E qxsdk   : nmea:$GPVTG,,T,,M,,N,,K,N*2C
09-06 15:04:20.395  1863  3367 E qxsdk   : cb_status_response status:3002 
09-06 15:04:20.395  1863  3367 E qxsdk   : posflag:8 
09-06 15:04:20.395  1863  3368 E qxsdk   : nmea:$GPRMC,070421.00,A,2233.474677,N,11353.482737,E,0.0,195.6,060919,,,A*5B
09-06 15:04:20.395  1863  3368 E qxsdk   : nmea:$ACCUR,1,12,0,20190906,070421.00,,,,,,,,,,*43
09-06 15:04:20.395  1863  3368 E qxsdk   : nmea:$GPGGA,070421.00,2233.474677,N,11353.482737,E,1,06,0.0,22.237,M,0.000,M,,*65
09-06 15:04:21.344  1863  3368 E qxsdk   : nmea:$GPGLL,,,,,,V,N*64
09-06 15:04:21.344  1863  3368 E qxsdk   : nmea:$GPGSA,A,1,,,,,,,,,,,,,,,*1E
09-06 15:04:21.344  1863  3368 E qxsdk   : nmea:$GPGSV,2,1,8,2,,,41,5,,,42,6,,,,13,,,41*77
09-06 15:04:21.344  1863  3368 E qxsdk   : nmea:$GPGSV,2,2,8,15,,,42,21,,,,29,,,44,30,,,40*4C
09-06 15:04:21.344  1863  3368 E qxsdk   : nmea:$BDGSV,4,1,16,201,,,,202,,,,203,,,,204,,,*6E
09-06 15:04:21.344  1863  3368 E qxsdk   : nmea:$BDGSV,4,2,16,205,,,34,206,,,,207,,,,208,,,*62
09-06 15:04:21.344  1863  3368 E qxsdk   : nmea:$BDGSV,4,3,16,209,,,,210,,,,213,,,,216,,,*65
09-06 15:04:21.345  1863  3368 E qxsdk   : nmea:$BDGSV,4,4,16,219,,,,220,,,,229,,,,230,,,*6D
09-06 15:04:21.345  1863  3368 E qxsdk   : nmea:$GPVTG,,T,,M,,N,,K,N*2C
09-06 15:04:21.395  1863  3368 E qxsdk   : nmea:$GPRMC,070422.00,A,2233.474718,N,11353.482778,E,0.0,230.7,060919,,,A*56
09-06 15:04:21.395  1863  3368 E qxsdk   : nmea:$ACCUR,1,12,0,20190906,070422.00,,,,,,,,,,*40
09-06 15:04:21.395  1863  3368 E qxsdk   : nmea:$GPGGA,070422.00,2233.474718,N,11353.482778,E,1,06,0.0,22.314,M,0.000,M,,*65
09-06 15:04:21.395  1863  3367 E qxsdk   : cb_status_response status:3002 
09-06 15:04:21.395  1863  3367 E qxsdk   : posflag:8 
09-06 15:04:22.347  1863  3368 E qxsdk   : nmea:$GPGLL,,,,,,V,N*64
09-06 15:04:22.347  1863  3368 E qxsdk   : nmea:$GPGSA,A,1,,,,,,,,,,,,,,,*1E
09-06 15:04:22.347  1863  3368 E qxsdk   : nmea:$GPGSV,2,1,8,2,,,40,5,,,41,6,,,25,13,,,40*73
09-06 15:04:22.347  1863  3368 E qxsdk   : nmea:$GPGSV,2,2,8,15,,,41,21,,,,29,,,43,30,,,39*46
09-06 15:04:22.347  1863  3368 E qxsdk   : nmea:$BDGSV,4,1,16,201,,,,202,,,,203,,,,204,,,*6E
09-06 15:04:22.347  1863  3368 E qxsdk   : nmea:$BDGSV,4,2,16,205,,,33,206,,,,207,,,,208,,,*65
09-06 15:04:22.347  1863  3368 E qxsdk   : nmea:$BDGSV,4,3,16,209,,,,210,,,,213,,,,216,,,*65
09-06 15:04:22.347  1863  3368 E qxsdk   : nmea:$BDGSV,4,4,16,219,,,,220,,,,229,,,,230,,,*6D
09-06 15:04:22.347  1863  3368 E qxsdk   : nmea:$GPVTG,,T,,M,,N,,K,N*2C
09-06 15:04:22.397  1863  3367 E qxsdk   : cb_status_response status:3002 
09-06 15:04:22.397  1863  3367 E qxsdk   : posflag:8 
09-06 15:04:22.397  1863  3368 E qxsdk   : nmea:$GPRMC,070423.00,A,2233.474682,N,11353.482789,E,0.3,201.5,060919,,,A*58
09-06 15:04:22.397  1863  3368 E qxsdk   : nmea:$ACCUR,1,12,0,20190906,070423.00,,,,,,,,,,*41
09-06 15:04:22.397  1863  3368 E qxsdk   : nmea:$GPGGA,070423.00,2233.474682,N,11353.482789,E,1,08,0.0,22.237,M,0.000,M,,*66
09-06 15:04:23.347  1863  3368 E qxsdk   : nmea:$GPGLL,,,,,,V,N*64
09-06 15:04:23.347  1863  3368 E qxsdk   : nmea:$GPGSA,A,1,,,,,,,,,,,,,,,*1E
09-06 15:04:23.347  1863  3368 E qxsdk   : nmea:$GPGSV,2,1,8,2,,,39,5,,,41,6,,,,13,,,39*74
09-06 15:04:23.347  1863  3368 E qxsdk   : nmea:$GPGSV,2,2,8,15,,,40,21,,,,29,,,42,30,,,39*46
09-06 15:04:23.347  1863  3368 E qxsdk   : nmea:$BDGSV,4,1,16,201,,,35,202,,,,203,,,,204,,,*68
09-06 15:04:23.347  1863  3368 E qxsdk   : nmea:$BDGSV,4,2,16,205,,,35,206,,,,207,,,,208,,,*63
09-06 15:04:23.347  1863  3368 E qxsdk   : nmea:$BDGSV,4,3,16,209,,,,210,,,,213,,,,216,,,*65
09-06 15:04:23.347  1863  3368 E qxsdk   : nmea:$BDGSV,4,4,16,219,,,,220,,,,229,,,,230,,,*6D
09-06 15:04:23.347  1863  3368 E qxsdk   : nmea:$GPVTG,,T,,M,,N,,K,N*2C
09-06 15:04:23.396  1863  3367 E qxsdk   : cb_status_response status:3002 
09-06 15:04:23.396  1863  3367 E qxsdk   : posflag:8 
09-06 15:04:23.396  1863  3368 E qxsdk   : nmea:$GPRMC,070424.00,A,2233.474703,N,11353.482816,E,0.1,187.6,060919,,,A*52
09-06 15:04:23.396  1863  3368 E qxsdk   : nmea:$ACCUR,1,12,0,20190906,070424.00,,,,,,,,,,*46
09-06 15:04:23.396  1863  3368 E qxsdk   : nmea:$GPGGA,070424.00,2233.474703,N,11353.482816,E,1,07,0.0,22.381,M,0.000,M,,*63
09-06 15:04:24.348  1863  3368 E qxsdk   : nmea:$GPGLL,,,,,,V,N*64
09-06 15:04:24.348  1863  3368 E qxsdk   : nmea:$GPGSA,A,1,,,,,,,,,,,,,,,*1E
09-06 15:04:24.348  1863  3368 E qxsdk   : nmea:$GPGSV,2,1,8,2,,,40,5,,,41,6,,,,13,,,40*74
09-06 15:04:24.348  1863  3368 E qxsdk   : nmea:$GPGSV,2,2,8,15,,,40,21,,,,29,,,42,30,,,38*47
09-06 15:04:24.348  1863  3368 E qxsdk   : nmea:$BDGSV,4,1,16,201,,,,202,,,33,203,,,,204,,,*6E
09-06 15:04:24.348  1863  3368 E qxsdk   : nmea:$BDGSV,4,2,16,205,,,,206,,,,207,,,,208,,,*65
09-06 15:04:24.348  1863  3368 E qxsdk   : nmea:$BDGSV,4,3,16,209,,,,210,,,,213,,,,216,,,*65
09-06 15:04:24.348  1863  3368 E qxsdk   : nmea:$BDGSV,4,4,16,219,,,,220,,,,229,,,30,230,,,*6E
09-06 15:04:24.348  1863  3368 E qxsdk   : nmea:$GPVTG,,T,,M,,N,,K,N*2C
09-06 15:04:24.406  1863  3367 E qxsdk   : cb_status_response status:3002 
09-06 15:04:24.406  1863  3367 E qxsdk   : posflag:8 
09-06 15:04:24.406  1863  3368 E qxsdk   : nmea:$GPRMC,070425.00,A,2233.474882,N,11353.482938,E,0.5,29.2,060919,,,A*6D
09-06 15:04:24.406  1863  3368 E qxsdk   : nmea:$ACCUR,1,12,0,20190906,070425.00,,,,,,,,,,*47
09-06 15:04:24.406  1863  3368 E qxsdk   : nmea:$GPGGA,070425.00,2233.474882,N,11353.482938,E,1,09,0.0,22.891,M,0.000,M,,*6D
09-06 15:04:25.350  1863  3368 E qxsdk   : nmea:$GPGLL,,,,,,V,N*64
09-06 15:04:25.350  1863  3368 E qxsdk   : nmea:$GPGSA,A,1,,,,,,,,,,,,,,,*1E
09-06 15:04:25.350  1863  3368 E qxsdk   : nmea:$GPGSV,2,1,8,2,,,38,5,,,40,6,,,,13,,,39*74
09-06 15:04:25.350  1863  3368 E qxsdk   : nmea:$GPGSV,2,2,8,15,,,38,21,,,,29,,,41,30,,,37*44
09-06 15:04:25.350  1863  3368 E qxsdk   : nmea:$BDGSV,4,1,16,201,,,,202,,,33,203,,,33,204,,,34*69
09-06 15:04:25.350  1863  3368 E qxsdk   : nmea:$BDGSV,4,2,16,205,,,,206,,,,207,,,,208,,,*65
09-06 15:04:25.350  1863  3368 E qxsdk   : nmea:$BDGSV,4,3,16,209,,,,210,,,,213,,,,216,,,*65
09-06 15:04:25.350  1863  3368 E qxsdk   : nmea:$BDGSV,4,4,16,219,,,,220,,,,229,,,,230,,,*6D
09-06 15:04:25.350  1863  3368 E qxsdk   : nmea:$GPVTG,,T,,M,,N,,K,N*2C
09-06 15:04:25.399  1863  3368 E qxsdk   : nmea:$GPRMC,070426.00,A,2233.475055,N,11353.483065,E,0.6,31.2,060919,,,A*67
09-06 15:04:25.399  1863  3368 E qxsdk   : nmea:$ACCUR,1,12,0,20190906,070426.00,,,,,,,,,,*44
09-06 15:04:25.399  1863  3368 E qxsdk   : nmea:$GPGGA,070426.00,2233.475055,N,11353.483065,E,1,08,0.0,23.294,M,0.000,M,,*62
09-06 15:04:25.399  1863  3367 E qxsdk   : cb_status_response status:3002 
09-06 15:04:25.399  1863  3367 E qxsdk   : posflag:8 
09-06 15:04:26.344  1863  3368 E qxsdk   : nmea:$GPGLL,,,,,,V,N*64
09-06 15:04:26.344  1863  3368 E qxsdk   : nmea:$GPGSA,A,1,,,,,,,,,,,,,,,*1E
09-06 15:04:26.344  1863  3368 E qxsdk   : nmea:$GPGSV,2,1,8,2,,,42,5,,,44,6,,,,13,,,42*71
09-06 15:04:26.344  1863  3368 E qxsdk   : nmea:$GPGSV,2,2,8,15,,,42,21,,,,29,,,44,30,,,40*4C
09-06 15:04:26.344  1863  3368 E qxsdk   : nmea:$BDGSV,4,1,16,201,,,,202,,,33,203,,,,204,,,*6E
09-06 15:04:26.344  1863  3368 E qxsdk   : nmea:$BDGSV,4,2,16,205,,,,206,,,,207,,,,208,,,*65
09-06 15:04:26.344  1863  3368 E qxsdk   : nmea:$BDGSV,4,3,16,209,,,,210,,,,213,,,,216,,,*65
09-06 15:04:26.344  1863  3368 E qxsdk   : nmea:$BDGSV,4,4,16,219,,,,220,,,,229,,,,230,,,*6D
09-06 15:04:26.344  1863  3368 E qxsdk   : nmea:$GPVTG,,T,,M,,N,,K,N*2C
09-06 15:04:26.397  1863  3367 E qxsdk   : cb_status_response status:3002 
09-06 15:04:26.397  1863  3367 E qxsdk   : posflag:8 
09-06 15:04:26.398  1863  3368 E qxsdk   : nmea:$GPRMC,070427.00,A,2233.475044,N,11353.483095,E,0.1,31.6,060919,,,A*6A
09-06 15:04:26.398  1863  3368 E qxsdk   : nmea:$ACCUR,1,12,0,20190906,070427.00,,,,,,,,,,*45
09-06 15:04:26.398  1863  3368 E qxsdk   : nmea:$GPGGA,070427.00,2233.475044,N,11353.483095,E,1,07,0.0,23.239,M,0.000,M,,*64
09-06 15:04:27.342  1863  3368 E qxsdk   : nmea:$GPGLL,,,,,,V,N*64
09-06 15:04:27.342  1863  3368 E qxsdk   : nmea:$GPGSA,A,1,,,,,,,,,,,,,,,*1E
09-06 15:04:27.342  1863  3368 E qxsdk   : nmea:$GPGSV,2,1,8,2,,,42,5,,,43,6,,,,13,,,42*76
09-06 15:04:27.342  1863  3368 E qxsdk   : nmea:$GPGSV,2,2,8,15,,,42,21,,,,29,,,44,30,,,41*4D
09-06 15:04:27.342  1863  3368 E qxsdk   : nmea:$BDGSV,4,1,16,201,,,,202,,,,203,,,,204,,,*6E
09-06 15:04:27.342  1863  3368 E qxsdk   : nmea:$BDGSV,4,2,16,205,,,,206,,,,207,,,,208,,,*65
09-06 15:04:27.342  1863  3368 E qxsdk   : nmea:$BDGSV,4,3,16,209,,,,210,,,,213,,,,216,,,*65
09-06 15:04:27.342  1863  3368 E qxsdk   : nmea:$BDGSV,4,4,16,219,,,,220,,,,229,,,,230,,,*6D
09-06 15:04:27.342  1863  3368 E qxsdk   : nmea:$GPVTG,,T,,M,,N,,K,N*2C
09-06 15:04:27.401  1863  3367 E qxsdk   : cb_status_response status:3002 
09-06 15:04:27.401  1863  3367 E qxsdk   : posflag:8 
09-06 15:04:27.401  1863  3368 E qxsdk   : nmea:$GPRMC,070428.00,A,2233.475013,N,11353.483094,E,0.1,343.2,060919,,,A*54
09-06 15:04:27.401  1863  3368 E qxsdk   : nmea:$ACCUR,1,12,0,20190906,070428.00,,,,,,,,,,*4A
09-06 15:04:27.401  1863  3368 E qxsdk   : nmea:$GPGGA,070428.00,2233.475013,N,11353.483094,E,1,11,0.0,23.298,M,0.000,M,,*64
09-06 15:04:28.353  1863  3368 E qxsdk   : nmea:$GPGLL,,,,,,V,N*64
09-06 15:04:28.353  1863  3368 E qxsdk   : nmea:$GPGSA,A,1,,,,,,,,,,,,,,,*1E
09-06 15:04:28.353  1863  3368 E qxsdk   : nmea:$GPGSV,2,1,8,2,,,41,5,,,42,6,,,24,13,,,41*71
09-06 15:04:28.353  1863  3368 E qxsdk   : nmea:$GPGSV,2,2,8,15,,,41,21,,,,29,,,43,30,,,40*48
09-06 15:04:28.353  1863  3368 E qxsdk   : nmea:$BDGSV,4,1,16,201,,,,202,,,33,203,,,34,204,,,*69
09-06 15:04:28.353  1863  3368 E qxsdk   : nmea:$BDGSV,4,2,16,205,,,,206,,,,207,,,,208,,,*65
09-06 15:04:28.353  1863  3368 E qxsdk   : nmea:$BDGSV,4,3,16,209,,,,210,,,,213,,,,216,,,*65
09-06 15:04:28.353  1863  3368 E qxsdk   : nmea:$BDGSV,4,4,16,219,,,,220,,,,229,,,33,230,,,*6D
09-06 15:04:28.353  1863  3368 E qxsdk   : nmea:$GPVTG,,T,,M,,N,,K,N*2C
09-06 15:04:28.400  1863  3367 E qxsdk   : cb_status_response status:3002 
09-06 15:04:28.400  1863  3367 E qxsdk   : posflag:8 
09-06 15:04:28.401  1863  3368 E qxsdk   : nmea:$GPRMC,070429.00,A,2233.474797,N,11353.483106,E,0.7,172.9,060919,,,A*58
09-06 15:04:28.401  1863  3368 E qxsdk   : nmea:$ACCUR,1,12,0,20190906,070429.00,,,,,,,,,,*4B
09-06 15:04:28.401  1863  3368 E qxsdk   : nmea:$GPGGA,070429.00,2233.474797,N,11353.483106,E,1,10,0.0,23.189,M,0.000,M,,*67
09-06 15:04:29.344  1863  3368 E qxsdk   : nmea:$GPGLL,,,,,,V,N*64
09-06 15:04:29.344  1863  3368 E qxsdk   : nmea:$GPGSA,A,1,,,,,,,,,,,,,,,*1E
09-06 15:04:29.344  1863  3368 E qxsdk   : nmea:$GPGSV,2,1,8,2,,,41,5,,,42,6,,,24,13,,,41*71
09-06 15:04:29.344  1863  3368 E qxsdk   : nmea:$GPGSV,2,2,8,15,,,41,21,,,,29,,,43,30,,,40*48
09-06 15:04:29.344  1863  3368 E qxsdk   : nmea:$BDGSV,4,1,16,201,,,,202,,,,203,,,,204,,,*6E
09-06 15:04:29.344  1863  3368 E qxsdk   : nmea:$BDGSV,4,2,16,205,,,,206,,,,207,,,,208,,,*65
09-06 15:04:29.344  1863  3368 E qxsdk   : nmea:$BDGSV,4,3,16,209,,,,210,,,,213,,,,216,,,*65
09-06 15:04:29.344  1863  3368 E qxsdk   : nmea:$BDGSV,4,4,16,219,,,,220,,,,229,,,,230,,,*6D
09-06 15:04:29.344  1863  3368 E qxsdk   : nmea:$GPVTG,,T,,M,,N,,K,N*2C
09-06 15:04:29.395  1863  3367 E qxsdk   : cb_status_response status:3002 
09-06 15:04:29.396  1863  3367 E qxsdk   : posflag:8 
09-06 15:04:29.396  1863  3368 E qxsdk   : nmea:$GPRMC,070430.00,A,2233.474702,N,11353.483107,E,0.1,199.8,060919,,,A*5F
09-06 15:04:29.396  1863  3368 E qxsdk   : nmea:$ACCUR,1,12,0,20190906,070430.00,,,,,,,,,,*43
09-06 15:04:29.396  1863  3368 E qxsdk   : nmea:$GPGGA,070430.00,2233.474702,N,11353.483107,E,1,07,0.0,23.141,M,0.000,M,,*60
09-06 15:04:30.344  1863  3368 E qxsdk   : nmea:$GPGLL,,,,,,V,N*64
09-06 15:04:30.344  1863  3368 E qxsdk   : nmea:$GPGSA,A,1,,,,,,,,,,,,,,,*1E
09-06 15:04:30.344  1863  3368 E qxsdk   : nmea:$GPGSV,2,1,8,2,,,41,5,,,42,6,,,25,13,,,41*70
09-06 15:04:30.344  1863  3368 E qxsdk   : nmea:$GPGSV,2,2,8,15,,,41,21,,,,29,,,43,30,,,40*48
09-06 15:04:30.344  1863  3368 E qxsdk   : nmea:$BDGSV,4,1,16,201,,,,202,,,,203,,,,204,,,*6E
09-06 15:04:30.344  1863  3368 E qxsdk   : nmea:$BDGSV,4,2,16,205,,,,206,,,,207,,,,208,,,*65
09-06 15:04:30.344  1863  3368 E qxsdk   : nmea:$BDGSV,4,3,16,209,,,,210,,,,213,,,,216,,,*65
09-06 15:04:30.344  1863  3368 E qxsdk   : nmea:$BDGSV,4,4,16,219,,,,220,,,,229,,,,230,,,*6D
09-06 15:04:30.344  1863  3368 E qxsdk   : nmea:$GPVTG,,T,,M,,N,,K,N*2C
09-06 15:04:30.394  1863  3367 E qxsdk   : cb_status_response status:3002 
09-06 15:04:30.394  1863  3367 E qxsdk   : posflag:8 
09-06 15:04:30.394  1863  3368 E qxsdk   : nmea:$GPRMC,070431.00,A,2233.474665,N,11353.483117,E,0.1,190.7,060919,,,A*59
09-06 15:04:30.394  1863  3368 E qxsdk   : nmea:$ACCUR,1,12,0,20190906,070431.00,,,,,,,,,,*42
09-06 15:04:30.394  1863  3368 E qxsdk   : nmea:$GPGGA,070431.00,2233.474665,N,11353.483117,E,1,07,0.0,23.097,M,0.000,M,,*6A
09-06 15:04:31.345  1863  3368 E qxsdk   : nmea:$GPGLL,,,,,,V,N*64
09-06 15:04:31.345  1863  3368 E qxsdk   : nmea:$GPGSA,A,1,,,,,,,,,,,,,,,*1E
09-06 15:04:31.345  1863  3368 E qxsdk   : nmea:$GPGSV,2,1,8,2,,,41,5,,,43,6,,,25,13,,,41*71
09-06 15:04:31.345  1863  3368 E qxsdk   : nmea:$GPGSV,2,2,8,15,,,42,21,,,,29,,,44,30,,,40*4C
09-06 15:04:31.345  1863  3368 E qxsdk   : nmea:$BDGSV,4,1,16,201,,,,202,,,,203,,,,204,,,*6E
09-06 15:04:31.345  1863  3368 E qxsdk   : nmea:$BDGSV,4,2,16,205,,,,206,,,,207,,,,208,,,*65
09-06 15:04:31.345  1863  3368 E qxsdk   : nmea:$BDGSV,4,3,16,209,,,,210,,,,213,,,,216,,,*65
09-06 15:04:31.345  1863  3368 E qxsdk   : nmea:$BDGSV,4,4,16,219,,,,220,,,,229,,,,230,,,*6D
09-06 15:04:31.345  1863  3368 E qxsdk   : nmea:$GPVTG,,T,,M,,N,,K,N*2C
09-06 15:04:31.395  1863  3368 E qxsdk   : nmea:$GPRMC,070432.00,A,2233.474621,N,11353.483125,E,0.1,200.8,060919,,,A*5E
09-06 15:04:31.395  1863  3368 E qxsdk   : nmea:$ACCUR,1,12,0,20190906,070432.00,,,,,,,,,,*41
09-06 15:04:31.395  1863  3368 E qxsdk   : nmea:$GPGGA,070432.00,2233.474621,N,11353.483125,E,1,07,0.0,23.082,M,0.000,M,,*6C
09-06 15:04:31.395  1863  3367 E qxsdk   : cb_status_response status:3002 
09-06 15:04:31.395  1863  3367 E qxsdk   : posflag:8 
09-06 15:04:32.340  1863  3368 E qxsdk   : nmea:$GPGLL,,,,,,V,N*64
09-06 15:04:32.340  1863  3368 E qxsdk   : nmea:$GPGSA,A,1,,,,,,,,,,,,,,,*1E
09-06 15:04:32.340  1863  3368 E qxsdk   : nmea:$GPGSV,2,1,8,2,,,34,5,,,35,6,,,,13,,,33*70
09-06 15:04:32.341  1863  3368 E qxsdk   : nmea:$GPGSV,2,2,8,15,,,34,21,,,,29,,,36,30,,,32*4D
09-06 15:04:32.341  1863  3368 E qxsdk   : nmea:$BDGSV,4,1,16,201,,,,202,,,,203,,,,204,,,*6E
09-06 15:04:32.341  1863  3368 E qxsdk   : nmea:$BDGSV,4,2,16,205,,,,206,,,,207,,,,208,,,*65
09-06 15:04:32.341  1863  3368 E qxsdk   : nmea:$BDGSV,4,3,16,209,,,,210,,,,213,,,,216,,,*65
09-06 15:04:32.341  1863  3368 E qxsdk   : nmea:$BDGSV,4,4,16,219,,,,220,,,,229,,,,230,,,*6D
09-06 15:04:32.341  1863  3368 E qxsdk   : nmea:$GPVTG,,T,,M,,N,,K,N*2C
09-06 15:04:32.393  1863  3368 E qxsdk   : nmea:$GPRMC,070433.00,A,2233.474600,N,11353.483130,E,0.1,182.5,060919,,,A*5C
09-06 15:04:32.393  1863  3368 E qxsdk   : nmea:$ACCUR,1,12,0,20190906,070433.00,,,,,,,,,,*40
09-06 15:04:32.393  1863  3368 E qxsdk   : nmea:$GPGGA,070433.00,2233.474600,N,11353.483130,E,1,07,0.0,23.046,M,0.000,M,,*62
09-06 15:04:32.393  1863  3367 E qxsdk   : cb_status_response status:3002 
09-06 15:04:32.393  1863  3367 E qxsdk   : posflag:8 
09-06 15:04:33.341  1863  3368 E qxsdk   : nmea:$GPGLL,,,,,,V,N*64
09-06 15:04:33.341  1863  3368 E qxsdk   : nmea:$GPGSA,A,1,,,,,,,,,,,,,,,*1E
09-06 15:04:33.341  1863  3368 E qxsdk   : nmea:$GPGSV,2,1,8,2,,,35,5,,,36,6,,,,13,,,34*75
09-06 15:04:33.341  1863  3368 E qxsdk   : nmea:$GPGSV,2,2,8,15,,,35,21,,,,29,,,37,30,,,33*4C
09-06 15:04:33.341  1863  3368 E qxsdk   : nmea:$BDGSV,4,1,16,201,,,,202,,,,203,,,,204,,,*6E
09-06 15:04:33.341  1863  3368 E qxsdk   : nmea:$BDGSV,4,2,16,205,,,,206,,,,207,,,,208,,,*65
09-06 15:04:33.341  1863  3368 E qxsdk   : nmea:$BDGSV,4,3,16,209,,,,210,,,,213,,,,216,,,*65
09-06 15:04:33.341  1863  3368 E qxsdk   : nmea:$BDGSV,4,4,16,219,,,,220,,,,229,,,,230,,,*6D
09-06 15:04:33.341  1863  3368 E qxsdk   : nmea:$GPVTG,,T,,M,,N,,K,N*2C
09-06 15:04:33.394  1863  3368 E qxsdk   : nmea:$GPRMC,070434.00,A,2233.474594,N,11353.483135,E,0.1,218.2,060919,,,A*57
09-06 15:04:33.394  1863  3368 E qxsdk   : nmea:$ACCUR,1,12,0,20190906,070434.00,,,,,,,,,,*47
09-06 15:04:33.394  1863  3368 E qxsdk   : nmea:$GPGGA,070434.00,2233.474594,N,11353.483135,E,1,07,0.0,23.046,M,0.000,M,,*6E
09-06 15:04:33.394  1863  3367 E qxsdk   : cb_status_response status:3002 
09-06 15:04:33.394  1863  3367 E qxsdk   : posflag:8 
09-06 15:04:34.340  1863  3368 E qxsdk   : nmea:$GPGLL,,,,,,V,N*64
09-06 15:04:34.340  1863  3368 E qxsdk   : nmea:$GPGSA,A,1,,,,,,,,,,,,,,,*1E
09-06 15:04:34.340  1863  3368 E qxsdk   : nmea:$GPGSV,2,1,8,2,,,43,5,,,45,6,,,,13,,,43*70
09-06 15:04:34.340  1863  3368 E qxsdk   : nmea:$GPGSV,2,2,8,15,,,44,21,,,,29,,,46,30,,,42*4A
09-06 15:04:34.340  1863  3368 E qxsdk   : nmea:$BDGSV,4,1,16,201,,,,202,,,,203,,,,204,,,*6E
09-06 15:04:34.340  1863  3368 E qxsdk   : nmea:$BDGSV,4,2,16,205,,,,206,,,,207,,,,208,,,*65
09-06 15:04:34.340  1863  3368 E qxsdk   : nmea:$BDGSV,4,3,16,209,,,,210,,,,213,,,,216,,,*65
09-06 15:04:34.341  1863  3368 E qxsdk   : nmea:$BDGSV,4,4,16,219,,,,220,,,,229,,,,230,,,*6D
09-06 15:04:34.341  1863  3368 E qxsdk   : nmea:$GPVTG,,T,,M,,N,,K,N*2C
09-06 15:04:34.396  1863  3367 E qxsdk   : cb_status_response status:3002 
09-06 15:04:34.396  1863  3367 E qxsdk   : posflag:8 
09-06 15:04:34.396  1863  3368 E qxsdk   : nmea:$GPRMC,070435.00,A,2233.474543,N,11353.483159,E,0.0,158.6,060919,,,A*54
09-06 15:04:34.396  1863  3368 E qxsdk   : nmea:$ACCUR,1,12,0,20190906,070435.00,,,,,,,,,,*46
09-06 15:04:34.396  1863  3368 E qxsdk   : nmea:$GPGGA,070435.00,2233.474543,N,11353.483159,E,1,07,0.0,23.014,M,0.000,M,,*68
09-06 15:04:35.341  1863  3368 E qxsdk   : nmea:$GPGLL,,,,,,V,N*64
09-06 15:04:35.341  1863  3368 E qxsdk   : nmea:$GPGSA,A,1,,,,,,,,,,,,,,,*1E
09-06 15:04:35.341  1863  3368 E qxsdk   : nmea:$GPGSV,2,1,8,2,,,41,5,,,41,6,,,,13,,,40*75
09-06 15:04:35.341  1863  3368 E qxsdk   : nmea:$GPGSV,2,2,8,15,,,41,21,,,,29,,,43,30,,,38*47
09-06 15:04:35.341  1863  3368 E qxsdk   : nmea:$BDGSV,4,1,16,201,,,,202,,,,203,,,,204,,,*6E
09-06 15:04:35.341  1863  3368 E qxsdk   : nmea:$BDGSV,4,2,16,205,,,,206,,,,207,,,,208,,,*65
09-06 15:04:35.341  1863  3368 E qxsdk   : nmea:$BDGSV,4,3,16,209,,,,210,,,,213,,,,216,,,*65
09-06 15:04:35.341  1863  3368 E qxsdk   : nmea:$BDGSV,4,4,16,219,,,,220,,,,229,,,,230,,,*6D
09-06 15:04:35.341  1863  3368 E qxsdk   : nmea:$GPVTG,,T,,M,,N,,K,N*2C
09-06 15:04:35.395  1863  3367 E qxsdk   : cb_status_response status:3002 
09-06 15:04:35.395  1863  3367 E qxsdk   : posflag:8 
09-06 15:04:35.395  1863  3368 E qxsdk   : nmea:$GPRMC,070436.00,A,2233.474512,N,11353.483177,E,0.0,200.8,060919,,,A*5F
09-06 15:04:35.395  1863  3368 E qxsdk   : nmea:$ACCUR,1,12,0,20190906,070436.00,,,,,,,,,,*45
09-06 15:04:35.395  1863  3368 E qxsdk   : nmea:$GPGGA,070436.00,2233.474512,N,11353.483177,E,1,07,0.0,22.994,M,0.000,M,,*63
09-06 15:04:36.341  1863  3368 E qxsdk   : nmea:$GPGLL,,,,,,V,N*64
09-06 15:04:36.341  1863  3368 E qxsdk   : nmea:$GPGSA,A,1,,,,,,,,,,,,,,,*1E
09-06 15:04:36.341  1863  3368 E qxsdk   : nmea:$GPGSV,2,1,8,2,,,41,5,,,42,6,,,,13,,,40*76
09-06 15:04:36.341  1863  3368 E qxsdk   : nmea:$GPGSV,2,2,8,15,,,41,21,,,,29,,,43,30,,,39*46
09-06 15:04:36.341  1863  3368 E qxsdk   : nmea:$BDGSV,4,1,16,201,,,,202,,,,203,,,,204,,,*6E
09-06 15:04:36.341  1863  3368 E qxsdk   : nmea:$BDGSV,4,2,16,205,,,,206,,,,207,,,,208,,,*65
09-06 15:04:36.341  1863  3368 E qxsdk   : nmea:$BDGSV,4,3,16,209,,,,210,,,,213,,,,216,,,*65
09-06 15:04:36.341  1863  3368 E qxsdk   : nmea:$BDGSV,4,4,16,219,,,,220,,,,229,,,,230,,,*6D
09-06 15:04:36.341  1863  3368 E qxsdk   : nmea:$GPVTG,,T,,M,,N,,K,N*2C
09-06 15:04:36.396  1863  3367 E qxsdk   : cb_status_response status:3002 
09-06 15:04:36.396  1863  3367 E qxsdk   : posflag:8 
09-06 15:04:36.396  1863  3368 E qxsdk   : nmea:$GPRMC,070437.00,A,2233.474487,N,11353.483196,E,0.0,134.8,060919,,,A*58
09-06 15:04:36.396  1863  3368 E qxsdk   : nmea:$ACCUR,1,12,0,20190906,070437.00,,,,,,,,,,*44
09-06 15:04:36.396  1863  3368 E qxsdk   : nmea:$GPGGA,070437.00,2233.474487,N,11353.483196,E,1,07,0.0,23.002,M,0.000,M,,*67
09-06 15:04:37.345  1863  3368 E qxsdk   : nmea:$GPGLL,,,,,,V,N*64
09-06 15:04:37.345  1863  3368 E qxsdk   : nmea:$GPGSA,A,1,,,,,,,,,,,,,,,*1E
09-06 15:04:37.345  1863  3368 E qxsdk   : nmea:$GPGSV,2,1,8,2,,,40,5,,,41,6,,,24,13,,,40*72
09-06 15:04:37.345  1863  3368 E qxsdk   : nmea:$GPGSV,2,2,8,15,,,41,21,,,,29,,,42,30,,,39*47
09-06 15:04:37.345  1863  3368 E qxsdk   : nmea:$BDGSV,4,1,16,201,,,,202,,,,203,,,,204,,,*6E
09-06 15:04:37.345  1863  3368 E qxsdk   : nmea:$BDGSV,4,2,16,205,,,,206,,,,207,,,,208,,,*65
09-06 15:04:37.345  1863  3368 E qxsdk   : nmea:$BDGSV,4,3,16,209,,,,210,,,,213,,,,216,,,*65
09-06 15:04:37.345  1863  3368 E qxsdk   : nmea:$BDGSV,4,4,16,219,,,,220,,,,229,,,,230,,,*6D
09-06 15:04:37.345  1863  3368 E qxsdk   : nmea:$GPVTG,,T,,M,,N,,K,N*2C
09-06 15:04:37.400  1863  3368 E qxsdk   : nmea:$GPRMC,070438.00,A,2233.474480,N,11353.483207,E,0.0,0.0,060919,,,A*55
09-06 15:04:37.400  1863  3368 E qxsdk   : nmea:$ACCUR,1,12,0,20190906,070438.00,,,,,,,,,,*4B
09-06 15:04:37.400  1863  3368 E qxsdk   : nmea:$GPGGA,070438.00,2233.474480,N,11353.483207,E,1,07,0.0,23.006,M,0.000,M,,*60
09-06 15:04:37.400  1863  3367 E qxsdk   : cb_status_response status:3002 
09-06 15:04:37.400  1863  3367 E qxsdk   : posflag:8 
09-06 15:04:38.344  1863  3368 E qxsdk   : nmea:$GPGLL,,,,,,V,N*64
09-06 15:04:38.344  1863  3368 E qxsdk   : nmea:$GPGSA,A,1,,,,,,,,,,,,,,,*1E
09-06 15:04:38.344  1863  3368 E qxsdk   : nmea:$GPGSV,2,1,8,2,,,42,5,,,44,6,,,24,13,,,42*77
09-06 15:04:38.344  1863  3368 E qxsdk   : nmea:$GPGSV,2,2,8,15,,,42,21,,,,29,,,44,30,,,42*4E
09-06 15:04:38.344  1863  3368 E qxsdk   : nmea:$BDGSV,4,1,16,201,,,,202,,,,203,,,,204,,,*6E
09-06 15:04:38.344  1863  3368 E qxsdk   : nmea:$BDGSV,4,2,16,205,,,,206,,,,207,,,,208,,,*65
09-06 15:04:38.344  1863  3368 E qxsdk   : nmea:$BDGSV,4,3,16,209,,,,210,,,,213,,,,216,,,*65
09-06 15:04:38.344  1863  3368 E qxsdk   : nmea:$BDGSV,4,4,16,219,,,,220,,,,229,,,,230,,,*6D
09-06 15:04:38.345  1863  3368 E qxsdk   : nmea:$GPVTG,,T,,M,,N,,K,N*2C
09-06 15:04:38.396  1863  3367 E qxsdk   : cb_status_response status:3002 
09-06 15:04:38.396  1863  3367 E qxsdk   : posflag:8 
09-06 15:04:38.396  1863  3368 E qxsdk   : nmea:$GPRMC,070439.00,A,2233.474464,N,11353.483212,E,0.0,49.1,060919,,,A*66
09-06 15:04:38.396  1863  3368 E qxsdk   : nmea:$ACCUR,1,12,0,20190906,070439.00,,,,,,,,,,*4A
09-06 15:04:38.396  1863  3368 E qxsdk   : nmea:$GPGGA,070439.00,2233.474464,N,11353.483212,E,1,07,0.0,22.998,M,0.000,M,,*60
09-06 15:04:39.344  1863  3368 E qxsdk   : nmea:$GPGLL,,,,,,V,N*64
09-06 15:04:39.344  1863  3368 E qxsdk   : nmea:$GPGSA,A,1,,,,,,,,,,,,,,,*1E
09-06 15:04:39.344  1863  3368 E qxsdk   : nmea:$GPGSV,2,1,8,2,,,43,5,,,44,6,,,24,13,,,43*77
09-06 15:04:39.344  1863  3368 E qxsdk   : nmea:$GPGSV,2,2,8,15,,,43,21,,,,29,,,45,30,,,42*4E
09-06 15:04:39.344  1863  3368 E qxsdk   : nmea:$BDGSV,4,1,16,201,,,,202,,,,203,,,,204,,,*6E
09-06 15:04:39.344  1863  3368 E qxsdk   : nmea:$BDGSV,4,2,16,205,,,,206,,,,207,,,,208,,,*65
09-06 15:04:39.344  1863  3368 E qxsdk   : nmea:$BDGSV,4,3,16,209,,,,210,,,,213,,,,216,,,*65
09-06 15:04:39.344  1863  3368 E qxsdk   : nmea:$BDGSV,4,4,16,219,,,,220,,,,229,,,,230,,,*6D
09-06 15:04:39.344  1863  3368 E qxsdk   : nmea:$GPVTG,,T,,M,,N,,K,N*2C
09-06 15:04:39.397  1863  3367 E qxsdk   : cb_status_response status:3002 
09-06 15:04:39.397  1863  3367 E qxsdk   : posflag:8 
09-06 15:04:39.398  1863  3368 E qxsdk   : nmea:$GPRMC,070440.00,A,2233.474455,N,11353.483207,E,0.0,49.1,060919,,,A*6E
09-06 15:04:39.398  1863  3368 E qxsdk   : nmea:$ACCUR,1,12,0,20190906,070440.00,,,,,,,,,,*44
09-06 15:04:39.398  1863  3368 E qxsdk   : nmea:$GPGGA,070440.00,2233.474455,N,11353.483207,E,1,07,0.0,22.986,M,0.000,M,,*67
09-06 15:04:40.345  1863  3368 E qxsdk   : nmea:$GPGLL,,,,,,V,N*64
09-06 15:04:40.345  1863  3368 E qxsdk   : nmea:$GPGSA,A,1,,,,,,,,,,,,,,,*1E
09-06 15:04:40.345  1863  3368 E qxsdk   : nmea:$GPGSV,2,1,8,2,,,41,5,,,42,6,,,22,13,,,42*74
09-06 15:04:40.345  1863  3368 E qxsdk   : nmea:$GPGSV,2,2,8,15,,,42,21,,,,29,,,44,30,,,41*4D
09-06 15:04:40.345  1863  3368 E qxsdk   : nmea:$BDGSV,4,1,16,201,,,,202,,,,203,,,,204,,,*6E
09-06 15:04:40.345  1863  3368 E qxsdk   : nmea:$BDGSV,4,2,16,205,,,,206,,,,207,,,,208,,,*65
09-06 15:04:40.345  1863  3368 E qxsdk   : nmea:$BDGSV,4,3,16,209,,,,210,,,,213,,,,216,,,*65
09-06 15:04:40.345  1863  3368 E qxsdk   : nmea:$BDGSV,4,4,16,219,,,,220,,,,229,,,,230,,,*6D
09-06 15:04:40.345  1863  3368 E qxsdk   : nmea:$GPVTG,,T,,M,,N,,K,N*2C
09-06 15:04:40.394  1863  3367 E qxsdk   : cb_status_response status:3002 
09-06 15:04:40.394  1863  3367 E qxsdk   : posflag:8 
09-06 15:04:40.394  1863  3368 E qxsdk   : nmea:$GPRMC,070441.00,A,2233.474421,N,11353.483201,E,0.1,182.1,060919,,,A*5D
09-06 15:04:40.394  1863  3368 E qxsdk   : nmea:$ACCUR,1,12,0,20190906,070441.00,,,,,,,,,,*45
09-06 15:04:40.394  1863  3368 E qxsdk   : nmea:$GPGGA,070441.00,2233.474421,N,11353.483201,E,1,07,0.0,22.931,M,0.000,M,,*6F
09-06 15:04:41.341  1863  3368 E qxsdk   : nmea:$GPGLL,,,,,,V,N*64
09-06 15:04:41.341  1863  3368 E qxsdk   : nmea:$GPGSA,A,1,,,,,,,,,,,,,,,*1E
09-06 15:04:41.341  1863  3368 E qxsdk   : nmea:$GPGSV,2,1,8,2,,,42,5,,,42,6,,,,13,,,42*77
09-06 15:04:41.341  1863  3368 E qxsdk   : nmea:$GPGSV,2,2,8,15,,,42,21,,,,29,,,43,30,,,40*4B
09-06 15:04:41.341  1863  3368 E qxsdk   : nmea:$BDGSV,4,1,16,201,,,,202,,,,203,,,,204,,,*6E
09-06 15:04:41.341  1863  3368 E qxsdk   : nmea:$BDGSV,4,2,16,205,,,,206,,,,207,,,,208,,,*65
09-06 15:04:41.341  1863  3368 E qxsdk   : nmea:$BDGSV,4,3,16,209,,,,210,,,,213,,,,216,,,*65
09-06 15:04:41.341  1863  3368 E qxsdk   : nmea:$BDGSV,4,4,16,219,,,,220,,,,229,,,,230,,,*6D
09-06 15:04:41.341  1863  3368 E qxsdk   : nmea:$GPVTG,,T,,M,,N,,K,N*2C
09-06 15:04:41.396  1863  3368 E qxsdk   : nmea:$GPRMC,070442.00,A,2233.474380,N,11353.483187,E,0.0,192.7,060919,,,A*59
09-06 15:04:41.396  1863  3368 E qxsdk   : nmea:$ACCUR,1,12,0,20190906,070442.00,,,,,,,,,,*46
09-06 15:04:41.396  1863  3368 E qxsdk   : nmea:$GPGGA,070442.00,2233.474380,N,11353.483187,E,1,07,0.0,22.877,M,0.000,M,,*6E
09-06 15:04:41.396  1863  3367 E qxsdk   : cb_status_response status:3002 
09-06 15:04:41.396  1863  3367 E qxsdk   : posflag:8 
09-06 15:04:42.341  1863  3368 E qxsdk   : nmea:$GPGLL,,,,,,V,N*64
09-06 15:04:42.341  1863  3368 E qxsdk   : nmea:$GPGSA,A,1,,,,,,,,,,,,,,,*1E
09-06 15:04:42.341  1863  3368 E qxsdk   : nmea:$GPGSV,2,1,8,2,,,42,5,,,43,6,,,,13,,,42*76
09-06 15:04:42.341  1863  3368 E qxsdk   : nmea:$GPGSV,2,2,8,15,,,42,21,,,,29,,,44,30,,,41*4D
09-06 15:04:42.341  1863  3368 E qxsdk   : nmea:$BDGSV,4,1,16,201,,,,202,,,,203,,,,204,,,*6E
09-06 15:04:42.341  1863  3368 E qxsdk   : nmea:$BDGSV,4,2,16,205,,,,206,,,,207,,,,208,,,*65
09-06 15:04:42.341  1863  3368 E qxsdk   : nmea:$BDGSV,4,3,16,209,,,,210,,,,213,,,,216,,,*65
09-06 15:04:42.341  1863  3368 E qxsdk   : nmea:$BDGSV,4,4,16,219,,,,220,,,,229,,,,230,,,*6D
09-06 15:04:42.341  1863  3368 E qxsdk   : nmea:$GPVTG,,T,,M,,N,,K,N*2C
09-06 15:04:42.395  1863  3367 E qxsdk   : cb_status_response status:3002 
09-06 15:04:42.395  1863  3367 E qxsdk   : posflag:8 
09-06 15:04:42.396  1863  3368 E qxsdk   : nmea:$GPRMC,070443.00,A,2233.474347,N,11353.483177,E,0.0,180.0,060919,,,A*58
09-06 15:04:42.396  1863  3368 E qxsdk   : nmea:$ACCUR,1,12,0,20190906,070443.00,,,,,,,,,,*47
09-06 15:04:42.396  1863  3368 E qxsdk   : nmea:$GPGGA,070443.00,2233.474347,N,11353.483177,E,1,07,0.0,22.843,M,0.000,M,,*6C
09-06 15:04:43.341  1863  3368 E qxsdk   : nmea:$GPGLL,,,,,,V,N*64
09-06 15:04:43.341  1863  3368 E qxsdk   : nmea:$GPGSA,A,1,,,,,,,,,,,,,,,*1E
09-06 15:04:43.341  1863  3368 E qxsdk   : nmea:$GPGSV,2,1,8,2,,,40,5,,,42,6,,,,13,,,40*77
09-06 15:04:43.341  1863  3368 E qxsdk   : nmea:$GPGSV,2,2,8,15,,,41,21,,,,29,,,42,30,,,39*47
09-06 15:04:43.341  1863  3368 E qxsdk   : nmea:$BDGSV,4,1,16,201,,,,202,,,,203,,,,204,,,*6E
09-06 15:04:43.342  1863  3368 E qxsdk   : nmea:$BDGSV,4,2,16,205,,,,206,,,,207,,,,208,,,*65
09-06 15:04:43.342  1863  3368 E qxsdk   : nmea:$BDGSV,4,3,16,209,,,,210,,,,213,,,,216,,,*65
09-06 15:04:43.342  1863  3368 E qxsdk   : nmea:$BDGSV,4,4,16,219,,,,220,,,,229,,,,230,,,*6D
09-06 15:04:43.342  1863  3368 E qxsdk   : nmea:$GPVTG,,T,,M,,N,,K,N*2C
09-06 15:04:43.395  1863  3368 E qxsdk   : nmea:$GPRMC,070444.00,A,2233.474311,N,11353.483163,E,0.1,182.1,060919,,,A*5B
09-06 15:04:43.395  1863  3368 E qxsdk   : nmea:$ACCUR,1,12,0,20190906,070444.00,,,,,,,,,,*40
09-06 15:04:43.395  1863  3368 E qxsdk   : nmea:$GPGGA,070444.00,2233.474311,N,11353.483163,E,1,07,0.0,22.792,M,0.000,M,,*6E
09-06 15:04:43.395  1863  3367 E qxsdk   : cb_status_response status:3002 
09-06 15:04:43.395  1863  3367 E qxsdk   : posflag:8 
09-06 15:04:44.341  1863  3368 E qxsdk   : nmea:$GPGLL,,,,,,V,N*64
09-06 15:04:44.341  1863  3368 E qxsdk   : nmea:$GPGSA,A,1,,,,,,,,,,,,,,,*1E
09-06 15:04:44.341  1863  3368 E qxsdk   : nmea:$GPGSV,2,1,8,2,,,41,5,,,42,6,,,,13,,,40*76
09-06 15:04:44.341  1863  3368 E qxsdk   : nmea:$GPGSV,2,2,8,15,,,41,21,,,,29,,,42,30,,,39*47
09-06 15:04:44.341  1863  3368 E qxsdk   : nmea:$BDGSV,4,1,16,201,,,,202,,,,203,,,,204,,,*6E
09-06 15:04:44.341  1863  3368 E qxsdk   : nmea:$BDGSV,4,2,16,205,,,,206,,,,207,,,,208,,,*65
09-06 15:04:44.341  1863  3368 E qxsdk   : nmea:$BDGSV,4,3,16,209,,,,210,,,,213,,,,216,,,*65
09-06 15:04:44.341  1863  3368 E qxsdk   : nmea:$BDGSV,4,4,16,219,,,,220,,,,229,,,,230,,,*6D
09-06 15:04:44.341  1863  3368 E qxsdk   : nmea:$GPVTG,,T,,M,,N,,K,N*2C
09-06 15:04:44.396  1863  3367 E qxsdk   : cb_status_response status:3002 
09-06 15:04:44.396  1863  3367 E qxsdk   : posflag:8 
09-06 15:04:44.397  1863  3368 E qxsdk   : nmea:$GPRMC,070445.00,A,2233.474269,N,11353.483141,E,0.0,203.6,060919,,,A*58
09-06 15:04:44.397  1863  3368 E qxsdk   : nmea:$ACCUR,1,12,0,20190906,070445.00,,,,,,,,,,*41
09-06 15:04:44.397  1863  3368 E qxsdk   : nmea:$GPGGA,070445.00,2233.474269,N,11353.483141,E,1,07,0.0,22.694,M,0.000,M,,*66
09-06 15:04:45.341  1863  3368 E qxsdk   : nmea:$GPGLL,,,,,,V,N*64
09-06 15:04:45.341  1863  3368 E qxsdk   : nmea:$GPGSA,A,1,,,,,,,,,,,,,,,*1E
09-06 15:04:45.341  1863  3368 E qxsdk   : nmea:$GPGSV,2,1,8,2,,,42,5,,,43,6,,,,13,,,42*76
09-06 15:04:45.341  1863  3368 E qxsdk   : nmea:$GPGSV,2,2,8,15,,,42,21,,,,29,,,44,30,,,41*4D
09-06 15:04:45.341  1863  3368 E qxsdk   : nmea:$BDGSV,4,1,16,201,,,,202,,,,203,,,,204,,,*6E
09-06 15:04:45.341  1863  3368 E qxsdk   : nmea:$BDGSV,4,2,16,205,,,,206,,,,207,,,,208,,,*65
09-06 15:04:45.341  1863  3368 E qxsdk   : nmea:$BDGSV,4,3,16,209,,,,210,,,,213,,,,216,,,*65
09-06 15:04:45.341  1863  3368 E qxsdk   : nmea:$BDGSV,4,4,16,219,,,,220,,,,229,,,,230,,,*6D
09-06 15:04:45.341  1863  3368 E qxsdk   : nmea:$GPVTG,,T,,M,,N,,K,N*2C
09-06 15:04:45.396  1863  3368 E qxsdk   : nmea:$GPRMC,070446.00,A,2233.474215,N,11353.483129,E,0.1,182.1,060919,,,A*52
09-06 15:04:45.396  1863  3368 E qxsdk   : nmea:$ACCUR,1,12,0,20190906,070446.00,,,,,,,,,,*42
09-06 15:04:45.396  1863  3368 E qxsdk   : nmea:$GPGGA,070446.00,2233.474215,N,11353.483129,E,1,07,0.0,22.595,M,0.000,M,,*62
09-06 15:04:45.396  1863  3367 E qxsdk   : cb_status_response status:3002 
09-06 15:04:45.396  1863  3367 E qxsdk   : posflag:8 
09-06 15:04:46.344  1863  3368 E qxsdk   : nmea:$GPGLL,,,,,,V,N*64
09-06 15:04:46.344  1863  3368 E qxsdk   : nmea:$GPGSA,A,1,,,,,,,,,,,,,,,*1E
09-06 15:04:46.344  1863  3368 E qxsdk   : nmea:$GPGSV,2,1,8,2,,,35,5,,,36,6,,,,13,,,34*75
09-06 15:04:46.344  1863  3368 E qxsdk   : nmea:$GPGSV,2,2,8,15,,,35,21,,,14,29,,,36,30,,,35*4E
09-06 15:04:46.344  1863  3368 E qxsdk   : nmea:$BDGSV,4,1,16,201,,,,202,,,,203,,,,204,,,*6E
09-06 15:04:46.344  1863  3368 E qxsdk   : nmea:$BDGSV,4,2,16,205,,,,206,,,,207,,,,208,,,*65
09-06 15:04:46.344  1863  3368 E qxsdk   : nmea:$BDGSV,4,3,16,209,,,,210,,,,213,,,,216,,,*65
09-06 15:04:46.344  1863  3368 E qxsdk   : nmea:$BDGSV,4,4,16,219,,,,220,,,,229,,,,230,,,*6D
09-06 15:04:46.344  1863  3368 E qxsdk   : nmea:$GPVTG,,T,,M,,N,,K,N*2C
09-06 15:04:46.395  1863  3367 E qxsdk   : cb_status_response status:3002 
09-06 15:04:46.395  1863  3367 E qxsdk   : posflag:8 
09-06 15:04:46.395  1863  3368 E qxsdk   : nmea:$GPRMC,070447.00,A,2233.474183,N,11353.483133,E,0.1,167.3,060919,,,A*5D
09-06 15:04:46.395  1863  3368 E qxsdk   : nmea:$ACCUR,1,12,0,20190906,070447.00,,,,,,,,,,*43
09-06 15:04:46.395  1863  3368 E qxsdk   : nmea:$GPGGA,070447.00,2233.474183,N,11353.483133,E,1,07,0.0,22.552,M,0.000,M,,*6F
09-06 15:04:47.346  1863  3368 E qxsdk   : nmea:$GPGLL,,,,,,V,N*64
09-06 15:04:47.346  1863  3368 E qxsdk   : nmea:$GPGSA,A,1,,,,,,,,,,,,,,,*1E
09-06 15:04:47.346  1863  3368 E qxsdk   : nmea:$GPGSV,2,1,8,2,,,35,5,,,36,6,,,,13,,,35*74
09-06 15:04:47.346  1863  3368 E qxsdk   : nmea:$GPGSV,2,2,8,15,,,35,21,,,11,29,,,37,30,,,35*4A
09-06 15:04:47.346  1863  3368 E qxsdk   : nmea:$BDGSV,4,1,16,201,,,,202,,,,203,,,,204,,,*6E
09-06 15:04:47.346  1863  3368 E qxsdk   : nmea:$BDGSV,4,2,16,205,,,,206,,,,207,,,,208,,,*65
09-06 15:04:47.346  1863  3368 E qxsdk   : nmea:$BDGSV,4,3,16,209,,,,210,,,,213,,,,216,,,*65
09-06 15:04:47.346  1863  3368 E qxsdk   : nmea:$BDGSV,4,4,16,219,,,,220,,,,229,,,,230,,,*6D
09-06 15:04:47.346  1863  3368 E qxsdk   : nmea:$GPVTG,,T,,M,,N,,K,N*2C
09-06 15:04:47.414  1863  3368 E qxsdk   : nmea:$GPRMC,070448.00,A,2233.474168,N,11353.483133,E,0.0,210.1,060919,,,A*57
09-06 15:04:47.414  1863  3368 E qxsdk   : nmea:$ACCUR,1,12,0,20190906,070448.00,,,,,,,,,,*4C
09-06 15:04:47.414  1863  3368 E qxsdk   : nmea:$GPGGA,070448.00,2233.474168,N,11353.483133,E,1,07,0.0,22.516,M,0.000,M,,*65
09-06 15:04:47.414  1863  3367 E qxsdk   : cb_status_response status:3002 
09-06 15:04:47.414  1863  3367 E qxsdk   : posflag:8 
09-06 15:04:48.341  1863  3368 E qxsdk   : nmea:$GPGLL,,,,,,V,N*64
09-06 15:04:48.341  1863  3368 E qxsdk   : nmea:$GPGSA,A,1,,,,,,,,,,,,,,,*1E
09-06 15:04:48.341  1863  3368 E qxsdk   : nmea:$GPGSV,2,1,8,2,,,35,5,,,36,6,,,,13,,,35*74
09-06 15:04:48.341  1863  3368 E qxsdk   : nmea:$GPGSV,2,2,8,15,,,35,21,,,,29,,,37,30,,,35*4A
09-06 15:04:48.341  1863  3368 E qxsdk   : nmea:$BDGSV,4,1,16,201,,,,202,,,,203,,,,204,,,*6E
09-06 15:04:48.341  1863  3368 E qxsdk   : nmea:$BDGSV,4,2,16,205,,,,206,,,,207,,,,208,,,*65
09-06 15:04:48.341  1863  3368 E qxsdk   : nmea:$BDGSV,4,3,16,209,,,,210,,,,213,,,,216,,,*65
09-06 15:04:48.341  1863  3368 E qxsdk   : nmea:$BDGSV,4,4,16,219,,,,220,,,,229,,,,230,,,*6D
09-06 15:04:48.341  1863  3368 E qxsdk   : nmea:$GPVTG,,T,,M,,N,,K,N*2C
09-06 15:04:48.398  1863  3367 E qxsdk   : cb_status_response status:3002 
09-06 15:04:48.398  1863  3367 E qxsdk   : posflag:8 
09-06 15:04:48.398  1863  3368 E qxsdk   : nmea:$GPRMC,070449.00,A,2233.474177,N,11353.483125,E,0.1,339.6,060919,,,A*53
09-06 15:04:48.398  1863  3368 E qxsdk   : nmea:$ACCUR,1,12,0,20190906,070449.00,,,,,,,,,,*4D
09-06 15:04:48.398  1863  3368 E qxsdk   : nmea:$GPGGA,070449.00,2233.474177,N,11353.483125,E,1,07,0.0,22.528,M,0.000,M,,*60
09-06 15:04:49.341  1863  3368 E qxsdk   : nmea:$GPGLL,,,,,,V,N*64
09-06 15:04:49.341  1863  3368 E qxsdk   : nmea:$GPGSA,A,1,,,,,,,,,,,,,,,*1E
09-06 15:04:49.341  1863  3368 E qxsdk   : nmea:$GPGSV,2,1,8,2,,,36,5,,,36,6,,,,13,,,36*74
09-06 15:04:49.341  1863  3368 E qxsdk   : nmea:$GPGSV,2,2,8,15,,,35,21,,,,29,,,38,30,,,35*45
09-06 15:04:49.341  1863  3368 E qxsdk   : nmea:$BDGSV,4,1,16,201,,,,202,,,,203,,,,204,,,*6E
09-06 15:04:49.341  1863  3368 E qxsdk   : nmea:$BDGSV,4,2,16,205,,,,206,,,,207,,,,208,,,*65
09-06 15:04:49.341  1863  3368 E qxsdk   : nmea:$BDGSV,4,3,16,209,,,,210,,,,213,,,,216,,,*65
09-06 15:04:49.341  1863  3368 E qxsdk   : nmea:$BDGSV,4,4,16,219,,,,220,,,,229,,,,230,,,*6D
09-06 15:04:49.341  1863  3368 E qxsdk   : nmea:$GPVTG,,T,,M,,N,,K,N*2C
09-06 15:04:49.396  1863  3368 E qxsdk   : nmea:$GPRMC,070450.00,A,2233.474177,N,11353.483126,E,0.0,3.1,060919,,,A*54
09-06 15:04:49.396  1863  3368 E qxsdk   : nmea:$ACCUR,1,12,0,20190906,070450.00,,,,,,,,,,*45
09-06 15:04:49.397  1863  3368 E qxsdk   : nmea:$GPGGA,070450.00,2233.474177,N,11353.483126,E,1,07,0.0,22.553,M,0.000,M,,*67
09-06 15:04:49.397  1863  3367 E qxsdk   : cb_status_response status:3002 
09-06 15:04:49.397  1863  3367 E qxsdk   : posflag:8 
09-06 15:04:50.341  1863  3368 E qxsdk   : nmea:$GPGLL,,,,,,V,N*64
09-06 15:04:50.341  1863  3368 E qxsdk   : nmea:$GPGSA,A,1,,,,,,,,,,,,,,,*1E
09-06 15:04:50.341  1863  3368 E qxsdk   : nmea:$GPGSV,2,1,8,2,,,36,5,,,37,6,,,,13,,,36*75
09-06 15:04:50.341  1863  3368 E qxsdk   : nmea:$GPGSV,2,2,8,15,,,36,21,,,,29,,,38,30,,,36*45
09-06 15:04:50.341  1863  3368 E qxsdk   : nmea:$BDGSV,4,1,16,201,,,,202,,,,203,,,,204,,,*6E
09-06 15:04:50.341  1863  3368 E qxsdk   : nmea:$BDGSV,4,2,16,205,,,,206,,,,207,,,,208,,,*65
09-06 15:04:50.341  1863  3368 E qxsdk   : nmea:$BDGSV,4,3,16,209,,,,210,,,,213,,,,216,,,*65
09-06 15:04:50.341  1863  3368 E qxsdk   : nmea:$BDGSV,4,4,16,219,,,,220,,,,229,,,,230,,,*6D
09-06 15:04:50.341  1863  3368 E qxsdk   : nmea:$GPVTG,,T,,M,,N,,K,N*2C
09-06 15:04:50.396  1863  3367 E qxsdk   : cb_status_response status:3002 
09-06 15:04:50.396  1863  3367 E qxsdk   : posflag:8 
09-06 15:04:50.396  1863  3368 E qxsdk   : nmea:$GPRMC,070451.00,A,2233.474158,N,11353.483120,E,0.1,214.0,060919,,,A*5A
09-06 15:04:50.396  1863  3368 E qxsdk   : nmea:$ACCUR,1,12,0,20190906,070451.00,,,,,,,,,,*44
09-06 15:04:50.396  1863  3368 E qxsdk   : nmea:$GPGGA,070451.00,2233.474158,N,11353.483120,E,1,07,0.0,22.509,M,0.000,M,,*62
09-06 15:04:51.344  1863  3368 E qxsdk   : nmea:$GPGLL,,,,,,V,N*64
09-06 15:04:51.344  1863  3368 E qxsdk   : nmea:$GPGSA,A,1,,,,,,,,,,,,,,,*1E
09-06 15:04:51.344  1863  3368 E qxsdk   : nmea:$GPGSV,2,1,8,2,,,36,5,,,37,6,,,,13,,,36*75
09-06 15:04:51.344  1863  3368 E qxsdk   : nmea:$GPGSV,2,2,8,15,,,36,21,,,,29,,,38,30,,,36*45
09-06 15:04:51.344  1863  3368 E qxsdk   : nmea:$BDGSV,4,1,16,201,,,,202,,,,203,,,,204,,,*6E
09-06 15:04:51.344  1863  3368 E qxsdk   : nmea:$BDGSV,4,2,16,205,,,28,206,,,,207,,,,208,,,*6F
09-06 15:04:51.344  1863  3368 E qxsdk   : nmea:$BDGSV,4,3,16,209,,,,210,,,,213,,,,216,,,*65
09-06 15:04:51.344  1863  3368 E qxsdk   : nmea:$BDGSV,4,4,16,219,,,,220,,,,229,,,,230,,,*6D
09-06 15:04:51.345  1863  3368 E qxsdk   : nmea:$GPVTG,,T,,M,,N,,K,N*2C
09-06 15:04:51.396  1863  3367 E qxsdk   : cb_status_response status:3002 
09-06 15:04:51.396  1863  3367 E qxsdk   : posflag:8 
09-06 15:04:51.397  1863  3368 E qxsdk   : nmea:$GPRMC,070452.00,A,2233.474122,N,11353.483125,E,0.1,176.0,060919,,,A*56
09-06 15:04:51.397  1863  3368 E qxsdk   : nmea:$ACCUR,1,12,0,20190906,070452.00,,,,,,,,,,*47
09-06 15:04:51.397  1863  3368 E qxsdk   : nmea:$GPGGA,070452.00,2233.474122,N,11353.483125,E,1,07,0.0,22.486,M,0.000,M,,*6F
09-06 15:04:52.341  1863  3368 E qxsdk   : nmea:$GPGLL,,,,,,V,N*64
09-06 15:04:52.341  1863  3368 E qxsdk   : nmea:$GPGSA,A,1,,,,,,,,,,,,,,,*1E
09-06 15:04:52.341  1863  3368 E qxsdk   : nmea:$GPGSV,2,1,8,2,,,36,5,,,37,6,,,,13,,,36*75
09-06 15:04:52.341  1863  3368 E qxsdk   : nmea:$GPGSV,2,2,8,15,,,35,21,,,,29,,,38,30,,,36*46
09-06 15:04:52.341  1863  3368 E qxsdk   : nmea:$BDGSV,4,1,16,201,,,,202,,,,203,,,,204,,,*6E
09-06 15:04:52.341  1863  3368 E qxsdk   : nmea:$BDGSV,4,2,16,205,,,,206,,,,207,,,,208,,,*65
09-06 15:04:52.341  1863  3368 E qxsdk   : nmea:$BDGSV,4,3,16,209,,,,210,,,,213,,,,216,,,*65
09-06 15:04:52.341  1863  3368 E qxsdk   : nmea:$BDGSV,4,4,16,219,,,,220,,,,229,,,,230,,,*6D
09-06 15:04:52.341  1863  3368 E qxsdk   : nmea:$GPVTG,,T,,M,,N,,K,N*2C
09-06 15:04:52.395  1863  3367 E qxsdk   : cb_status_response status:3002 
09-06 15:04:52.395  1863  3367 E qxsdk   : posflag:8 
09-06 15:04:52.395  1863  3368 E qxsdk   : nmea:$GPRMC,070453.00,A,2233.474099,N,11353.483128,E,0.0,144.7,060919,,,A*5C
09-06 15:04:52.395  1863  3368 E qxsdk   : nmea:$ACCUR,1,12,0,20190906,070453.00,,,,,,,,,,*46
09-06 15:04:52.395  1863  3368 E qxsdk   : nmea:$GPGGA,070453.00,2233.474099,N,11353.483128,E,1,07,0.0,22.458,M,0.000,M,,*61
09-06 15:04:53.341  1863  3368 E qxsdk   : nmea:$GPGLL,,,,,,V,N*64
09-06 15:04:53.341  1863  3368 E qxsdk   : nmea:$GPGSA,A,1,,,,,,,,,,,,,,,*1E
09-06 15:04:53.341  1863  3368 E qxsdk   : nmea:$GPGSV,2,1,8,2,,,36,5,,,38,6,,,,13,,,36*7A
09-06 15:04:53.341  1863  3368 E qxsdk   : nmea:$GPGSV,2,2,8,15,,,35,21,,,,29,,,38,30,,,36*46
09-06 15:04:53.341  1863  3368 E qxsdk   : nmea:$BDGSV,4,1,16,201,,,,202,,,,203,,,,204,,,*6E
09-06 15:04:53.341  1863  3368 E qxsdk   : nmea:$BDGSV,4,2,16,205,,,,206,,,,207,,,,208,,,*65
09-06 15:04:53.341  1863  3368 E qxsdk   : nmea:$BDGSV,4,3,16,209,,,,210,,,,213,,,,216,,,*65
09-06 15:04:53.341  1863  3368 E qxsdk   : nmea:$BDGSV,4,4,16,219,,,,220,,,,229,,,,230,,,*6D
09-06 15:04:53.341  1863  3368 E qxsdk   : nmea:$GPVTG,,T,,M,,N,,K,N*2C
09-06 15:04:53.396  1863  3368 E qxsdk   : nmea:$GPRMC,070454.00,A,2233.474084,N,11353.483129,E,0.0,208.4,060919,,,A*5E
09-06 15:04:53.396  1863  3368 E qxsdk   : nmea:$ACCUR,1,12,0,20190906,070454.00,,,,,,,,,,*41
09-06 15:04:53.396  1863  3368 E qxsdk   : nmea:$GPGGA,070454.00,2233.474084,N,11353.483129,E,1,07,0.0,22.496,M,0.000,M,,*69
09-06 15:04:53.396  1863  3367 E qxsdk   : cb_status_response status:3002 
09-06 15:04:53.396  1863  3367 E qxsdk   : posflag:8 
09-06 15:04:54.341  1863  3368 E qxsdk   : nmea:$GPGLL,,,,,,V,N*64
09-06 15:04:54.341  1863  3368 E qxsdk   : nmea:$GPGSA,A,1,,,,,,,,,,,,,,,*1E
09-06 15:04:54.341  1863  3368 E qxsdk   : nmea:$GPGSV,2,1,8,2,,,37,5,,,38,6,,,,13,,,36*7B
09-06 15:04:54.341  1863  3368 E qxsdk   : nmea:$GPGSV,2,2,8,15,,,36,21,,,,29,,,38,30,,,36*45
09-06 15:04:54.341  1863  3368 E qxsdk   : nmea:$BDGSV,4,1,16,201,,,,202,,,,203,,,,204,,,*6E
09-06 15:04:54.341  1863  3368 E qxsdk   : nmea:$BDGSV,4,2,16,205,,,,206,,,,207,,,,208,,,*65
09-06 15:04:54.341  1863  3368 E qxsdk   : nmea:$BDGSV,4,3,16,209,,,,210,,,,213,,,,216,,,*65
09-06 15:04:54.341  1863  3368 E qxsdk   : nmea:$BDGSV,4,4,16,219,,,,220,,,,229,,,,230,,,*6D
09-06 15:04:54.341  1863  3368 E qxsdk   : nmea:$GPVTG,,T,,M,,N,,K,N*2C
09-06 15:04:54.398  1863  3368 E qxsdk   : nmea:$GPRMC,070455.00,A,2233.474045,N,11353.483123,E,0.1,186.9,060919,,,A*51
09-06 15:04:54.398  1863  3368 E qxsdk   : nmea:$ACCUR,1,12,0,20190906,070455.00,,,,,,,,,,*40
09-06 15:04:54.398  1863  3368 E qxsdk   : nmea:$GPGGA,070455.00,2233.474045,N,11353.483123,E,1,07,0.0,22.437,M,0.000,M,,*64
09-06 15:04:54.398  1863  3367 E qxsdk   : cb_status_response status:3002 
09-06 15:04:54.398  1863  3367 E qxsdk   : posflag:8 
09-06 15:04:55.341  1863  3368 E qxsdk   : nmea:$GPGLL,,,,,,V,N*64
09-06 15:04:55.341  1863  3368 E qxsdk   : nmea:$GPGSA,A,1,,,,,,,,,,,,,,,*1E
09-06 15:04:55.341  1863  3368 E qxsdk   : nmea:$GPGSV,2,1,8,2,,,37,5,,,38,6,,,,13,,,36*7B
09-06 15:04:55.341  1863  3368 E qxsdk   : nmea:$GPGSV,2,2,8,15,,,36,21,,,,29,,,38,30,,,36*45
09-06 15:04:55.341  1863  3368 E qxsdk   : nmea:$BDGSV,4,1,16,201,,,,202,,,,203,,,,204,,,*6E
09-06 15:04:55.341  1863  3368 E qxsdk   : nmea:$BDGSV,4,2,16,205,,,,206,,,,207,,,,208,,,*65
09-06 15:04:55.341  1863  3368 E qxsdk   : nmea:$BDGSV,4,3,16,209,,,,210,,,,213,,,,216,,,*65
09-06 15:04:55.341  1863  3368 E qxsdk   : nmea:$BDGSV,4,4,16,219,,,,220,,,,229,,,,230,,,*6D
09-06 15:04:55.341  1863  3368 E qxsdk   : nmea:$GPVTG,,T,,M,,N,,K,N*2C
09-06 15:04:55.397  1863  3368 E qxsdk   : nmea:$GPRMC,070456.00,A,2233.474027,N,11353.483112,E,0.0,277.2,060919,,,A*53
09-06 15:04:55.397  1863  3368 E qxsdk   : nmea:$ACCUR,1,12,0,20190906,070456.00,,,,,,,,,,*43
09-06 15:04:55.397  1863  3368 E qxsdk   : nmea:$GPGGA,070456.00,2233.474027,N,11353.483112,E,1,07,0.0,22.414,M,0.000,M,,*60
09-06 15:04:55.397  1863  3367 E qxsdk   : cb_status_response status:3002 
09-06 15:04:55.397  1863  3367 E qxsdk   : posflag:8 
09-06 15:04:56.341  1863  3368 E qxsdk   : nmea:$GPGLL,,,,,,V,N*64
09-06 15:04:56.341  1863  3368 E qxsdk   : nmea:$GPGSA,A,1,,,,,,,,,,,,,,,*1E
09-06 15:04:56.341  1863  3368 E qxsdk   : nmea:$GPGSV,2,1,8,2,,,33,5,,,35,6,,,,13,,,33*77
09-06 15:04:56.341  1863  3368 E qxsdk   : nmea:$GPGSV,2,2,8,15,,,33,21,,,,29,,,35,30,,,34*4F
09-06 15:04:56.341  1863  3368 E qxsdk   : nmea:$BDGSV,4,1,16,201,,,,202,,,,203,,,,204,,,*6E
09-06 15:04:56.341  1863  3368 E qxsdk   : nmea:$BDGSV,4,2,16,205,,,,206,,,,207,,,,208,,,*65
09-06 15:04:56.341  1863  3368 E qxsdk   : nmea:$BDGSV,4,3,16,209,,,,210,,,,213,,,,216,,,*65
09-06 15:04:56.341  1863  3368 E qxsdk   : nmea:$BDGSV,4,4,16,219,,,,220,,,,229,,,,230,,,*6D
09-06 15:04:56.341  1863  3368 E qxsdk   : nmea:$GPVTG,,T,,M,,N,,K,N*2C
09-06 15:04:56.399  1863  3368 E qxsdk   : nmea:$GPRMC,070457.00,A,2233.474102,N,11353.483100,E,0.3,339.3,060919,,,A*5E
09-06 15:04:56.399  1863  3368 E qxsdk   : nmea:$ACCUR,1,12,0,20190906,070457.00,,,,,,,,,,*42
09-06 15:04:56.399  1863  3368 E qxsdk   : nmea:$GPGGA,070457.00,2233.474102,N,11353.483100,E,1,08,0.0,22.628,M,0.000,M,,*66
09-06 15:04:56.399  1863  3367 E qxsdk   : cb_status_response status:3002 
09-06 15:04:56.399  1863  3367 E qxsdk   : posflag:8 
09-06 15:04:57.355  1863  3368 E qxsdk   : nmea:$GPGLL,,,,,,V,N*64
09-06 15:04:57.355  1863  3368 E qxsdk   : nmea:$GPGSA,A,1,,,,,,,,,,,,,,,*1E
09-06 15:04:57.355  1863  3368 E qxsdk   : nmea:$GPGSV,2,1,8,2,,,46,5,,,47,6,,,,13,,,45*71
09-06 15:04:57.355  1863  3368 E qxsdk   : nmea:$GPGSV,2,2,8,15,,,44,21,,,,29,,,47,30,,,46*4F
09-06 15:04:57.355  1863  3368 E qxsdk   : nmea:$BDGSV,4,1,16,201,,,30,202,,,31,203,,,30,204,,,30*6F
09-06 15:04:57.355  1863  3368 E qxsdk   : nmea:$BDGSV,4,2,16,205,,,31,206,,,,207,,,,208,,,*67
09-06 15:04:57.355  1863  3368 E qxsdk   : nmea:$BDGSV,4,3,16,209,,,,210,,,,213,,,,216,,,*65
09-06 15:04:57.355  1863  3368 E qxsdk   : nmea:$BDGSV,4,4,16,219,,,,220,,,,229,,,,230,,,*6D
09-06 15:04:57.355  1863  3368 E qxsdk   : nmea:$GPVTG,,T,,M,,N,,K,N*2C
09-06 15:04:57.410  1863  3368 E qxsdk   : nmea:$GPRMC,070458.00,A,2233.474112,N,11353.483102,E,0.1,184.1,060919,,,A*56
09-06 15:04:57.410  1863  3368 E qxsdk   : nmea:$ACCUR,1,12,0,20190906,070458.00,,,,,,,,,,*4D
09-06 15:04:57.410  1863  3368 E qxsdk   : nmea:$GPGGA,070458.00,2233.474112,N,11353.483102,E,1,08,0.0,22.815,M,0.000,M,,*6A
09-06 15:04:57.410  1863  3367 E qxsdk   : cb_status_response status:3002 
09-06 15:04:57.410  1863  3367 E qxsdk   : posflag:8 
09-06 15:04:58.349  1863  3368 E qxsdk   : nmea:$GPGLL,,,,,,V,N*64
09-06 15:04:58.349  1863  3368 E qxsdk   : nmea:$GPGSA,A,1,,,,,,,,,,,,,,,*1E
09-06 15:04:58.349  1863  3368 E qxsdk   : nmea:$GPGSV,2,1,8,2,,,39,5,,,40,6,,,,13,,,39*75
09-06 15:04:58.349  1863  3368 E qxsdk   : nmea:$GPGSV,2,2,8,15,,,38,21,,,,29,,,41,30,,,39*4A
09-06 15:04:58.349  1863  3368 E qxsdk   : nmea:$BDGSV,4,1,16,201,,,,202,,,,203,,,,204,,,30*6D
09-06 15:04:58.349  1863  3368 E qxsdk   : nmea:$BDGSV,4,2,16,205,,,,206,,,,207,,,,208,,,*65
09-06 15:04:58.349  1863  3368 E qxsdk   : nmea:$BDGSV,4,3,16,209,,,,210,,,,213,,,,216,,,*65
09-06 15:04:58.349  1863  3368 E qxsdk   : nmea:$BDGSV,4,4,16,219,,,28,220,,,,229,,,,230,,,*67
09-06 15:04:58.349  1863  3368 E qxsdk   : nmea:$GPVTG,,T,,M,,N,,K,N*2C
09-06 15:04:58.402  1863  3367 E qxsdk   : cb_status_response status:3002 
09-06 15:04:58.402  1863  3367 E qxsdk   : posflag:8 
09-06 15:04:58.403  1863  3368 E qxsdk   : nmea:$GPRMC,070459.00,A,2233.474114,N,11353.483066,E,0.2,295.6,060919,,,A*55
09-06 15:04:58.403  1863  3368 E qxsdk   : nmea:$ACCUR,1,12,0,20190906,070459.00,,,,,,,,,,*4C
09-06 15:04:58.403  1863  3368 E qxsdk   : nmea:$GPGGA,070459.00,2233.474114,N,11353.483066,E,1,09,0.0,22.809,M,0.000,M,,*62
09-06 15:04:59.365  1863  3368 E qxsdk   : nmea:$GPGLL,,,,,,V,N*64
09-06 15:04:59.365  1863  3368 E qxsdk   : nmea:$GPGSA,A,1,,,,,,,,,,,,,,,*1E
09-06 15:04:59.365  1863  3368 E qxsdk   : nmea:$GPGSV,2,1,8,2,,,41,5,,,42,6,,,,13,,,41*77
09-06 15:04:59.365  1863  3368 E qxsdk   : nmea:$GPGSV,2,2,8,15,,,41,21,,,,29,,,43,30,,,41*49
